
> ai-money-mentor-v2@1.0.0 test:contract
> cd server && npm run test:contract


> ai-money-mentor@1.0.0@1.0.0 test:contract
> powershell -ExecutionPolicy Bypass -File ../scripts/run-specmatic-mode.ps1 none

Copied AI Money Mentor OpenAPI spec to work directory
Running Contract Tests with schemaResiliencyTests: none
Specmatic image: specmatic/specmatic:latest
Windows detected (OS=Windows_NT). Using host.docker.internal for Docker container access
APP_URL not set, using default: http://host.docker.internal:5000
Specmatic Version: v2.48.0

Loading config file ./specmatic.yaml
API Specification Summary: ./openapi.yaml
  OpenAPI Version: 3.0.0
  API Paths: 10, API Operations: 13
  Schema components: 3, Security Schemes: [http]


Loading externalised examples from ./examples: 
  3 examples(s) found in ./examples

Loading test file /usr/src/app/examples/test_ai_chat_200.json
Loading test file /usr/src/app/examples/test_get_transactions_200.json
Loading test file /usr/src/app/examples/test_get_user_profile_200.json

Endpoints API and SwaggerUI URL were not exposed by the application, so cannot calculate actual coverage

Using Specmatic Open Source license initialized from jar:file:/usr/local/share/specmatic/specmatic.jar!/default-oss-license.txt

--------------------
  Request to http://host.docker.internal:5000 at 2026-6-21 5:18:52.769
    POST /api/auth/register
    Specmatic-Response-Code: 201
    Host: host.docker.internal:5000
    Accept-Charset: UTF-8
    Accept: */*
    Content-Type: application/json
    
    {
        "name": "JCVRS",
        "email": "mecfd@nwpqe.com",
        "password": "YVMNWG"
    }

  Response at 2026-6-21 5:18:52.966
    201 Created
    X-Powered-By: Express
    Access-Control-Allow-Origin: *
    Content-Type: application/json; charset=utf-8
    Content-Length: 366
    ETag: W/"16e-YpYsCP8A/EI5WUf46FvC+vaZcMA"
    Date: Sun, 21 Jun 2026 05:18:52 GMT
    Connection: keep-alive
    Keep-Alive: timeout=5
    
    {
        "success": true,
        "token": "eyJhbGciOiJIUzI1NiIsInR5cCI6IkpXVCJ9.eyJ1c2VyIjp7ImlkIjoiNmEzNzc0M2M3MjM5YWQwODE1OGIzZjY4In0sImlhdCI6MTc4MjAxOTEzMiwiZXhwIjoxNzgyMDIyNzMyfQ.oovzXZEgUbkDPdqtBlbu4DsPi6_Z92_j-ItbNOcIW9s",
        "user": {
            "_id": "6a37743c7239ad08158b3f68",
            "name": "JCVRS",
            "email": "mecfd@nwpqe.com",
            "role": "viewer",
            "status": "active",
            "createdAt": "2026-06-21T05:18:52.826Z"
        }
    }

Scenario: POST /api/auth/register -> 201 with a request where REQUEST.BODY contains all the keys has SUCCEEDED


--------------------
  Request to http://host.docker.internal:5000 at 2026-6-21 5:18:53.21
    POST /api/auth/register
    Specmatic-Response-Code: 201
    Host: host.docker.internal:5000
    Accept-Charset: UTF-8
    Accept: */*
    Content-Type: application/json
    
    {
        "name": "OP",
        "email": "wtdmy@wqxvg.com",
        "password": "KCYANR"
    }

  Response at 2026-6-21 5:18:53.149
    201 Created
    X-Powered-By: Express
    Access-Control-Allow-Origin: *
    Content-Type: application/json; charset=utf-8
    Content-Length: 363
    ETag: W/"16b-sHZXmaMUc9DYn7OLfZKvZFOaB0k"
    Date: Sun, 21 Jun 2026 05:18:53 GMT
    Connection: keep-alive
    Keep-Alive: timeout=5
    
    {
        "success": true,
        "token": "eyJhbGciOiJIUzI1NiIsInR5cCI6IkpXVCJ9.eyJ1c2VyIjp7ImlkIjoiNmEzNzc0M2Q3MjM5YWQwODE1OGIzZjZiIn0sImlhdCI6MTc4MjAxOTEzMywiZXhwIjoxNzgyMDIyNzMzfQ.aJnp20HwxPZynE0jrFKc6Vb8_ShKONmx7o3e44ndAco",
        "user": {
            "_id": "6a37743d7239ad08158b3f6b",
            "name": "OP",
            "email": "wtdmy@wqxvg.com",
            "role": "viewer",
            "status": "active",
            "createdAt": "2026-06-21T05:18:53.037Z"
        }
    }

Scenario: POST /api/auth/register -> 201 with a request where REQUEST.BODY contains all the keys AND the key name is set to the shortest possible string AND password is set to the shortest possible string has SUCCEEDED


--------------------
  Request to http://host.docker.internal:5000 at 2026-6-21 5:18:53.156
    POST /api/auth/register
    Specmatic-Response-Code: 201
    Host: host.docker.internal:5000
    Accept-Charset: UTF-8
    Accept: */*
    Content-Type: application/json
    
    {
        "name": "MBEXQWIWMAMCWTMWIJWEVKHGSQSGVPPMTKUPNTDIWDUGODIBFEETRMBNBNJKGJCOJYJYOPEAOWRRECIFCJFSQWEANDDEDWJMTFEF",
        "email": "bpkoi@fpkte.com",
        "password": "VADIYK"
    }

  Response at 2026-6-21 5:18:53.276
    201 Created
    X-Powered-By: Express
    Access-Control-Allow-Origin: *
    Content-Type: application/json; charset=utf-8
    Content-Length: 461
    ETag: W/"1cd-LnwiDpcpKqb0XoEm0x1wEZKFicM"
    Date: Sun, 21 Jun 2026 05:18:53 GMT
    Connection: keep-alive
    Keep-Alive: timeout=5
    
    {
        "success": true,
        "token": "eyJhbGciOiJIUzI1NiIsInR5cCI6IkpXVCJ9.eyJ1c2VyIjp7ImlkIjoiNmEzNzc0M2Q3MjM5YWQwODE1OGIzZjZlIn0sImlhdCI6MTc4MjAxOTEzMywiZXhwIjoxNzgyMDIyNzMzfQ.Absx8ORe1gSJ0Q4GL0lPb3D2PYjIhn03ZkyoOtCWuf8",
        "user": {
            "_id": "6a37743d7239ad08158b3f6e",
            "name": "MBEXQWIWMAMCWTMWIJWEVKHGSQSGVPPMTKUPNTDIWDUGODIBFEETRMBNBNJKGJCOJYJYOPEAOWRRECIFCJFSQWEANDDEDWJMTFEF",
            "email": "bpkoi@fpkte.com",
            "role": "viewer",
            "status": "active",
            "createdAt": "2026-06-21T05:18:53.171Z"
        }
    }

Scenario: POST /api/auth/register -> 201 with a request where REQUEST.BODY contains all the keys AND the key name is set to the longest possible string has SUCCEEDED


--------------------
  Request to http://host.docker.internal:5000 at 2026-6-21 5:18:53.288
    POST /api/auth/register
    Specmatic-Response-Code: 201
    Host: host.docker.internal:5000
    Accept-Charset: UTF-8
    Accept: */*
    Content-Type: application/json
    
    {
        "name": "IKNVC",
        "email": "wjwkf@itbkw.com",
        "password": "RCUOEH"
    }

  Response at 2026-6-21 5:18:53.407
    201 Created
    X-Powered-By: Express
    Access-Control-Allow-Origin: *
    Content-Type: application/json; charset=utf-8
    Content-Length: 366
    ETag: W/"16e-NVf4XAT3LNwA8sG36EniD7EmSMU"
    Date: Sun, 21 Jun 2026 05:18:53 GMT
    Connection: keep-alive
    Keep-Alive: timeout=5
    
    {
        "success": true,
        "token": "eyJhbGciOiJIUzI1NiIsInR5cCI6IkpXVCJ9.eyJ1c2VyIjp7ImlkIjoiNmEzNzc0M2Q3MjM5YWQwODE1OGIzZjcxIn0sImlhdCI6MTc4MjAxOTEzMywiZXhwIjoxNzgyMDIyNzMzfQ.i_jhIrSmVxokDmbVwCUj-oC8ZoiAQQjs1l8I6g6Bmi8",
        "user": {
            "_id": "6a37743d7239ad08158b3f71",
            "name": "IKNVC",
            "email": "wjwkf@itbkw.com",
            "role": "viewer",
            "status": "active",
            "createdAt": "2026-06-21T05:18:53.302Z"
        }
    }

Scenario: POST /api/auth/register -> 201 with a request where REQUEST.BODY contains all the keys AND the key password is set to the shortest possible string has SUCCEEDED


--------------------
  Request to http://host.docker.internal:5000 at 2026-6-21 5:18:53.416
    POST /api/auth/register
    Specmatic-Response-Code: 201
    Host: host.docker.internal:5000
    Accept-Charset: UTF-8
    Accept: */*
    Content-Type: application/json
    
    {
        "name": "KK",
        "email": "dqrix@gqgkb.com",
        "password": "RPXPOY"
    }

  Response at 2026-6-21 5:18:53.539
    201 Created
    X-Powered-By: Express
    Access-Control-Allow-Origin: *
    Content-Type: application/json; charset=utf-8
    Content-Length: 363
    ETag: W/"16b-BkG/YZMJBvp5ux6/s7GZuETUfTc"
    Date: Sun, 21 Jun 2026 05:18:53 GMT
    Connection: keep-alive
    Keep-Alive: timeout=5
    
    {
        "success": true,
        "token": "eyJhbGciOiJIUzI1NiIsInR5cCI6IkpXVCJ9.eyJ1c2VyIjp7ImlkIjoiNmEzNzc0M2Q3MjM5YWQwODE1OGIzZjc0In0sImlhdCI6MTc4MjAxOTEzMywiZXhwIjoxNzgyMDIyNzMzfQ.f2HSfjHFvpZNFkvQ_79Cm1-AMalt3VGCN6hcwUD7o3g",
        "user": {
            "_id": "6a37743d7239ad08158b3f74",
            "name": "KK",
            "email": "dqrix@gqgkb.com",
            "role": "viewer",
            "status": "active",
            "createdAt": "2026-06-21T05:18:53.430Z"
        }
    }

Scenario: POST /api/auth/register -> 201 with a request where REQUEST.BODY contains all the keys AND the key name is set to the shortest possible string has SUCCEEDED


--------------------
  Request to http://host.docker.internal:5000 at 2026-6-21 5:18:53.547
    POST /api/auth/register
    Specmatic-Response-Code: 201
    Host: host.docker.internal:5000
    Accept-Charset: UTF-8
    Accept: */*
    Content-Type: application/json
    
    {
        "name": "KK",
        "email": "anfrq@ycbgq.com",
        "password": "DVVMLT"
    }

  Response at 2026-6-21 5:18:53.676
    201 Created
    X-Powered-By: Express
    Access-Control-Allow-Origin: *
    Content-Type: application/json; charset=utf-8
    Content-Length: 363
    ETag: W/"16b-sLwKJuPzScyV9zafpRhsath9Cis"
    Date: Sun, 21 Jun 2026 05:18:53 GMT
    Connection: keep-alive
    Keep-Alive: timeout=5
    
    {
        "success": true,
        "token": "eyJhbGciOiJIUzI1NiIsInR5cCI6IkpXVCJ9.eyJ1c2VyIjp7ImlkIjoiNmEzNzc0M2Q3MjM5YWQwODE1OGIzZjc3In0sImlhdCI6MTc4MjAxOTEzMywiZXhwIjoxNzgyMDIyNzMzfQ.Sm7pgQcSv0hiAqZx-XnZWpeWWzYLowUJ5xHzBaduy9Q",
        "user": {
            "_id": "6a37743d7239ad08158b3f77",
            "name": "KK",
            "email": "anfrq@ycbgq.com",
            "role": "viewer",
            "status": "active",
            "createdAt": "2026-06-21T05:18:53.561Z"
        }
    }

Scenario: POST /api/auth/register -> 201 with a request where REQUEST.BODY contains all the keys AND the key name is set to the shortest possible string AND password is set to the shortest possible string has SUCCEEDED


--------------------
  Request to http://host.docker.internal:5000 at 2026-6-21 5:18:53.686
    POST /api/auth/register
    Specmatic-Response-Code: 201
    Host: host.docker.internal:5000
    Accept-Charset: UTF-8
    Accept: */*
    Content-Type: application/json
    
    {
        "name": "FMLARSMLYNRQIOBTOLXVEJWBPRHAQHTAPHUUUMONMJGTGRFNJLLKACNPGFKUCHCBUNDICLNJSPTCFODKMSFCBXNPJNRKIPTSIFXI",
        "email": "fjoiw@ymgsf.com",
        "password": "RWLUHW"
    }

  Response at 2026-6-21 5:18:53.891
    201 Created
    X-Powered-By: Express
    Access-Control-Allow-Origin: *
    Content-Type: application/json; charset=utf-8
    Content-Length: 461
    ETag: W/"1cd-89AAnkoBW77fKnnyyxodPdFOii8"
    Date: Sun, 21 Jun 2026 05:18:53 GMT
    Connection: keep-alive
    Keep-Alive: timeout=5
    
    {
        "success": true,
        "token": "eyJhbGciOiJIUzI1NiIsInR5cCI6IkpXVCJ9.eyJ1c2VyIjp7ImlkIjoiNmEzNzc0M2Q3MjM5YWQwODE1OGIzZjdhIn0sImlhdCI6MTc4MjAxOTEzMywiZXhwIjoxNzgyMDIyNzMzfQ.rOaJe9cPKKRqDFUSLxZZiQcpWGlXltuiTL51o01DdT8",
        "user": {
            "_id": "6a37743d7239ad08158b3f7a",
            "name": "FMLARSMLYNRQIOBTOLXVEJWBPRHAQHTAPHUUUMONMJGTGRFNJLLKACNPGFKUCHCBUNDICLNJSPTCFODKMSFCBXNPJNRKIPTSIFXI",
            "email": "fjoiw@ymgsf.com",
            "role": "viewer",
            "status": "active",
            "createdAt": "2026-06-21T05:18:53.731Z"
        }
    }

Scenario: POST /api/auth/register -> 201 with a request where REQUEST.BODY contains all the keys AND the key name is set to the longest possible string has SUCCEEDED


--------------------
  Request to http://host.docker.internal:5000 at 2026-6-21 5:18:53.905
    POST /api/auth/register
    Specmatic-Response-Code: 201
    Host: host.docker.internal:5000
    Accept-Charset: UTF-8
    Accept: */*
    Content-Type: application/json
    
    {
        "name": "FMLARSMLYNRQIOBTOLXVEJWBPRHAQHTAPHUUUMONMJGTGRFNJLLKACNPGFKUCHCBUNDICLNJSPTCFODKMSFCBXNPJNRKIPTSIFXI",
        "email": "sqyaf@wvwqq.com",
        "password": "KJERHJ"
    }

  Response at 2026-6-21 5:18:54.126
    201 Created
    X-Powered-By: Express
    Access-Control-Allow-Origin: *
    Content-Type: application/json; charset=utf-8
    Content-Length: 461
    ETag: W/"1cd-l+DcOyt2dDW7nQpqelMvXxPGoQk"
    Date: Sun, 21 Jun 2026 05:18:54 GMT
    Connection: keep-alive
    Keep-Alive: timeout=5
    
    {
        "success": true,
        "token": "eyJhbGciOiJIUzI1NiIsInR5cCI6IkpXVCJ9.eyJ1c2VyIjp7ImlkIjoiNmEzNzc0M2Q3MjM5YWQwODE1OGIzZjdkIn0sImlhdCI6MTc4MjAxOTEzNCwiZXhwIjoxNzgyMDIyNzM0fQ.vBeNCMNNNf6QhA3eJX6qo8Ka8VC1tpxVzzprENVVHcI",
        "user": {
            "_id": "6a37743d7239ad08158b3f7d",
            "name": "FMLARSMLYNRQIOBTOLXVEJWBPRHAQHTAPHUUUMONMJGTGRFNJLLKACNPGFKUCHCBUNDICLNJSPTCFODKMSFCBXNPJNRKIPTSIFXI",
            "email": "sqyaf@wvwqq.com",
            "role": "viewer",
            "status": "active",
            "createdAt": "2026-06-21T05:18:53.934Z"
        }
    }

Scenario: POST /api/auth/register -> 201 with a request where REQUEST.BODY contains all the keys AND the key name is set to the longest possible string AND password is set to the shortest possible string has SUCCEEDED


--------------------
  Skipping Scenario: POST /api/auth/register -> 400 (requestContentType application/json, responseContentType application/json)
  - T00004: Generative Disabled
  Documentation: https://docs.specmatic.io/rules#t00004
  Summary: This operation was skipped because it requires schema resiliency to be enabled
  
  - T00002: Examples Required
  Documentation: https://docs.specmatic.io/rules#t00002
  Summary: This operation requires examples to run, but none were provided
  

--------------------
  Request to http://host.docker.internal:5000 at 2026-6-21 5:18:54.140
    POST /api/auth/login
    Specmatic-Response-Code: 200
    Host: host.docker.internal:5000
    Accept-Charset: UTF-8
    Accept: */*
    Content-Type: application/json
    
    {
        "email": "fhyak@ycbbv.com",
        "password": "CNAARL"
    }

  Response at 2026-6-21 5:18:54.157
    200 OK
    X-Powered-By: Express
    Access-Control-Allow-Origin: *
    Content-Type: application/json; charset=utf-8
    Content-Length: 366
    ETag: W/"16e-a1XRrkbmJf7N3vZJzKh7eOa3x1s"
    Date: Sun, 21 Jun 2026 05:18:54 GMT
    Connection: keep-alive
    Keep-Alive: timeout=5
    
    {
        "success": true,
        "token": "eyJhbGciOiJIUzI1NiIsInR5cCI6IkpXVCJ9.eyJ1c2VyIjp7ImlkIjoiNmEzNTEwODJkYTFiMTI1YTVjNDY0NGMzIn0sImlhdCI6MTc4MjAxOTEzNCwiZXhwIjoxNzgyMDIyNzM0fQ.AT1wMtAYu79vdZBP3iClcRt52BYL3EiO74OrC-j4Fc0",
        "user": {
            "_id": "6a351082da1b125a5c4644c3",
            "name": "fhyak",
            "email": "fhyak@ycbbv.com",
            "role": "viewer",
            "status": "active",
            "createdAt": "2026-06-21T05:18:54.154Z"
        }
    }

Scenario: POST /api/auth/login -> 200 with a request where REQUEST.BODY contains all the keys has SUCCEEDED


--------------------
  Request to http://host.docker.internal:5000 at 2026-6-21 5:18:54.166
    POST /api/auth/login
    Specmatic-Response-Code: 200
    Host: host.docker.internal:5000
    Accept-Charset: UTF-8
    Accept: */*
    Content-Type: application/json
    
    {
        "email": "xrgtb@alyjs.com",
        "password": "DWWSNB"
    }

  Response at 2026-6-21 5:18:54.183
    200 OK
    X-Powered-By: Express
    Access-Control-Allow-Origin: *
    Content-Type: application/json; charset=utf-8
    Content-Length: 366
    ETag: W/"16e-MFh50Acv9nUA/Up714BYGCU2AKg"
    Date: Sun, 21 Jun 2026 05:18:54 GMT
    Connection: keep-alive
    Keep-Alive: timeout=5
    
    {
        "success": true,
        "token": "eyJhbGciOiJIUzI1NiIsInR5cCI6IkpXVCJ9.eyJ1c2VyIjp7ImlkIjoiNmEzNTEwODJkYTFiMTI1YTVjNDY0NGMzIn0sImlhdCI6MTc4MjAxOTEzNCwiZXhwIjoxNzgyMDIyNzM0fQ.AT1wMtAYu79vdZBP3iClcRt52BYL3EiO74OrC-j4Fc0",
        "user": {
            "_id": "6a351082da1b125a5c4644c3",
            "name": "xrgtb",
            "email": "xrgtb@alyjs.com",
            "role": "viewer",
            "status": "active",
            "createdAt": "2026-06-21T05:18:54.177Z"
        }
    }

Scenario: POST /api/auth/login -> 200 with a request where REQUEST.BODY contains all the keys AND the key password is set to the shortest possible string has SUCCEEDED


--------------------
  Request to http://host.docker.internal:5000 at 2026-6-21 5:18:54.190
    POST /api/auth/login
    Specmatic-Response-Code: 200
    Host: host.docker.internal:5000
    Accept-Charset: UTF-8
    Accept: */*
    Content-Type: application/json
    
    {
        "email": "floqc@sheqx.com",
        "password": "CAHSMN"
    }

  Response at 2026-6-21 5:18:54.208
    200 OK
    X-Powered-By: Express
    Access-Control-Allow-Origin: *
    Content-Type: application/json; charset=utf-8
    Content-Length: 366
    ETag: W/"16e-QbnK+dpmTpCRDT1q/gU4L89KR7k"
    Date: Sun, 21 Jun 2026 05:18:54 GMT
    Connection: keep-alive
    Keep-Alive: timeout=5
    
    {
        "success": true,
        "token": "eyJhbGciOiJIUzI1NiIsInR5cCI6IkpXVCJ9.eyJ1c2VyIjp7ImlkIjoiNmEzNTEwODJkYTFiMTI1YTVjNDY0NGMzIn0sImlhdCI6MTc4MjAxOTEzNCwiZXhwIjoxNzgyMDIyNzM0fQ.AT1wMtAYu79vdZBP3iClcRt52BYL3EiO74OrC-j4Fc0",
        "user": {
            "_id": "6a351082da1b125a5c4644c3",
            "name": "floqc",
            "email": "floqc@sheqx.com",
            "role": "viewer",
            "status": "active",
            "createdAt": "2026-06-21T05:18:54.204Z"
        }
    }

Scenario: POST /api/auth/login -> 200 with a request where REQUEST.BODY contains all the keys AND the key password is set to the shortest possible string has SUCCEEDED


--------------------
  Skipping Scenario: POST /api/auth/login -> 401 (requestContentType application/json, responseContentType application/json)
  T00002: Examples Required
  Documentation: https://docs.specmatic.io/rules#t00002
  Summary: This operation requires examples to run, but none were provided
  

--------------------
  Request to http://host.docker.internal:5000 at 2026-6-21 5:18:54.217
    POST /api/auth/google
    Specmatic-Response-Code: 200
    Host: host.docker.internal:5000
    Accept-Charset: UTF-8
    Accept: */*
    Content-Type: application/json
    
    {
        "token": "WFHWL"
    }

  Response at 2026-6-21 5:18:54.233
    400 Bad Request
    X-Powered-By: Express
    Access-Control-Allow-Origin: *
    Content-Type: application/json; charset=utf-8
    Content-Length: 28
    ETag: W/"1c-MXaigmg1M4F+vtp8wGGJhQ9zcZw"
    Date: Sun, 21 Jun 2026 05:18:54 GMT
    Connection: keep-alive
    Keep-Alive: timeout=5
    
    {
        "msg": "Missing credential"
    }

Scenario: POST /api/auth/google -> 200 with a request where REQUEST.BODY contains all the keys has FAILED
Reason:
Testing scenario "Google OAuth login. Response: User logged in with Google successfully"
API: POST /api/auth/google -> 200

  >> RESPONSE.STATUS
  
      R0002: HTTP status mismatch
      Documentation: https://docs.specmatic.io/rules#r0002
      Summary: The HTTP status code does not match the expected status code defined in the specification
  
      Specification expected status 200 but response contained status 400



--------------------
  Skipping Scenario: POST /api/auth/google -> 400 (requestContentType application/json, responseContentType application/json)
  - T00004: Generative Disabled
  Documentation: https://docs.specmatic.io/rules#t00004
  Summary: This operation was skipped because it requires schema resiliency to be enabled
  
  - T00002: Examples Required
  Documentation: https://docs.specmatic.io/rules#t00002
  Summary: This operation requires examples to run, but none were provided
  

--------------------
  Request to http://host.docker.internal:5000 at 2026-6-21 5:18:54.272
    GET /api/users/me
    Authorization: Bearer eyJhbGciOiJIUzI1NiIsInR5cCI6IkpXVCJ9.eyJ1c2VyIjp7ImlkIjoiNmEzNTEwODJkYTFiMTI1YTVjNDY0NGMzIn0sImlhdCI6MTc4MTg2MjgyOSwiZXhwIjoxNzgxODY2NDI5fQ.RLYHwqOjorEdcVRPs6oT2yedh_GIZoG3qPucQAaOduM
    Specmatic-Response-Code: 200
    Host: host.docker.internal:5000
    Accept-Charset: UTF-8
    Accept: */*
    Content-Type: NOT SENT
    
    

  Response at 2026-6-21 5:18:54.307
    404 Not Found
    X-Powered-By: Express
    Access-Control-Allow-Origin: *
    Content-Type: application/json; charset=utf-8
    Content-Length: 24
    ETag: W/"18-VpfbMv/HaFajh7HshCEW0mw8ZFs"
    Date: Sun, 21 Jun 2026 05:18:54 GMT
    Connection: keep-alive
    Keep-Alive: timeout=5
    
    {
        "msg": "User not found"
    }

Scenario: GET /api/users/me -> 200 with the request from the example 'test_get_user_profile_200' has FAILED
Reason:
Testing scenario "Get current user profile. Response: User profile retrieved successfully"
API: GET /api/users/me -> 200

  >> RESPONSE.STATUS
  
      R0002: HTTP status mismatch
      Documentation: https://docs.specmatic.io/rules#r0002
      Summary: The HTTP status code does not match the expected status code defined in the specification
  
      Specification expected status 200 but response contained status 404



--------------------
  Skipping Scenario: GET /api/users/me -> 401 (responseContentType application/json)
  T00002: Examples Required
  Documentation: https://docs.specmatic.io/rules#t00002
  Summary: This operation requires examples to run, but none were provided
  

--------------------
  Request to http://host.docker.internal:5000 at 2026-6-21 5:18:54.325
    POST /api/users
    Authorization: Bearer KGWJW
    Specmatic-Response-Code: 201
    Host: host.docker.internal:5000
    Accept-Charset: UTF-8
    Accept: */*
    Content-Type: application/json
    
    {
        "name": "QUVWB",
        "email": "ashpg@ygjvb.com",
        "password": "IXPFOY",
        "role": "viewer"
    }

  Response at 2026-6-21 5:18:54.455
    201 Created
    X-Powered-By: Express
    Access-Control-Allow-Origin: *
    Content-Type: application/json; charset=utf-8
    Content-Length: 172
    ETag: W/"ac-1epfqVYPXpTwdNqI7YjrDkSKQMc"
    Date: Sun, 21 Jun 2026 05:18:54 GMT
    Connection: keep-alive
    Keep-Alive: timeout=5
    
    {
        "success": true,
        "user": {
            "_id": "6a37743e7239ad08158b3f81",
            "name": "QUVWB",
            "email": "ashpg@ygjvb.com",
            "role": "viewer",
            "status": "active",
            "createdAt": "2026-06-21T05:18:54.449Z"
        }
    }

Scenario: POST /api/users -> 201 with a request where REQUEST.BODY contains all the keys AND the key role is set to 'viewer' from enum has SUCCEEDED


--------------------
  Request to http://host.docker.internal:5000 at 2026-6-21 5:18:54.462
    POST /api/users
    Authorization: Bearer YRSLO
    Specmatic-Response-Code: 201
    Host: host.docker.internal:5000
    Accept-Charset: UTF-8
    Accept: */*
    Content-Type: application/json
    
    {
        "name": "TK",
        "email": "ieoue@qlfgg.com",
        "password": "YEUEHN",
        "role": "analyst"
    }

  Response at 2026-6-21 5:18:54.582
    201 Created
    X-Powered-By: Express
    Access-Control-Allow-Origin: *
    Content-Type: application/json; charset=utf-8
    Content-Length: 170
    ETag: W/"aa-W0RfRrYevj9aQcjXglySuYT5U+g"
    Date: Sun, 21 Jun 2026 05:18:54 GMT
    Connection: keep-alive
    Keep-Alive: timeout=5
    
    {
        "success": true,
        "user": {
            "_id": "6a37743e7239ad08158b3f84",
            "name": "TK",
            "email": "ieoue@qlfgg.com",
            "role": "analyst",
            "status": "active",
            "createdAt": "2026-06-21T05:18:54.575Z"
        }
    }

Scenario: POST /api/users -> 201 with a request where REQUEST.BODY contains all the keys AND the key name is set to the shortest possible string AND password is set to the shortest possible string AND role is set to 'analyst' from enum has SUCCEEDED


--------------------
  Request to http://host.docker.internal:5000 at 2026-6-21 5:18:54.589
    POST /api/users
    Authorization: Bearer LDCQQ
    Specmatic-Response-Code: 201
    Host: host.docker.internal:5000
    Accept-Charset: UTF-8
    Accept: */*
    Content-Type: application/json
    
    {
        "name": "WQYBLLGHNRMJDPJSUXAFUCLODPCEVBMQURNTBNJEUVUINQXPKMFRFXFLVOMCWUCNQKEKHDJVLUEYYLSJVBGCSCYRWWOMYNEATMBC",
        "email": "wqnhc@sminm.com",
        "password": "IDNXKY",
        "role": "admin"
    }

  Response at 2026-6-21 5:18:54.705
    201 Created
    X-Powered-By: Express
    Access-Control-Allow-Origin: *
    Content-Type: application/json; charset=utf-8
    Content-Length: 266
    ETag: W/"10a-fet2S+z41PvWu9CJTsY4c9cEFG4"
    Date: Sun, 21 Jun 2026 05:18:54 GMT
    Connection: keep-alive
    Keep-Alive: timeout=5
    
    {
        "success": true,
        "user": {
            "_id": "6a37743e7239ad08158b3f87",
            "name": "WQYBLLGHNRMJDPJSUXAFUCLODPCEVBMQURNTBNJEUVUINQXPKMFRFXFLVOMCWUCNQKEKHDJVLUEYYLSJVBGCSCYRWWOMYNEATMBC",
            "email": "wqnhc@sminm.com",
            "role": "admin",
            "status": "active",
            "createdAt": "2026-06-21T05:18:54.698Z"
        }
    }

Scenario: POST /api/users -> 201 with a request where REQUEST.BODY contains all the keys AND the key name is set to the longest possible string AND role is set to 'admin' from enum has SUCCEEDED


--------------------
  Request to http://host.docker.internal:5000 at 2026-6-21 5:18:54.714
    POST /api/users
    Authorization: Bearer AUGEY
    Specmatic-Response-Code: 201
    Host: host.docker.internal:5000
    Accept-Charset: UTF-8
    Accept: */*
    Content-Type: application/json
    
    {
        "name": "KDGBY",
        "email": "bodrr@uqcyy.com",
        "password": "HJLACE",
        "role": "analyst"
    }

  Response at 2026-6-21 5:18:54.831
    201 Created
    X-Powered-By: Express
    Access-Control-Allow-Origin: *
    Content-Type: application/json; charset=utf-8
    Content-Length: 173
    ETag: W/"ad-RyC3Rf8YvDNjR6uR5vfS3oA7qV8"
    Date: Sun, 21 Jun 2026 05:18:54 GMT
    Connection: keep-alive
    Keep-Alive: timeout=5
    
    {
        "success": true,
        "user": {
            "_id": "6a37743e7239ad08158b3f8a",
            "name": "KDGBY",
            "email": "bodrr@uqcyy.com",
            "role": "analyst",
            "status": "active",
            "createdAt": "2026-06-21T05:18:54.824Z"
        }
    }

Scenario: POST /api/users -> 201 with a request where REQUEST.BODY contains all the keys AND the key role is set to 'analyst' from enum has SUCCEEDED


--------------------
  Request to http://host.docker.internal:5000 at 2026-6-21 5:18:54.837
    POST /api/users
    Authorization: Bearer MMEDW
    Specmatic-Response-Code: 201
    Host: host.docker.internal:5000
    Accept-Charset: UTF-8
    Accept: */*
    Content-Type: application/json
    
    {
        "name": "YVKQX",
        "email": "baedu@dbqer.com",
        "password": "EWNJNX",
        "role": "admin"
    }

  Response at 2026-6-21 5:18:54.959
    201 Created
    X-Powered-By: Express
    Access-Control-Allow-Origin: *
    Content-Type: application/json; charset=utf-8
    Content-Length: 171
    ETag: W/"ab-SVK0+/+b9pDutJRiNlessUCurqE"
    Date: Sun, 21 Jun 2026 05:18:54 GMT
    Connection: keep-alive
    Keep-Alive: timeout=5
    
    {
        "success": true,
        "user": {
            "_id": "6a37743e7239ad08158b3f8d",
            "name": "YVKQX",
            "email": "baedu@dbqer.com",
            "role": "admin",
            "status": "active",
            "createdAt": "2026-06-21T05:18:54.953Z"
        }
    }

Scenario: POST /api/users -> 201 with a request where REQUEST.BODY contains all the keys AND the key role is set to 'admin' from enum has SUCCEEDED


--------------------
  Request to http://host.docker.internal:5000 at 2026-6-21 5:18:54.968
    POST /api/users
    Authorization: Bearer QCLMV
    Specmatic-Response-Code: 201
    Host: host.docker.internal:5000
    Accept-Charset: UTF-8
    Accept: */*
    Content-Type: application/json
    
    {
        "name": "YLBOB",
        "email": "pbgqw@ticsr.com",
        "password": "LJEGSB",
        "role": "viewer"
    }

  Response at 2026-6-21 5:18:55.104
    201 Created
    X-Powered-By: Express
    Access-Control-Allow-Origin: *
    Content-Type: application/json; charset=utf-8
    Content-Length: 172
    ETag: W/"ac-KaIiV+38igYpLrbMZRkcftA1Zzc"
    Date: Sun, 21 Jun 2026 05:18:55 GMT
    Connection: keep-alive
    Keep-Alive: timeout=5
    
    {
        "success": true,
        "user": {
            "_id": "6a37743f7239ad08158b3f90",
            "name": "YLBOB",
            "email": "pbgqw@ticsr.com",
            "role": "viewer",
            "status": "active",
            "createdAt": "2026-06-21T05:18:55.097Z"
        }
    }

Scenario: POST /api/users -> 201 with a request where REQUEST.BODY contains all the keys AND the key password is set to the shortest possible string AND role is set to 'viewer' from enum has SUCCEEDED


--------------------
  Request to http://host.docker.internal:5000 at 2026-6-21 5:18:55.111
    POST /api/users
    Authorization: Bearer KQQYU
    Specmatic-Response-Code: 201
    Host: host.docker.internal:5000
    Accept-Charset: UTF-8
    Accept: */*
    Content-Type: application/json
    
    {
        "name": "HUNKH",
        "email": "nvhpe@tqpui.com",
        "password": "LJEGSB",
        "role": "analyst"
    }

  Response at 2026-6-21 5:18:55.337
    201 Created
    X-Powered-By: Express
    Access-Control-Allow-Origin: *
    Content-Type: application/json; charset=utf-8
    Content-Length: 173
    ETag: W/"ad-IPTdm+6QhiOlKlJEJjk837jLKh0"
    Date: Sun, 21 Jun 2026 05:18:55 GMT
    Connection: keep-alive
    Keep-Alive: timeout=5
    
    {
        "success": true,
        "user": {
            "_id": "6a37743f7239ad08158b3f93",
            "name": "HUNKH",
            "email": "nvhpe@tqpui.com",
            "role": "analyst",
            "status": "active",
            "createdAt": "2026-06-21T05:18:55.322Z"
        }
    }

Scenario: POST /api/users -> 201 with a request where REQUEST.BODY contains all the keys AND the key password is set to the shortest possible string AND role is set to 'analyst' from enum has SUCCEEDED


--------------------
  Request to http://host.docker.internal:5000 at 2026-6-21 5:18:55.356
    POST /api/users
    Authorization: Bearer YSXDA
    Specmatic-Response-Code: 201
    Host: host.docker.internal:5000
    Accept-Charset: UTF-8
    Accept: */*
    Content-Type: application/json
    
    {
        "name": "OXOGV",
        "email": "igfbq@kvyos.com",
        "password": "LJEGSB",
        "role": "admin"
    }

  Response at 2026-6-21 5:18:55.576
    201 Created
    X-Powered-By: Express
    Access-Control-Allow-Origin: *
    Content-Type: application/json; charset=utf-8
    Content-Length: 171
    ETag: W/"ab-7mI6Fy2v2ujO4npm3Pl/gdKe5Oo"
    Date: Sun, 21 Jun 2026 05:18:55 GMT
    Connection: keep-alive
    Keep-Alive: timeout=5
    
    {
        "success": true,
        "user": {
            "_id": "6a37743f7239ad08158b3f96",
            "name": "OXOGV",
            "email": "igfbq@kvyos.com",
            "role": "admin",
            "status": "active",
            "createdAt": "2026-06-21T05:18:55.569Z"
        }
    }

Scenario: POST /api/users -> 201 with a request where REQUEST.BODY contains all the keys AND the key password is set to the shortest possible string AND role is set to 'admin' from enum has SUCCEEDED


--------------------
  Request to http://host.docker.internal:5000 at 2026-6-21 5:18:55.585
    POST /api/users
    Authorization: Bearer LABXG
    Specmatic-Response-Code: 201
    Host: host.docker.internal:5000
    Accept-Charset: UTF-8
    Accept: */*
    Content-Type: application/json
    
    {
        "name": "MX",
        "email": "ccdct@lcqid.com",
        "password": "JJPJOE",
        "role": "viewer"
    }

  Response at 2026-6-21 5:18:55.719
    201 Created
    X-Powered-By: Express
    Access-Control-Allow-Origin: *
    Content-Type: application/json; charset=utf-8
    Content-Length: 169
    ETag: W/"a9-62pLkfCzEYHgl+0gSQRxTqc1tf0"
    Date: Sun, 21 Jun 2026 05:18:55 GMT
    Connection: keep-alive
    Keep-Alive: timeout=5
    
    {
        "success": true,
        "user": {
            "_id": "6a37743f7239ad08158b3f99",
            "name": "MX",
            "email": "ccdct@lcqid.com",
            "role": "viewer",
            "status": "active",
            "createdAt": "2026-06-21T05:18:55.710Z"
        }
    }

Scenario: POST /api/users -> 201 with a request where REQUEST.BODY contains all the keys AND the key name is set to the shortest possible string AND role is set to 'viewer' from enum has SUCCEEDED


--------------------
  Request to http://host.docker.internal:5000 at 2026-6-21 5:18:55.724
    POST /api/users
    Authorization: Bearer MYSRE
    Specmatic-Response-Code: 201
    Host: host.docker.internal:5000
    Accept-Charset: UTF-8
    Accept: */*
    Content-Type: application/json
    
    {
        "name": "MX",
        "email": "cntfq@baykp.com",
        "password": "RSORQM",
        "role": "analyst"
    }

  Response at 2026-6-21 5:18:55.840
    201 Created
    X-Powered-By: Express
    Access-Control-Allow-Origin: *
    Content-Type: application/json; charset=utf-8
    Content-Length: 170
    ETag: W/"aa-cigUXaKxFGH0bZO4PH5YT9CxYAE"
    Date: Sun, 21 Jun 2026 05:18:55 GMT
    Connection: keep-alive
    Keep-Alive: timeout=5
    
    {
        "success": true,
        "user": {
            "_id": "6a37743f7239ad08158b3f9c",
            "name": "MX",
            "email": "cntfq@baykp.com",
            "role": "analyst",
            "status": "active",
            "createdAt": "2026-06-21T05:18:55.834Z"
        }
    }

Scenario: POST /api/users -> 201 with a request where REQUEST.BODY contains all the keys AND the key name is set to the shortest possible string AND role is set to 'analyst' from enum has SUCCEEDED


--------------------
  Request to http://host.docker.internal:5000 at 2026-6-21 5:18:55.847
    POST /api/users
    Authorization: Bearer NNJPY
    Specmatic-Response-Code: 201
    Host: host.docker.internal:5000
    Accept-Charset: UTF-8
    Accept: */*
    Content-Type: application/json
    
    {
        "name": "MX",
        "email": "juhov@inwuc.com",
        "password": "WSNSET",
        "role": "admin"
    }

  Response at 2026-6-21 5:18:55.963
    201 Created
    X-Powered-By: Express
    Access-Control-Allow-Origin: *
    Content-Type: application/json; charset=utf-8
    Content-Length: 168
    ETag: W/"a8-wbCWOz11O2v9Sqotdpx8jh5cWtY"
    Date: Sun, 21 Jun 2026 05:18:55 GMT
    Connection: keep-alive
    Keep-Alive: timeout=5
    
    {
        "success": true,
        "user": {
            "_id": "6a37743f7239ad08158b3f9f",
            "name": "MX",
            "email": "juhov@inwuc.com",
            "role": "admin",
            "status": "active",
            "createdAt": "2026-06-21T05:18:55.956Z"
        }
    }

Scenario: POST /api/users -> 201 with a request where REQUEST.BODY contains all the keys AND the key name is set to the shortest possible string AND role is set to 'admin' from enum has SUCCEEDED


--------------------
  Request to http://host.docker.internal:5000 at 2026-6-21 5:18:55.971
    POST /api/users
    Authorization: Bearer VXBWK
    Specmatic-Response-Code: 201
    Host: host.docker.internal:5000
    Accept-Charset: UTF-8
    Accept: */*
    Content-Type: application/json
    
    {
        "name": "MX",
        "email": "tkcao@flpii.com",
        "password": "HTMHPJ",
        "role": "viewer"
    }

  Response at 2026-6-21 5:18:56.110
    201 Created
    X-Powered-By: Express
    Access-Control-Allow-Origin: *
    Content-Type: application/json; charset=utf-8
    Content-Length: 169
    ETag: W/"a9-033/cV3H1cTT5H4t3BU74zPWY1s"
    Date: Sun, 21 Jun 2026 05:18:56 GMT
    Connection: keep-alive
    Keep-Alive: timeout=5
    
    {
        "success": true,
        "user": {
            "_id": "6a3774407239ad08158b3fa2",
            "name": "MX",
            "email": "tkcao@flpii.com",
            "role": "viewer",
            "status": "active",
            "createdAt": "2026-06-21T05:18:56.101Z"
        }
    }

Scenario: POST /api/users -> 201 with a request where REQUEST.BODY contains all the keys AND the key name is set to the shortest possible string AND password is set to the shortest possible string AND role is set to 'viewer' from enum has SUCCEEDED


--------------------
  Request to http://host.docker.internal:5000 at 2026-6-21 5:18:56.119
    POST /api/users
    Authorization: Bearer GHLBL
    Specmatic-Response-Code: 201
    Host: host.docker.internal:5000
    Accept-Charset: UTF-8
    Accept: */*
    Content-Type: application/json
    
    {
        "name": "MX",
        "email": "nbgra@ygrlj.com",
        "password": "HTMHPJ",
        "role": "analyst"
    }

  Response at 2026-6-21 5:18:56.240
    201 Created
    X-Powered-By: Express
    Access-Control-Allow-Origin: *
    Content-Type: application/json; charset=utf-8
    Content-Length: 170
    ETag: W/"aa-pVEBhy1Geqkex9nI0HTeFgjqryg"
    Date: Sun, 21 Jun 2026 05:18:56 GMT
    Connection: keep-alive
    Keep-Alive: timeout=5
    
    {
        "success": true,
        "user": {
            "_id": "6a3774407239ad08158b3fa5",
            "name": "MX",
            "email": "nbgra@ygrlj.com",
            "role": "analyst",
            "status": "active",
            "createdAt": "2026-06-21T05:18:56.234Z"
        }
    }

Scenario: POST /api/users -> 201 with a request where REQUEST.BODY contains all the keys AND the key name is set to the shortest possible string AND password is set to the shortest possible string AND role is set to 'analyst' from enum has SUCCEEDED


--------------------
  Request to http://host.docker.internal:5000 at 2026-6-21 5:18:56.247
    POST /api/users
    Authorization: Bearer MKIPM
    Specmatic-Response-Code: 201
    Host: host.docker.internal:5000
    Accept-Charset: UTF-8
    Accept: */*
    Content-Type: application/json
    
    {
        "name": "MX",
        "email": "svmbm@ssulm.com",
        "password": "HTMHPJ",
        "role": "admin"
    }

  Response at 2026-6-21 5:18:56.426
    201 Created
    X-Powered-By: Express
    Access-Control-Allow-Origin: *
    Content-Type: application/json; charset=utf-8
    Content-Length: 168
    ETag: W/"a8-guk6ECUHb7F3tM17GZd3+kJwEnc"
    Date: Sun, 21 Jun 2026 05:18:56 GMT
    Connection: keep-alive
    Keep-Alive: timeout=5
    
    {
        "success": true,
        "user": {
            "_id": "6a3774407239ad08158b3fa8",
            "name": "MX",
            "email": "svmbm@ssulm.com",
            "role": "admin",
            "status": "active",
            "createdAt": "2026-06-21T05:18:56.419Z"
        }
    }

Scenario: POST /api/users -> 201 with a request where REQUEST.BODY contains all the keys AND the key name is set to the shortest possible string AND password is set to the shortest possible string AND role is set to 'admin' from enum has SUCCEEDED


--------------------
  Request to http://host.docker.internal:5000 at 2026-6-21 5:18:56.436
    POST /api/users
    Authorization: Bearer TNPBX
    Specmatic-Response-Code: 201
    Host: host.docker.internal:5000
    Accept-Charset: UTF-8
    Accept: */*
    Content-Type: application/json
    
    {
        "name": "UASOEEHSEGLOHGCFTTSETJDBSSMIJOGTCWDMLXEPBXFWTCUESRIOXHJNTPVSDNJNCEEDOUVDLAUWGOSUMOXMBJBTMODWAHHQSAQN",
        "email": "yvibf@vlxbr.com",
        "password": "SKNHTR",
        "role": "viewer"
    }

  Response at 2026-6-21 5:18:56.593
    201 Created
    X-Powered-By: Express
    Access-Control-Allow-Origin: *
    Content-Type: application/json; charset=utf-8
    Content-Length: 267
    ETag: W/"10b-pVLv0f0PwqET7Vk+l3Xzx1lCQfQ"
    Date: Sun, 21 Jun 2026 05:18:56 GMT
    Connection: keep-alive
    Keep-Alive: timeout=5
    
    {
        "success": true,
        "user": {
            "_id": "6a3774407239ad08158b3fab",
            "name": "UASOEEHSEGLOHGCFTTSETJDBSSMIJOGTCWDMLXEPBXFWTCUESRIOXHJNTPVSDNJNCEEDOUVDLAUWGOSUMOXMBJBTMODWAHHQSAQN",
            "email": "yvibf@vlxbr.com",
            "role": "viewer",
            "status": "active",
            "createdAt": "2026-06-21T05:18:56.585Z"
        }
    }

Scenario: POST /api/users -> 201 with a request where REQUEST.BODY contains all the keys AND the key name is set to the longest possible string AND role is set to 'viewer' from enum has SUCCEEDED


--------------------
  Request to http://host.docker.internal:5000 at 2026-6-21 5:18:56.603
    POST /api/users
    Authorization: Bearer FEORS
    Specmatic-Response-Code: 201
    Host: host.docker.internal:5000
    Accept-Charset: UTF-8
    Accept: */*
    Content-Type: application/json
    
    {
        "name": "UASOEEHSEGLOHGCFTTSETJDBSSMIJOGTCWDMLXEPBXFWTCUESRIOXHJNTPVSDNJNCEEDOUVDLAUWGOSUMOXMBJBTMODWAHHQSAQN",
        "email": "ptgdk@knjwe.com",
        "password": "RGXPYW",
        "role": "analyst"
    }

  Response at 2026-6-21 5:18:56.753
    201 Created
    X-Powered-By: Express
    Access-Control-Allow-Origin: *
    Content-Type: application/json; charset=utf-8
    Content-Length: 268
    ETag: W/"10c-UbZQ4ZKwPyelVzI2ym2GzCnmUoA"
    Date: Sun, 21 Jun 2026 05:18:56 GMT
    Connection: keep-alive
    Keep-Alive: timeout=5
    
    {
        "success": true,
        "user": {
            "_id": "6a3774407239ad08158b3fae",
            "name": "UASOEEHSEGLOHGCFTTSETJDBSSMIJOGTCWDMLXEPBXFWTCUESRIOXHJNTPVSDNJNCEEDOUVDLAUWGOSUMOXMBJBTMODWAHHQSAQN",
            "email": "ptgdk@knjwe.com",
            "role": "analyst",
            "status": "active",
            "createdAt": "2026-06-21T05:18:56.744Z"
        }
    }

Scenario: POST /api/users -> 201 with a request where REQUEST.BODY contains all the keys AND the key name is set to the longest possible string AND role is set to 'analyst' from enum has SUCCEEDED


--------------------
  Request to http://host.docker.internal:5000 at 2026-6-21 5:18:56.759
    POST /api/users
    Authorization: Bearer IBLBL
    Specmatic-Response-Code: 201
    Host: host.docker.internal:5000
    Accept-Charset: UTF-8
    Accept: */*
    Content-Type: application/json
    
    {
        "name": "UASOEEHSEGLOHGCFTTSETJDBSSMIJOGTCWDMLXEPBXFWTCUESRIOXHJNTPVSDNJNCEEDOUVDLAUWGOSUMOXMBJBTMODWAHHQSAQN",
        "email": "xrctf@gakwk.com",
        "password": "DMRQXJ",
        "role": "admin"
    }

  Response at 2026-6-21 5:18:56.909
    201 Created
    X-Powered-By: Express
    Access-Control-Allow-Origin: *
    Content-Type: application/json; charset=utf-8
    Content-Length: 266
    ETag: W/"10a-JHEZZOQnpPEcQue7rCr+BGlsCW0"
    Date: Sun, 21 Jun 2026 05:18:56 GMT
    Connection: keep-alive
    Keep-Alive: timeout=5
    
    {
        "success": true,
        "user": {
            "_id": "6a3774407239ad08158b3fb1",
            "name": "UASOEEHSEGLOHGCFTTSETJDBSSMIJOGTCWDMLXEPBXFWTCUESRIOXHJNTPVSDNJNCEEDOUVDLAUWGOSUMOXMBJBTMODWAHHQSAQN",
            "email": "xrctf@gakwk.com",
            "role": "admin",
            "status": "active",
            "createdAt": "2026-06-21T05:18:56.902Z"
        }
    }

Scenario: POST /api/users -> 201 with a request where REQUEST.BODY contains all the keys AND the key name is set to the longest possible string AND role is set to 'admin' from enum has SUCCEEDED


--------------------
  Request to http://host.docker.internal:5000 at 2026-6-21 5:18:56.920
    POST /api/users
    Authorization: Bearer WSUXW
    Specmatic-Response-Code: 201
    Host: host.docker.internal:5000
    Accept-Charset: UTF-8
    Accept: */*
    Content-Type: application/json
    
    {
        "name": "UASOEEHSEGLOHGCFTTSETJDBSSMIJOGTCWDMLXEPBXFWTCUESRIOXHJNTPVSDNJNCEEDOUVDLAUWGOSUMOXMBJBTMODWAHHQSAQN",
        "email": "llcgx@xmybp.com",
        "password": "QNFHFQ",
        "role": "viewer"
    }

  Response at 2026-6-21 5:18:57.71
    201 Created
    X-Powered-By: Express
    Access-Control-Allow-Origin: *
    Content-Type: application/json; charset=utf-8
    Content-Length: 267
    ETag: W/"10b-wiKflizXQWrpZvspwSWzlnAewP4"
    Date: Sun, 21 Jun 2026 05:18:57 GMT
    Connection: keep-alive
    Keep-Alive: timeout=5
    
    {
        "success": true,
        "user": {
            "_id": "6a3774417239ad08158b3fb4",
            "name": "UASOEEHSEGLOHGCFTTSETJDBSSMIJOGTCWDMLXEPBXFWTCUESRIOXHJNTPVSDNJNCEEDOUVDLAUWGOSUMOXMBJBTMODWAHHQSAQN",
            "email": "llcgx@xmybp.com",
            "role": "viewer",
            "status": "active",
            "createdAt": "2026-06-21T05:18:57.060Z"
        }
    }

Scenario: POST /api/users -> 201 with a request where REQUEST.BODY contains all the keys AND the key name is set to the longest possible string AND password is set to the shortest possible string AND role is set to 'viewer' from enum has SUCCEEDED


--------------------
  Request to http://host.docker.internal:5000 at 2026-6-21 5:18:57.88
    POST /api/users
    Authorization: Bearer CBNEN
    Specmatic-Response-Code: 201
    Host: host.docker.internal:5000
    Accept-Charset: UTF-8
    Accept: */*
    Content-Type: application/json
    
    {
        "name": "UASOEEHSEGLOHGCFTTSETJDBSSMIJOGTCWDMLXEPBXFWTCUESRIOXHJNTPVSDNJNCEEDOUVDLAUWGOSUMOXMBJBTMODWAHHQSAQN",
        "email": "owqxt@srlfb.com",
        "password": "QNFHFQ",
        "role": "analyst"
    }

  Response at 2026-6-21 5:18:57.355
    201 Created
    X-Powered-By: Express
    Access-Control-Allow-Origin: *
    Content-Type: application/json; charset=utf-8
    Content-Length: 268
    ETag: W/"10c-g7s4NLJC5ksks3KdkQfC4hrSZ0M"
    Date: Sun, 21 Jun 2026 05:18:57 GMT
    Connection: keep-alive
    Keep-Alive: timeout=5
    
    {
        "success": true,
        "user": {
            "_id": "6a3774417239ad08158b3fb7",
            "name": "UASOEEHSEGLOHGCFTTSETJDBSSMIJOGTCWDMLXEPBXFWTCUESRIOXHJNTPVSDNJNCEEDOUVDLAUWGOSUMOXMBJBTMODWAHHQSAQN",
            "email": "owqxt@srlfb.com",
            "role": "analyst",
            "status": "active",
            "createdAt": "2026-06-21T05:18:57.342Z"
        }
    }

Scenario: POST /api/users -> 201 with a request where REQUEST.BODY contains all the keys AND the key name is set to the longest possible string AND password is set to the shortest possible string AND role is set to 'analyst' from enum has SUCCEEDED


--------------------
  Request to http://host.docker.internal:5000 at 2026-6-21 5:18:57.364
    POST /api/users
    Authorization: Bearer KYUOV
    Specmatic-Response-Code: 201
    Host: host.docker.internal:5000
    Accept-Charset: UTF-8
    Accept: */*
    Content-Type: application/json
    
    {
        "name": "UASOEEHSEGLOHGCFTTSETJDBSSMIJOGTCWDMLXEPBXFWTCUESRIOXHJNTPVSDNJNCEEDOUVDLAUWGOSUMOXMBJBTMODWAHHQSAQN",
        "email": "xhoet@tyxyt.com",
        "password": "QNFHFQ",
        "role": "admin"
    }

  Response at 2026-6-21 5:18:57.624
    201 Created
    X-Powered-By: Express
    Access-Control-Allow-Origin: *
    Content-Type: application/json; charset=utf-8
    Content-Length: 266
    ETag: W/"10a-KUNisZVtycPjBdZ+BOi1LswJH3U"
    Date: Sun, 21 Jun 2026 05:18:57 GMT
    Connection: keep-alive
    Keep-Alive: timeout=5
    
    {
        "success": true,
        "user": {
            "_id": "6a3774417239ad08158b3fba",
            "name": "UASOEEHSEGLOHGCFTTSETJDBSSMIJOGTCWDMLXEPBXFWTCUESRIOXHJNTPVSDNJNCEEDOUVDLAUWGOSUMOXMBJBTMODWAHHQSAQN",
            "email": "xhoet@tyxyt.com",
            "role": "admin",
            "status": "active",
            "createdAt": "2026-06-21T05:18:57.609Z"
        }
    }

Scenario: POST /api/users -> 201 with a request where REQUEST.BODY contains all the keys AND the key name is set to the longest possible string AND password is set to the shortest possible string AND role is set to 'admin' from enum has SUCCEEDED


--------------------
  Skipping Scenario: POST /api/users -> 400 (requestContentType application/json, responseContentType application/json)
  - T00004: Generative Disabled
  Documentation: https://docs.specmatic.io/rules#t00004
  Summary: This operation was skipped because it requires schema resiliency to be enabled
  
  - T00002: Examples Required
  Documentation: https://docs.specmatic.io/rules#t00002
  Summary: This operation requires examples to run, but none were provided
  

--------------------
  Skipping Scenario: POST /api/users -> 403 (requestContentType application/json, responseContentType application/json)
  T00002: Examples Required
  Documentation: https://docs.specmatic.io/rules#t00002
  Summary: This operation requires examples to run, but none were provided
  

--------------------
  Request to http://host.docker.internal:5000 at 2026-6-21 5:18:57.633
    GET /api/users
    Authorization: Bearer OJYGT
    Specmatic-Response-Code: 200
    Host: host.docker.internal:5000
    Accept-Charset: UTF-8
    Accept: */*
    Content-Type: NOT SENT
    
    

  Response at 2026-6-21 5:18:57.729
    200 OK
    X-Powered-By: Express
    Access-Control-Allow-Origin: *
    Content-Type: application/json; charset=utf-8
    Content-Length: 25486
    ETag: W/"638e-3emgLQ8rBcYqKrarHaNiH8bVPT8"
    Date: Sun, 21 Jun 2026 05:18:57 GMT
    Connection: keep-alive
    Keep-Alive: timeout=5
    
    {
        "success": true,
        "users": [
            {
                "_id": "6a3774417239ad08158b3fba",
                "name": "UASOEEHSEGLOHGCFTTSETJDBSSMIJOGTCWDMLXEPBXFWTCUESRIOXHJNTPVSDNJNCEEDOUVDLAUWGOSUMOXMBJBTMODWAHHQSAQN",
                "email": "xhoet@tyxyt.com",
                "role": "admin",
                "status": "active",
                "createdAt": "2026-06-21T05:18:57.609Z"
            },
            {
                "_id": "6a3774417239ad08158b3fb7",
                "name": "UASOEEHSEGLOHGCFTTSETJDBSSMIJOGTCWDMLXEPBXFWTCUESRIOXHJNTPVSDNJNCEEDOUVDLAUWGOSUMOXMBJBTMODWAHHQSAQN",
                "email": "owqxt@srlfb.com",
                "role": "analyst",
                "status": "active",
                "createdAt": "2026-06-21T05:18:57.342Z"
            },
            {
                "_id": "6a3774417239ad08158b3fb4",
                "name": "UASOEEHSEGLOHGCFTTSETJDBSSMIJOGTCWDMLXEPBXFWTCUESRIOXHJNTPVSDNJNCEEDOUVDLAUWGOSUMOXMBJBTMODWAHHQSAQN",
                "email": "llcgx@xmybp.com",
                "role": "viewer",
                "status": "active",
                "createdAt": "2026-06-21T05:18:57.060Z"
            },
            {
                "_id": "6a3774407239ad08158b3fb1",
                "name": "UASOEEHSEGLOHGCFTTSETJDBSSMIJOGTCWDMLXEPBXFWTCUESRIOXHJNTPVSDNJNCEEDOUVDLAUWGOSUMOXMBJBTMODWAHHQSAQN",
                "email": "xrctf@gakwk.com",
                "role": "admin",
                "status": "active",
                "createdAt": "2026-06-21T05:18:56.902Z"
            },
            {
                "_id": "6a3774407239ad08158b3fae",
                "name": "UASOEEHSEGLOHGCFTTSETJDBSSMIJOGTCWDMLXEPBXFWTCUESRIOXHJNTPVSDNJNCEEDOUVDLAUWGOSUMOXMBJBTMODWAHHQSAQN",
                "email": "ptgdk@knjwe.com",
                "role": "analyst",
                "status": "active",
                "createdAt": "2026-06-21T05:18:56.744Z"
            },
            {
                "_id": "6a3774407239ad08158b3fab",
                "name": "UASOEEHSEGLOHGCFTTSETJDBSSMIJOGTCWDMLXEPBXFWTCUESRIOXHJNTPVSDNJNCEEDOUVDLAUWGOSUMOXMBJBTMODWAHHQSAQN",
                "email": "yvibf@vlxbr.com",
                "role": "viewer",
                "status": "active",
                "createdAt": "2026-06-21T05:18:56.585Z"
            },
            {
                "_id": "6a3774407239ad08158b3fa8",
                "name": "MX",
                "email": "svmbm@ssulm.com",
                "role": "admin",
                "status": "active",
                "createdAt": "2026-06-21T05:18:56.419Z"
            },
            {
                "_id": "6a3774407239ad08158b3fa5",
                "name": "MX",
                "email": "nbgra@ygrlj.com",
                "role": "analyst",
                "status": "active",
                "createdAt": "2026-06-21T05:18:56.234Z"
            },
            {
                "_id": "6a3774407239ad08158b3fa2",
                "name": "MX",
                "email": "tkcao@flpii.com",
                "role": "viewer",
                "status": "active",
                "createdAt": "2026-06-21T05:18:56.101Z"
            },
            {
                "_id": "6a37743f7239ad08158b3f9f",
                "name": "MX",
                "email": "juhov@inwuc.com",
                "role": "admin",
                "status": "active",
                "createdAt": "2026-06-21T05:18:55.956Z"
            },
            {
                "_id": "6a37743f7239ad08158b3f9c",
                "name": "MX",
                "email": "cntfq@baykp.com",
                "role": "analyst",
                "status": "active",
                "createdAt": "2026-06-21T05:18:55.834Z"
            },
            {
                "_id": "6a37743f7239ad08158b3f99",
                "name": "MX",
                "email": "ccdct@lcqid.com",
                "role": "viewer",
                "status": "active",
                "createdAt": "2026-06-21T05:18:55.710Z"
            },
            {
                "_id": "6a37743f7239ad08158b3f96",
                "name": "OXOGV",
                "email": "igfbq@kvyos.com",
                "role": "admin",
                "status": "active",
                "createdAt": "2026-06-21T05:18:55.569Z"
            },
            {
                "_id": "6a37743f7239ad08158b3f93",
                "name": "HUNKH",
                "email": "nvhpe@tqpui.com",
                "role": "analyst",
                "status": "active",
                "createdAt": "2026-06-21T05:18:55.322Z"
            },
            {
                "_id": "6a37743f7239ad08158b3f90",
                "name": "YLBOB",
                "email": "pbgqw@ticsr.com",
                "role": "viewer",
                "status": "active",
                "createdAt": "2026-06-21T05:18:55.097Z"
            },
            {
                "_id": "6a37743e7239ad08158b3f8d",
                "name": "YVKQX",
                "email": "baedu@dbqer.com",
                "role": "admin",
                "status": "active",
                "createdAt": "2026-06-21T05:18:54.953Z"
            },
            {
                "_id": "6a37743e7239ad08158b3f8a",
                "name": "KDGBY",
                "email": "bodrr@uqcyy.com",
                "role": "analyst",
                "status": "active",
                "createdAt": "2026-06-21T05:18:54.824Z"
            },
            {
                "_id": "6a37743e7239ad08158b3f87",
                "name": "WQYBLLGHNRMJDPJSUXAFUCLODPCEVBMQURNTBNJEUVUINQXPKMFRFXFLVOMCWUCNQKEKHDJVLUEYYLSJVBGCSCYRWWOMYNEATMBC",
                "email": "wqnhc@sminm.com",
                "role": "admin",
                "status": "active",
                "createdAt": "2026-06-21T05:18:54.698Z"
            },
            {
                "_id": "6a37743e7239ad08158b3f84",
                "name": "TK",
                "email": "ieoue@qlfgg.com",
                "role": "analyst",
                "status": "active",
                "createdAt": "2026-06-21T05:18:54.575Z"
            },
            {
                "_id": "6a37743e7239ad08158b3f81",
                "name": "QUVWB",
                "email": "ashpg@ygjvb.com",
                "role": "viewer",
                "status": "active",
                "createdAt": "2026-06-21T05:18:54.449Z"
            },
            {
                "_id": "6a37743d7239ad08158b3f7d",
                "name": "FMLARSMLYNRQIOBTOLXVEJWBPRHAQHTAPHUUUMONMJGTGRFNJLLKACNPGFKUCHCBUNDICLNJSPTCFODKMSFCBXNPJNRKIPTSIFXI",
                "email": "sqyaf@wvwqq.com",
                "role": "viewer",
                "status": "active",
                "createdAt": "2026-06-21T05:18:53.934Z"
            },
            {
                "_id": "6a37743d7239ad08158b3f7a",
                "name": "FMLARSMLYNRQIOBTOLXVEJWBPRHAQHTAPHUUUMONMJGTGRFNJLLKACNPGFKUCHCBUNDICLNJSPTCFODKMSFCBXNPJNRKIPTSIFXI",
                "email": "fjoiw@ymgsf.com",
                "role": "viewer",
                "status": "active",
                "createdAt": "2026-06-21T05:18:53.731Z"
            },
            {
                "_id": "6a37743d7239ad08158b3f77",
                "name": "KK",
                "email": "anfrq@ycbgq.com",
                "role": "viewer",
                "status": "active",
                "createdAt": "2026-06-21T05:18:53.561Z"
            },
            {
                "_id": "6a37743d7239ad08158b3f74",
                "name": "KK",
                "email": "dqrix@gqgkb.com",
                "role": "viewer",
                "status": "active",
                "createdAt": "2026-06-21T05:18:53.430Z"
            },
            {
                "_id": "6a37743d7239ad08158b3f71",
                "name": "IKNVC",
                "email": "wjwkf@itbkw.com",
                "role": "viewer",
                "status": "active",
                "createdAt": "2026-06-21T05:18:53.302Z"
            },
            {
                "_id": "6a37743d7239ad08158b3f6e",
                "name": "MBEXQWIWMAMCWTMWIJWEVKHGSQSGVPPMTKUPNTDIWDUGODIBFEETRMBNBNJKGJCOJYJYOPEAOWRRECIFCJFSQWEANDDEDWJMTFEF",
                "email": "bpkoi@fpkte.com",
                "role": "viewer",
                "status": "active",
                "createdAt": "2026-06-21T05:18:53.171Z"
            },
            {
                "_id": "6a37743d7239ad08158b3f6b",
                "name": "OP",
                "email": "wtdmy@wqxvg.com",
                "role": "viewer",
                "status": "active",
                "createdAt": "2026-06-21T05:18:53.037Z"
            },
            {
                "_id": "6a37743c7239ad08158b3f68",
                "name": "JCVRS",
                "email": "mecfd@nwpqe.com",
                "role": "viewer",
                "status": "active",
                "createdAt": "2026-06-21T05:18:52.826Z"
            },
            {
                "_id": "6a369eb72e238a8d868d3d51",
                "name": "GOHLHABXWTHJRHCHSKWFDECULFARKSIPXQHAFTJBJTCXNWHGOPGVSSIQOWGXNBAUQAFRVRNJHTMIJJWAICVVPANYVXEYCMLXMJAK",
                "email": "pjfyc@hscih.com",
                "role": "admin",
                "status": "active",
                "createdAt": "2026-06-20T14:07:51.471Z"
            },
            {
                "_id": "6a369eb72e238a8d868d3d4e",
                "name": "GOHLHABXWTHJRHCHSKWFDECULFARKSIPXQHAFTJBJTCXNWHGOPGVSSIQOWGXNBAUQAFRVRNJHTMIJJWAICVVPANYVXEYCMLXMJAK",
                "email": "morrs@mkrku.com",
                "role": "analyst",
                "status": "active",
                "createdAt": "2026-06-20T14:07:51.337Z"
            },
            {
                "_id": "6a369eb72e238a8d868d3d4b",
                "name": "GOHLHABXWTHJRHCHSKWFDECULFARKSIPXQHAFTJBJTCXNWHGOPGVSSIQOWGXNBAUQAFRVRNJHTMIJJWAICVVPANYVXEYCMLXMJAK",
                "email": "yilby@laejc.com",
                "role": "viewer",
                "status": "active",
                "createdAt": "2026-06-20T14:07:51.215Z"
            },
            {
                "_id": "6a369eb72e238a8d868d3d48",
                "name": "GOHLHABXWTHJRHCHSKWFDECULFARKSIPXQHAFTJBJTCXNWHGOPGVSSIQOWGXNBAUQAFRVRNJHTMIJJWAICVVPANYVXEYCMLXMJAK",
                "email": "foqeh@wasyq.com",
                "role": "admin",
                "status": "active",
                "createdAt": "2026-06-20T14:07:51.071Z"
            },
            {
                "_id": "6a369eb62e238a8d868d3d45",
                "name": "GOHLHABXWTHJRHCHSKWFDECULFARKSIPXQHAFTJBJTCXNWHGOPGVSSIQOWGXNBAUQAFRVRNJHTMIJJWAICVVPANYVXEYCMLXMJAK",
                "email": "swkql@ryrrp.com",
                "role": "analyst",
                "status": "active",
                "createdAt": "2026-06-20T14:07:50.931Z"
            },
            {
                "_id": "6a369eb62e238a8d868d3d42",
                "name": "GOHLHABXWTHJRHCHSKWFDECULFARKSIPXQHAFTJBJTCXNWHGOPGVSSIQOWGXNBAUQAFRVRNJHTMIJJWAICVVPANYVXEYCMLXMJAK",
                "email": "drqeo@xboum.com",
                "role": "viewer",
                "status": "active",
                "createdAt": "2026-06-20T14:07:50.798Z"
            },
            {
                "_id": "6a369eb62e238a8d868d3d3f",
                "name": "JK",
                "email": "qxfhs@ufkyd.com",
                "role": "admin",
                "status": "active",
                "createdAt": "2026-06-20T14:07:50.662Z"
            },
            {
                "_id": "6a369eb62e238a8d868d3d3c",
                "name": "JK",
                "email": "pinui@twrsq.com",
                "role": "analyst",
                "status": "active",
                "createdAt": "2026-06-20T14:07:50.474Z"
            },
            {
                "_id": "6a369eb62e238a8d868d3d39",
                "name": "JK",
                "email": "wmpgp@amdih.com",
                "role": "viewer",
                "status": "active",
                "createdAt": "2026-06-20T14:07:50.266Z"
            },
            {
                "_id": "6a369eb62e238a8d868d3d36",
                "name": "JK",
                "email": "vanoj@ytfod.com",
                "role": "admin",
                "status": "active",
                "createdAt": "2026-06-20T14:07:50.130Z"
            },
            {
                "_id": "6a369eb52e238a8d868d3d33",
                "name": "JK",
                "email": "vhvgw@apkya.com",
                "role": "analyst",
                "status": "active",
                "createdAt": "2026-06-20T14:07:49.995Z"
            },
            {
                "_id": "6a369eb52e238a8d868d3d30",
                "name": "JK",
                "email": "tqtkd@jtunl.com",
                "role": "viewer",
                "status": "active",
                "createdAt": "2026-06-20T14:07:49.855Z"
            },
            {
                "_id": "6a369eb52e238a8d868d3d2d",
                "name": "FKRAE",
                "email": "xnhmj@nvafy.com",
                "role": "admin",
                "status": "active",
                "createdAt": "2026-06-20T14:07:49.709Z"
            },
            {
                "_id": "6a369eb52e238a8d868d3d2a",
                "name": "VGCFH",
                "email": "gwhtu@auele.com",
                "role": "analyst",
                "status": "active",
                "createdAt": "2026-06-20T14:07:49.557Z"
            },
            {
                "_id": "6a369eb52e238a8d868d3d27",
                "name": "FQAHX",
                "email": "pdpet@wuxtr.com",
                "role": "viewer",
                "status": "active",
                "createdAt": "2026-06-20T14:07:49.328Z"
            },
            {
                "_id": "6a369eb52e238a8d868d3d24",
                "name": "FGKJD",
                "email": "pvrku@kayjq.com",
                "role": "admin",
                "status": "active",
                "createdAt": "2026-06-20T14:07:49.146Z"
            },
            {
                "_id": "6a369eb42e238a8d868d3d21",
                "name": "OENRI",
                "email": "uojvn@paepb.com",
                "role": "analyst",
                "status": "active",
                "createdAt": "2026-06-20T14:07:48.982Z"
            },
            {
                "_id": "6a369eb42e238a8d868d3d1e",
                "name": "LSEOWRXAVEIADRDHQWBBKTRCDNVFATUDRUTMOVVTYIPTPOHUTTISMQFBIRFIWTIRSBYUNYYLWBBPGVERWHNRAWQOGFJYVSPEPVBV",
                "email": "icdfe@ldtcg.com",
                "role": "admin",
                "status": "active",
                "createdAt": "2026-06-20T14:07:48.767Z"
            },
            {
                "_id": "6a369eb42e238a8d868d3d1b",
                "name": "OX",
                "email": "ioqim@kocjf.com",
                "role": "analyst",
                "status": "active",
                "createdAt": "2026-06-20T14:07:48.612Z"
            },
            {
                "_id": "6a369eb42e238a8d868d3d18",
                "name": "LXOEU",
                "email": "qchfb@wueuj.com",
                "role": "viewer",
                "status": "active",
                "createdAt": "2026-06-20T14:07:48.422Z"
            },
            {
                "_id": "6a369eb32e238a8d868d3d14",
                "name": "RPMAYGKQXAJPHESTJRXLAYOHJHEMQWHVDNVBDLGLMREQOEBDJLKHUMYFJHNJIUFTQKNUDMLEWYTMBWAPDWUNNVQFTPKITEOSEJPO",
                "email": "qhwli@mrwio.com",
                "role": "viewer",
                "status": "active",
                "createdAt": "2026-06-20T14:07:47.852Z"
            },
            {
                "_id": "6a369eb32e238a8d868d3d11",
                "name": "RPMAYGKQXAJPHESTJRXLAYOHJHEMQWHVDNVBDLGLMREQOEBDJLKHUMYFJHNJIUFTQKNUDMLEWYTMBWAPDWUNNVQFTPKITEOSEJPO",
                "email": "auqig@oovrw.com",
                "role": "viewer",
                "status": "active",
                "createdAt": "2026-06-20T14:07:47.683Z"
            },
            {
                "_id": "6a369eb32e238a8d868d3d0e",
                "name": "JR",
                "email": "ecwjd@aicph.com",
                "role": "viewer",
                "status": "active",
                "createdAt": "2026-06-20T14:07:47.490Z"
            },
            {
                "_id": "6a369eb32e238a8d868d3d0b",
                "name": "JR",
                "email": "ffbej@uutmg.com",
                "role": "viewer",
                "status": "active",
                "createdAt": "2026-06-20T14:07:47.313Z"
            },
            {
                "_id": "6a369eb32e238a8d868d3d08",
                "name": "YPASY",
                "email": "xflhb@prubo.com",
                "role": "viewer",
                "status": "active",
                "createdAt": "2026-06-20T14:07:47.134Z"
            },
            {
                "_id": "6a369eb22e238a8d868d3d05",
                "name": "SDGASTOOFVWYSJNWTRIPCHWEUVVMRGWSJJNBKEBUSDKSDLAVJIDOTTVBASGNFOKORWRMHSEWMMYDGWSOTKUFGPTLMPTOHAIUKHXE",
                "email": "dnkkv@cvvcv.com",
                "role": "viewer",
                "status": "active",
                "createdAt": "2026-06-20T14:07:46.969Z"
            },
            {
                "_id": "6a369eb22e238a8d868d3d02",
                "name": "WO",
                "email": "hmgnm@lyspo.com",
                "role": "viewer",
                "status": "active",
                "createdAt": "2026-06-20T14:07:46.746Z"
            },
            {
                "_id": "6a369eb22e238a8d868d3cff",
                "name": "TQGJU",
                "email": "reddj@uyxth.com",
                "role": "viewer",
                "status": "active",
                "createdAt": "2026-06-20T14:07:46.268Z"
            },
            {
                "_id": "6a369d3da10d607273559112",
                "name": "CKAGVOTKRAFAKTGCPVUWUHETDFYDPRREBDLSBEHNHFEHYGIYBRKHXMQRBHKXEYGLPUYGPYFNXEVXWDXYJQTUHMBYPJWVXUNQHLGA",
                "email": "dgxcq@awpof.com",
                "role": "admin",
                "status": "active",
                "createdAt": "2026-06-20T14:01:33.920Z"
            },
            {
                "_id": "6a369d3da10d60727355910f",
                "name": "CKAGVOTKRAFAKTGCPVUWUHETDFYDPRREBDLSBEHNHFEHYGIYBRKHXMQRBHKXEYGLPUYGPYFNXEVXWDXYJQTUHMBYPJWVXUNQHLGA",
                "email": "pkctr@ipxkq.com",
                "role": "analyst",
                "status": "active",
                "createdAt": "2026-06-20T14:01:33.754Z"
            },
            {
                "_id": "6a369d3da10d60727355910c",
                "name": "CKAGVOTKRAFAKTGCPVUWUHETDFYDPRREBDLSBEHNHFEHYGIYBRKHXMQRBHKXEYGLPUYGPYFNXEVXWDXYJQTUHMBYPJWVXUNQHLGA",
                "email": "pfawb@uoxxl.com",
                "role": "viewer",
                "status": "active",
                "createdAt": "2026-06-20T14:01:33.569Z"
            },
            {
                "_id": "6a369d3da10d607273559109",
                "name": "CKAGVOTKRAFAKTGCPVUWUHETDFYDPRREBDLSBEHNHFEHYGIYBRKHXMQRBHKXEYGLPUYGPYFNXEVXWDXYJQTUHMBYPJWVXUNQHLGA",
                "email": "yijyl@sicbh.com",
                "role": "admin",
                "status": "active",
                "createdAt": "2026-06-20T14:01:33.428Z"
            },
            {
                "_id": "6a369d3da10d607273559106",
                "name": "CKAGVOTKRAFAKTGCPVUWUHETDFYDPRREBDLSBEHNHFEHYGIYBRKHXMQRBHKXEYGLPUYGPYFNXEVXWDXYJQTUHMBYPJWVXUNQHLGA",
                "email": "agbuh@rthxu.com",
                "role": "analyst",
                "status": "active",
                "createdAt": "2026-06-20T14:01:33.257Z"
            },
            {
                "_id": "6a369d3da10d607273559103",
                "name": "CKAGVOTKRAFAKTGCPVUWUHETDFYDPRREBDLSBEHNHFEHYGIYBRKHXMQRBHKXEYGLPUYGPYFNXEVXWDXYJQTUHMBYPJWVXUNQHLGA",
                "email": "wewgk@fxbxc.com",
                "role": "viewer",
                "status": "active",
                "createdAt": "2026-06-20T14:01:33.092Z"
            },
            {
                "_id": "6a369d3ca10d607273559100",
                "name": "WY",
                "email": "yacpq@sqisq.com",
                "role": "admin",
                "status": "active",
                "createdAt": "2026-06-20T14:01:32.904Z"
            },
            {
                "_id": "6a369d3ca10d6072735590fd",
                "name": "WY",
                "email": "abmgo@unlka.com",
                "role": "analyst",
                "status": "active",
                "createdAt": "2026-06-20T14:01:32.737Z"
            },
            {
                "_id": "6a369d3ca10d6072735590fa",
                "name": "WY",
                "email": "arfqu@cdjfw.com",
                "role": "viewer",
                "status": "active",
                "createdAt": "2026-06-20T14:01:32.541Z"
            },
            {
                "_id": "6a369d3ca10d6072735590f7",
                "name": "WY",
                "email": "fswlk@vledb.com",
                "role": "admin",
                "status": "active",
                "createdAt": "2026-06-20T14:01:32.403Z"
            },
            {
                "_id": "6a369d3ca10d6072735590f4",
                "name": "WY",
                "email": "kktun@qqvfp.com",
                "role": "analyst",
                "status": "active",
                "createdAt": "2026-06-20T14:01:32.237Z"
            },
            {
                "_id": "6a369d3ca10d6072735590f1",
                "name": "WY",
                "email": "vrbax@ffbmy.com",
                "role": "viewer",
                "status": "active",
                "createdAt": "2026-06-20T14:01:32.067Z"
            },
            {
                "_id": "6a369d3ba10d6072735590ee",
                "name": "NPKPH",
                "email": "gsboo@rqpyh.com",
                "role": "admin",
                "status": "active",
                "createdAt": "2026-06-20T14:01:31.901Z"
            },
            {
                "_id": "6a369d3ba10d6072735590eb",
                "name": "NVWLT",
                "email": "ninme@wtehn.com",
                "role": "analyst",
                "status": "active",
                "createdAt": "2026-06-20T14:01:31.745Z"
            },
            {
                "_id": "6a369d3ba10d6072735590e8",
                "name": "XKTJM",
                "email": "hgcdu@uwxeu.com",
                "role": "viewer",
                "status": "active",
                "createdAt": "2026-06-20T14:01:31.489Z"
            },
            {
                "_id": "6a369d3ba10d6072735590e5",
                "name": "IYOXF",
                "email": "sghrn@fjova.com",
                "role": "admin",
                "status": "active",
                "createdAt": "2026-06-20T14:01:31.291Z"
            },
            {
                "_id": "6a369d3ba10d6072735590e2",
                "name": "CECXV",
                "email": "ugbui@ymjbh.com",
                "role": "analyst",
                "status": "active",
                "createdAt": "2026-06-20T14:01:31.108Z"
            },
            {
                "_id": "6a369d3aa10d6072735590df",
                "name": "SUOJPGRACTTVTGDPXCFOWFITPMIPORCTWDDNDIWKYULVQNSXLIRCMOEXAGFJYOBIXYTXECDLXPVJSAKHMKBTJWHGLCHNARKJIPUV",
                "email": "aseri@xypxh.com",
                "role": "admin",
                "status": "active",
                "createdAt": "2026-06-20T14:01:30.895Z"
            },
            {
                "_id": "6a369d3aa10d6072735590dc",
                "name": "CO",
                "email": "kihax@phpjg.com",
                "role": "analyst",
                "status": "active",
                "createdAt": "2026-06-20T14:01:30.749Z"
            },
            {
                "_id": "6a369d3aa10d6072735590d9",
                "name": "VKESO",
                "email": "byaif@cyxkh.com",
                "role": "viewer",
                "status": "active",
                "createdAt": "2026-06-20T14:01:30.612Z"
            },
            {
                "_id": "6a369d3aa10d6072735590d5",
                "name": "QUYURGPEKJCJNWGMFFMKEQADAKOKDPHFMUJQPTKXJSFULAHLNEYUYOODMSCESQHUIHOVCXUISHWQMVMBQBHGIHWPCYAXSVMYRIAW",
                "email": "wsivo@ibipx.com",
                "role": "viewer",
                "status": "active",
                "createdAt": "2026-06-20T14:01:30.050Z"
            },
            {
                "_id": "6a369d39a10d6072735590d2",
                "name": "QUYURGPEKJCJNWGMFFMKEQADAKOKDPHFMUJQPTKXJSFULAHLNEYUYOODMSCESQHUIHOVCXUISHWQMVMBQBHGIHWPCYAXSVMYRIAW",
                "email": "vgqun@hccvu.com",
                "role": "viewer",
                "status": "active",
                "createdAt": "2026-06-20T14:01:29.897Z"
            },
            {
                "_id": "6a369d39a10d6072735590cf",
                "name": "QR",
                "email": "hpfuq@lefuo.com",
                "role": "viewer",
                "status": "active",
                "createdAt": "2026-06-20T14:01:29.757Z"
            },
            {
                "_id": "6a369d39a10d6072735590cc",
                "name": "QR",
                "email": "qaucy@rxvsv.com",
                "role": "viewer",
                "status": "active",
                "createdAt": "2026-06-20T14:01:29.577Z"
            },
            {
                "_id": "6a369d39a10d6072735590c9",
                "name": "UCYVL",
                "email": "bwxcq@appoq.com",
                "role": "viewer",
                "status": "active",
                "createdAt": "2026-06-20T14:01:29.343Z"
            },
            {
                "_id": "6a369d39a10d6072735590c6",
                "name": "TEBGYWVCUHOJTCKMURLFAHQAXOQITFIMEBDWWAIXYTPAPXLXROGXJLYIEXKPLKHGYQGVBYLJDVBHEPELSQRURGVEVAUTWHIKJBQU",
                "email": "rusub@tjhki.com",
                "role": "viewer",
                "status": "active",
                "createdAt": "2026-06-20T14:01:29.102Z"
            },
            {
                "_id": "6a369d38a10d6072735590c3",
                "name": "DP",
                "email": "ibqco@teysg.com",
                "role": "viewer",
                "status": "active",
                "createdAt": "2026-06-20T14:01:28.817Z"
            },
            {
                "_id": "6a369d38a10d6072735590c0",
                "name": "FBTSE",
                "email": "uowji@ijbgg.com",
                "role": "viewer",
                "status": "active",
                "createdAt": "2026-06-20T14:01:28.336Z"
            },
            {
                "_id": "6a3663b5a10d607273559060",
                "name": "DAJYRYALNQWVSQUKDLULQXWJDMXXEUDWBDBDLPUMKEFXVDUUQRCLVIETBPMNLHMJHXQULTJAIJQQXUJHCOBNUCAVCSSDUGHAPUVK",
                "email": "cmtki@pnqrc.com",
                "role": "admin",
                "status": "active",
                "createdAt": "2026-06-20T09:56:05.288Z"
            },
            {
                "_id": "6a3663b5a10d60727355905d",
                "name": "DAJYRYALNQWVSQUKDLULQXWJDMXXEUDWBDBDLPUMKEFXVDUUQRCLVIETBPMNLHMJHXQULTJAIJQQXUJHCOBNUCAVCSSDUGHAPUVK",
                "email": "xacwp@gfoon.com",
                "role": "analyst",
                "status": "active",
                "createdAt": "2026-06-20T09:56:05.076Z"
            },
            {
                "_id": "6a3663b4a10d60727355905a",
                "name": "DAJYRYALNQWVSQUKDLULQXWJDMXXEUDWBDBDLPUMKEFXVDUUQRCLVIETBPMNLHMJHXQULTJAIJQQXUJHCOBNUCAVCSSDUGHAPUVK",
                "email": "fdrqr@whhyo.com",
                "role": "viewer",
                "status": "active",
                "createdAt": "2026-06-20T09:56:04.874Z"
            },
            {
                "_id": "6a3663b4a10d607273559057",
                "name": "DAJYRYALNQWVSQUKDLULQXWJDMXXEUDWBDBDLPUMKEFXVDUUQRCLVIETBPMNLHMJHXQULTJAIJQQXUJHCOBNUCAVCSSDUGHAPUVK",
                "email": "qdadb@rfedo.com",
                "role": "admin",
                "status": "active",
                "createdAt": "2026-06-20T09:56:04.677Z"
            },
            {
                "_id": "6a3663b4a10d607273559054",
                "name": "DAJYRYALNQWVSQUKDLULQXWJDMXXEUDWBDBDLPUMKEFXVDUUQRCLVIETBPMNLHMJHXQULTJAIJQQXUJHCOBNUCAVCSSDUGHAPUVK",
                "email": "gpsul@ypsvq.com",
                "role": "analyst",
                "status": "active",
                "createdAt": "2026-06-20T09:56:04.461Z"
            },
            {
                "_id": "6a3663b4a10d607273559051",
                "name": "DAJYRYALNQWVSQUKDLULQXWJDMXXEUDWBDBDLPUMKEFXVDUUQRCLVIETBPMNLHMJHXQULTJAIJQQXUJHCOBNUCAVCSSDUGHAPUVK",
                "email": "qmblx@bnbqt.com",
                "role": "viewer",
                "status": "active",
                "createdAt": "2026-06-20T09:56:04.261Z"
            },
            {
                "_id": "6a3663b4a10d60727355904e",
                "name": "PO",
                "email": "bdaqo@ryyhh.com",
                "role": "admin",
                "status": "active",
                "createdAt": "2026-06-20T09:56:04.070Z"
            },
            {
                "_id": "6a3663b3a10d60727355904b",
                "name": "PO",
                "email": "txskr@jevle.com",
                "role": "analyst",
                "status": "active",
                "createdAt": "2026-06-20T09:56:03.895Z"
            },
            {
                "_id": "6a3663b3a10d607273559048",
                "name": "PO",
                "email": "uetud@ordax.com",
                "role": "viewer",
                "status": "active",
                "createdAt": "2026-06-20T09:56:03.759Z"
            },
            {
                "_id": "6a3663b3a10d607273559045",
                "name": "PO",
                "email": "myqyx@rthol.com",
                "role": "admin",
                "status": "active",
                "createdAt": "2026-06-20T09:56:03.596Z"
            },
            {
                "_id": "6a3663b3a10d607273559042",
                "name": "PO",
                "email": "fsptt@agrhn.com",
                "role": "analyst",
                "status": "active",
                "createdAt": "2026-06-20T09:56:03.234Z"
            },
            {
                "_id": "6a3663b2a10d60727355903f",
                "name": "PO",
                "email": "debxe@ardap.com",
                "role": "viewer",
                "status": "active",
                "createdAt": "2026-06-20T09:56:02.974Z"
            },
            {
                "_id": "6a3663b2a10d60727355903c",
                "name": "CCBDE",
                "email": "njhmm@hhljr.com",
                "role": "admin",
                "status": "active",
                "createdAt": "2026-06-20T09:56:02.664Z"
            },
            {
                "_id": "6a3663b2a10d607273559039",
                "name": "JIBCC",
                "email": "tdwwt@glhao.com",
                "role": "analyst",
                "status": "active",
                "createdAt": "2026-06-20T09:56:02.451Z"
            },
            {
                "_id": "6a3663b2a10d607273559036",
                "name": "VRPDE",
                "email": "uqhke@htyju.com",
                "role": "viewer",
                "status": "active",
                "createdAt": "2026-06-20T09:56:02.207Z"
            },
            {
                "_id": "6a3663b1a10d607273559033",
                "name": "JIWHK",
                "email": "qejlu@nibsd.com",
                "role": "admin",
                "status": "active",
                "createdAt": "2026-06-20T09:56:01.934Z"
            },
            {
                "_id": "6a3663b1a10d607273559030",
                "name": "UUDQC",
                "email": "nckcu@kbvrq.com",
                "role": "analyst",
                "status": "active",
                "createdAt": "2026-06-20T09:56:01.631Z"
            },
            {
                "_id": "6a3663b1a10d60727355902d",
                "name": "RGRCHVHXIGGJEDQYDSPFJDOTPYWJYONHFPFMMCQTABPBJXJPXHWTATSFHHMJANYPYECYGAWQBOIFCPMRCVFIOTQXPJDXFTCHUFQG",
                "email": "hafyi@uiapp.com",
                "role": "admin",
                "status": "active",
                "createdAt": "2026-06-20T09:56:01.444Z"
            },
            {
                "_id": "6a3663b1a10d60727355902a",
                "name": "WL",
                "email": "ujyry@wexku.com",
                "role": "analyst",
                "status": "active",
                "createdAt": "2026-06-20T09:56:01.267Z"
            },
            {
                "_id": "6a3663b1a10d607273559027",
                "name": "QUPVT",
                "email": "osoxi@gygtn.com",
                "role": "viewer",
                "status": "active",
                "createdAt": "2026-06-20T09:56:01.122Z"
            },
            {
                "_id": "6a3663b0a10d607273559023",
                "name": "DNXSNIHKUNDEIPHQWKYAYOJVAYYLXRQAFEVWTPSOGJXXRUFDGWHXELKRLBHGWYWXXCNBRNBQYBDCQSYLUYRFUMBMEYSYMXYDIEUF",
                "email": "lvsak@pcjau.com",
                "role": "viewer",
                "status": "active",
                "createdAt": "2026-06-20T09:56:00.607Z"
            },
            {
                "_id": "6a3663b0a10d607273559020",
                "name": "DNXSNIHKUNDEIPHQWKYAYOJVAYYLXRQAFEVWTPSOGJXXRUFDGWHXELKRLBHGWYWXXCNBRNBQYBDCQSYLUYRFUMBMEYSYMXYDIEUF",
                "email": "cvtrk@diwyu.com",
                "role": "viewer",
                "status": "active",
                "createdAt": "2026-06-20T09:56:00.431Z"
            },
            {
                "_id": "6a3663b0a10d60727355901d",
                "name": "BV",
                "email": "uwqwo@haoqm.com",
                "role": "viewer",
                "status": "active",
                "createdAt": "2026-06-20T09:56:00.186Z"
            },
            {
                "_id": "6a3663b0a10d60727355901a",
                "name": "BV",
                "email": "osghb@vtlih.com",
                "role": "viewer",
                "status": "active",
                "createdAt": "2026-06-20T09:56:00.001Z"
            },
            {
                "_id": "6a3663afa10d607273559017",
                "name": "NMDVK",
                "email": "votob@pkqay.com",
                "role": "viewer",
                "status": "active",
                "createdAt": "2026-06-20T09:55:59.833Z"
            },
            {
                "_id": "6a3663afa10d607273559014",
                "name": "SBTPETDKTSGAOQUQTVSLRHFBVEVXVIJFLMDBMFAAVGVLXXUGQPJYRHDVOFVGHNOKXRETENLHUVBRRNIVNHSEWLHUQBFIRROQNWYG",
                "email": "vqcol@xkaje.com",
                "role": "viewer",
                "status": "active",
                "createdAt": "2026-06-20T09:55:59.630Z"
            },
            {
                "_id": "6a3663afa10d607273559011",
                "name": "RV",
                "email": "wdjlo@auyde.com",
                "role": "viewer",
                "status": "active",
                "createdAt": "2026-06-20T09:55:59.343Z"
            },
            {
                "_id": "6a3663afa10d60727355900e",
                "name": "MKXCC",
                "email": "mmoyv@dlcxv.com",
                "role": "viewer",
                "status": "active",
                "createdAt": "2026-06-20T09:55:59.068Z"
            },
            {
                "_id": "6a365ffba10d607273558fae",
                "name": "KFKTBLKYAJNGYWLFYMEKRNPMNRWXVRULUSGERMGBSLHTJJKXEIYUNBLQMRRMBLKYKMOXDLUNASLCRVWGXVXQSCTOQHVNYHNKFCWF",
                "email": "hcnsn@rbirt.com",
                "role": "admin",
                "status": "active",
                "createdAt": "2026-06-20T09:40:11.642Z"
            },
            {
                "_id": "6a365ffba10d607273558fab",
                "name": "KFKTBLKYAJNGYWLFYMEKRNPMNRWXVRULUSGERMGBSLHTJJKXEIYUNBLQMRRMBLKYKMOXDLUNASLCRVWGXVXQSCTOQHVNYHNKFCWF",
                "email": "nwone@ybnjv.com",
                "role": "analyst",
                "status": "active",
                "createdAt": "2026-06-20T09:40:11.379Z"
            },
            {
                "_id": "6a365ffba10d607273558fa8",
                "name": "KFKTBLKYAJNGYWLFYMEKRNPMNRWXVRULUSGERMGBSLHTJJKXEIYUNBLQMRRMBLKYKMOXDLUNASLCRVWGXVXQSCTOQHVNYHNKFCWF",
                "email": "msugd@xjjie.com",
                "role": "viewer",
                "status": "active",
                "createdAt": "2026-06-20T09:40:11.206Z"
            },
            {
                "_id": "6a365ffaa10d607273558fa5",
                "name": "KFKTBLKYAJNGYWLFYMEKRNPMNRWXVRULUSGERMGBSLHTJJKXEIYUNBLQMRRMBLKYKMOXDLUNASLCRVWGXVXQSCTOQHVNYHNKFCWF",
                "email": "bvocc@kucvd.com",
                "role": "admin",
                "status": "active",
                "createdAt": "2026-06-20T09:40:10.996Z"
            },
            {
                "_id": "6a365ffaa10d607273558fa2",
                "name": "KFKTBLKYAJNGYWLFYMEKRNPMNRWXVRULUSGERMGBSLHTJJKXEIYUNBLQMRRMBLKYKMOXDLUNASLCRVWGXVXQSCTOQHVNYHNKFCWF",
                "email": "yfrhi@qyokr.com",
                "role": "analyst",
                "status": "active",
                "createdAt": "2026-06-20T09:40:10.796Z"
            },
            {
                "_id": "6a365ffaa10d607273558f9f",
                "name": "KFKTBLKYAJNGYWLFYMEKRNPMNRWXVRULUSGERMGBSLHTJJKXEIYUNBLQMRRMBLKYKMOXDLUNASLCRVWGXVXQSCTOQHVNYHNKFCWF",
                "email": "yamdv@tjapy.com",
                "role": "viewer",
                "status": "active",
                "createdAt": "2026-06-20T09:40:10.596Z"
            },
            {
                "_id": "6a365ffaa10d607273558f9c",
                "name": "MA",
                "email": "nifpc@pfwwo.com",
                "role": "admin",
                "status": "active",
                "createdAt": "2026-06-20T09:40:10.407Z"
            },
            {
                "_id": "6a365ffaa10d607273558f99",
                "name": "MA",
                "email": "vfstt@dquts.com",
                "role": "analyst",
                "status": "active",
                "createdAt": "2026-06-20T09:40:10.258Z"
            },
            {
                "_id": "6a365ffaa10d607273558f96",
                "name": "MA",
                "email": "eistm@jnbgr.com",
                "role": "viewer",
                "status": "active",
                "createdAt": "2026-06-20T09:40:10.095Z"
            },
            {
                "_id": "6a365ff9a10d607273558f93",
                "name": "MA",
                "email": "jlthi@yrqga.com",
                "role": "admin",
                "status": "active",
                "createdAt": "2026-06-20T09:40:09.907Z"
            },
            {
                "_id": "6a365ff9a10d607273558f90",
                "name": "MA",
                "email": "uiqnf@butla.com",
                "role": "analyst",
                "status": "active",
                "createdAt": "2026-06-20T09:40:09.718Z"
            },
            {
                "_id": "6a365ff9a10d607273558f8d",
                "name": "MA",
                "email": "nsymq@rxpon.com",
                "role": "viewer",
                "status": "active",
                "createdAt": "2026-06-20T09:40:09.533Z"
            },
            {
                "_id": "6a365ff9a10d607273558f8a",
                "name": "LLKIL",
                "email": "kpeai@bcint.com",
                "role": "admin",
                "status": "active",
                "createdAt": "2026-06-20T09:40:09.358Z"
            },
            {
                "_id": "6a365ff9a10d607273558f87",
                "name": "KOFKN",
                "email": "efane@ggdwr.com",
                "role": "analyst",
                "status": "active",
                "createdAt": "2026-06-20T09:40:09.154Z"
            },
            {
                "_id": "6a365ff8a10d607273558f84",
                "name": "IPXRI",
                "email": "quugp@xlijb.com",
                "role": "viewer",
                "status": "active",
                "createdAt": "2026-06-20T09:40:08.943Z"
            },
            {
                "_id": "6a365ff8a10d607273558f81",
                "name": "LCAMH",
                "email": "bwdne@lyisj.com",
                "role": "admin",
                "status": "active",
                "createdAt": "2026-06-20T09:40:08.661Z"
            },
            {
                "_id": "6a365ff8a10d607273558f7e",
                "name": "ISEVH",
                "email": "sdxlm@hgflh.com",
                "role": "analyst",
                "status": "active",
                "createdAt": "2026-06-20T09:40:08.499Z"
            },
            {
                "_id": "6a365ff8a10d607273558f7b",
                "name": "RJRXVMNDSEJMASQOBFHTPMQHFDLRTSUVHSDTSWCCPJUHDFSUSTLJEFTSCPIJPDKYYWUCVVPPOCYHRNOKXNYVFHSYFBKGCKBWNWNX",
                "email": "hqiwv@ghqnr.com",
                "role": "admin",
                "status": "active",
                "createdAt": "2026-06-20T09:40:08.333Z"
            },
            {
                "_id": "6a365ff8a10d607273558f78",
                "name": "WH",
                "email": "sogfa@crxsg.com",
                "role": "analyst",
                "status": "active",
                "createdAt": "2026-06-20T09:40:08.131Z"
            },
            {
                "_id": "6a365ff7a10d607273558f75",
                "name": "EIQYR",
                "email": "dlvrh@apomp.com",
                "role": "viewer",
                "status": "active",
                "createdAt": "2026-06-20T09:40:07.981Z"
            },
            {
                "_id": "6a365ff7a10d607273558f71",
                "name": "QMAXKXTYQAXLSKQUFWBYNHYQPOUHBHTRYKGBWGEFDSVIIQPBAWRIELKKGCYFBXKIHQLKJXUQLDXCVXLPPYAKKJDJSTETMSONBKDK",
                "email": "kvlll@hswpe.com",
                "role": "viewer",
                "status": "active",
                "createdAt": "2026-06-20T09:40:07.369Z"
            },
            {
                "_id": "6a365ff7a10d607273558f6e",
                "name": "QMAXKXTYQAXLSKQUFWBYNHYQPOUHBHTRYKGBWGEFDSVIIQPBAWRIELKKGCYFBXKIHQLKJXUQLDXCVXLPPYAKKJDJSTETMSONBKDK",
                "email": "cjabe@thqen.com",
                "role": "viewer",
                "status": "active",
                "createdAt": "2026-06-20T09:40:07.152Z"
            },
            {
                "_id": "6a365ff6a10d607273558f6b",
                "name": "SW",
                "email": "lvweh@nfwtk.com",
                "role": "viewer",
                "status": "active",
                "createdAt": "2026-06-20T09:40:06.973Z"
            },
            {
                "_id": "6a365ff6a10d607273558f68",
                "name": "SW",
                "email": "lmhhx@rmgop.com",
                "role": "viewer",
                "status": "active",
                "createdAt": "2026-06-20T09:40:06.771Z"
            },
            {
                "_id": "6a365ff6a10d607273558f65",
                "name": "IIYWL",
                "email": "dxkki@mlvyu.com",
                "role": "viewer",
                "status": "active",
                "createdAt": "2026-06-20T09:40:06.559Z"
            },
            {
                "_id": "6a365ff6a10d607273558f62",
                "name": "NOEFUTMWSALMIXSJCHBEPIAUIRJRBAOAHFTARFHLMGURLAJYDACFLQQRXTROTIOLWOMRSHJGJSLMAEOUKJTYQHNCQEXHWYBGYEXT",
                "email": "ndybb@mheou.com",
                "role": "viewer",
                "status": "active",
                "createdAt": "2026-06-20T09:40:06.367Z"
            },
            {
                "_id": "6a365ff6a10d607273558f5f",
                "name": "VW",
                "email": "rnjwm@lvhrr.com",
                "role": "viewer",
                "status": "active",
                "createdAt": "2026-06-20T09:40:06.185Z"
            },
            {
                "_id": "6a365ff5a10d607273558f5c",
                "name": "VGGAM",
                "email": "raqfv@wpuao.com",
                "role": "viewer",
                "status": "active",
                "createdAt": "2026-06-20T09:40:05.902Z"
            }
        ]
    }

Scenario: GET /api/users -> 200 has SUCCEEDED


--------------------
  Skipping Scenario: GET /api/users -> 401 (responseContentType application/json)
  T00002: Examples Required
  Documentation: https://docs.specmatic.io/rules#t00002
  Summary: This operation requires examples to run, but none were provided
  

--------------------
  Skipping Scenario: GET /api/users -> 403 (responseContentType application/json)
  T00002: Examples Required
  Documentation: https://docs.specmatic.io/rules#t00002
  Summary: This operation requires examples to run, but none were provided
  

--------------------
  Request to http://host.docker.internal:5000 at 2026-6-21 5:18:57.818
    PATCH /api/users/TXRNH
    Authorization: Bearer WAILW
    Specmatic-Response-Code: 200
    Host: host.docker.internal:5000
    Accept-Charset: UTF-8
    Accept: */*
    Content-Type: application/json
    
    {
        "name": "TMICS",
        "role": "viewer",
        "status": "active"
    }

  Response at 2026-6-21 5:18:57.847
    500 Internal Server Error
    X-Powered-By: Express
    Access-Control-Allow-Origin: *
    Content-Type: application/json; charset=utf-8
    Content-Length: 22
    ETag: W/"16-YfIJP5QaqHJaUMiN9VaFHkliv4E"
    Date: Sun, 21 Jun 2026 05:18:57 GMT
    Connection: keep-alive
    Keep-Alive: timeout=5
    
    {
        "msg": "Server error"
    }

Scenario: PATCH /api/users/(id:string) -> 200 with a request where REQUEST.BODY contains all the keys AND the key role is set to 'viewer' from enum AND status is set to 'active' from enum has FAILED
Reason:
Testing scenario "Update user (admin only). Response: User updated successfully"
API: PATCH /api/users/(id:string) -> 200

  >> RESPONSE.STATUS
  
      R0002: HTTP status mismatch
      Documentation: https://docs.specmatic.io/rules#r0002
      Summary: The HTTP status code does not match the expected status code defined in the specification
  
      Specification expected status 200 but response contained status 500



--------------------
  Request to http://host.docker.internal:5000 at 2026-6-21 5:18:57.865
    PATCH /api/users/LLVDM
    Authorization: Bearer BEYFA
    Specmatic-Response-Code: 200
    Host: host.docker.internal:5000
    Accept-Charset: UTF-8
    Accept: */*
    Content-Type: application/json
    
    {
        "name": "PC",
        "role": "analyst",
        "status": "inactive"
    }

  Response at 2026-6-21 5:18:57.893
    500 Internal Server Error
    X-Powered-By: Express
    Access-Control-Allow-Origin: *
    Content-Type: application/json; charset=utf-8
    Content-Length: 22
    ETag: W/"16-YfIJP5QaqHJaUMiN9VaFHkliv4E"
    Date: Sun, 21 Jun 2026 05:18:57 GMT
    Connection: keep-alive
    Keep-Alive: timeout=5
    
    {
        "msg": "Server error"
    }

Scenario: PATCH /api/users/(id:string) -> 200 with a request where REQUEST.BODY contains all the keys AND the key name is set to the shortest possible string AND role is set to 'analyst' from enum AND status is set to 'inactive' from enum has FAILED
Reason:
Testing scenario "Update user (admin only). Response: User updated successfully"
API: PATCH /api/users/(id:string) -> 200

  >> RESPONSE.STATUS
  
      R0002: HTTP status mismatch
      Documentation: https://docs.specmatic.io/rules#r0002
      Summary: The HTTP status code does not match the expected status code defined in the specification
  
      Specification expected status 200 but response contained status 500



--------------------
  Request to http://host.docker.internal:5000 at 2026-6-21 5:18:57.912
    PATCH /api/users/OKXSS
    Authorization: Bearer UOPXC
    Specmatic-Response-Code: 200
    Host: host.docker.internal:5000
    Accept-Charset: UTF-8
    Accept: */*
    Content-Type: application/json
    
    {
        "name": "KTXYHXHUCWYKGHXBQKCMGYGGFDPFSCIYASIQTVYGDXMOXNLAFTPMICIQYXXWEGWOFTYANHRALAKDLBVNOEJSIVURSQQOBXSGFTPQ",
        "role": "admin",
        "status": "active"
    }

  Response at 2026-6-21 5:18:57.936
    500 Internal Server Error
    X-Powered-By: Express
    Access-Control-Allow-Origin: *
    Content-Type: application/json; charset=utf-8
    Content-Length: 22
    ETag: W/"16-YfIJP5QaqHJaUMiN9VaFHkliv4E"
    Date: Sun, 21 Jun 2026 05:18:57 GMT
    Connection: keep-alive
    Keep-Alive: timeout=5
    
    {
        "msg": "Server error"
    }

Scenario: PATCH /api/users/(id:string) -> 200 with a request where REQUEST.BODY contains all the keys AND the key name is set to the longest possible string AND role is set to 'admin' from enum AND status is set to 'active' from enum has FAILED
Reason:
Testing scenario "Update user (admin only). Response: User updated successfully"
API: PATCH /api/users/(id:string) -> 200

  >> RESPONSE.STATUS
  
      R0002: HTTP status mismatch
      Documentation: https://docs.specmatic.io/rules#r0002
      Summary: The HTTP status code does not match the expected status code defined in the specification
  
      Specification expected status 200 but response contained status 500



--------------------
  Request to http://host.docker.internal:5000 at 2026-6-21 5:18:57.952
    PATCH /api/users/GHBIH
    Authorization: Bearer SCWMU
    Specmatic-Response-Code: 200
    Host: host.docker.internal:5000
    Accept-Charset: UTF-8
    Accept: */*
    Content-Type: application/json
    
    {
        "name": "LQJFW",
        "role": "viewer",
        "status": "inactive"
    }

  Response at 2026-6-21 5:18:57.973
    500 Internal Server Error
    X-Powered-By: Express
    Access-Control-Allow-Origin: *
    Content-Type: application/json; charset=utf-8
    Content-Length: 22
    ETag: W/"16-YfIJP5QaqHJaUMiN9VaFHkliv4E"
    Date: Sun, 21 Jun 2026 05:18:57 GMT
    Connection: keep-alive
    Keep-Alive: timeout=5
    
    {
        "msg": "Server error"
    }

Scenario: PATCH /api/users/(id:string) -> 200 with a request where REQUEST.BODY contains all the keys AND the key role is set to 'viewer' from enum AND status is set to 'inactive' from enum has FAILED
Reason:
Testing scenario "Update user (admin only). Response: User updated successfully"
API: PATCH /api/users/(id:string) -> 200

  >> RESPONSE.STATUS
  
      R0002: HTTP status mismatch
      Documentation: https://docs.specmatic.io/rules#r0002
      Summary: The HTTP status code does not match the expected status code defined in the specification
  
      Specification expected status 200 but response contained status 500



--------------------
  Request to http://host.docker.internal:5000 at 2026-6-21 5:18:57.985
    PATCH /api/users/XFPRB
    Authorization: Bearer FNFVX
    Specmatic-Response-Code: 200
    Host: host.docker.internal:5000
    Accept-Charset: UTF-8
    Accept: */*
    Content-Type: application/json
    
    {
        "name": "QULAO",
        "role": "analyst",
        "status": "active"
    }

  Response at 2026-6-21 5:18:58.9
    500 Internal Server Error
    X-Powered-By: Express
    Access-Control-Allow-Origin: *
    Content-Type: application/json; charset=utf-8
    Content-Length: 22
    ETag: W/"16-YfIJP5QaqHJaUMiN9VaFHkliv4E"
    Date: Sun, 21 Jun 2026 05:18:58 GMT
    Connection: keep-alive
    Keep-Alive: timeout=5
    
    {
        "msg": "Server error"
    }

Scenario: PATCH /api/users/(id:string) -> 200 with a request where REQUEST.BODY contains all the keys AND the key role is set to 'analyst' from enum AND status is set to 'active' from enum has FAILED
Reason:
Testing scenario "Update user (admin only). Response: User updated successfully"
API: PATCH /api/users/(id:string) -> 200

  >> RESPONSE.STATUS
  
      R0002: HTTP status mismatch
      Documentation: https://docs.specmatic.io/rules#r0002
      Summary: The HTTP status code does not match the expected status code defined in the specification
  
      Specification expected status 200 but response contained status 500



--------------------
  Request to http://host.docker.internal:5000 at 2026-6-21 5:18:58.20
    PATCH /api/users/HQVUE
    Authorization: Bearer PSJTC
    Specmatic-Response-Code: 200
    Host: host.docker.internal:5000
    Accept-Charset: UTF-8
    Accept: */*
    Content-Type: application/json
    
    {
        "name": "KYBOC",
        "role": "analyst",
        "status": "inactive"
    }

  Response at 2026-6-21 5:18:58.40
    500 Internal Server Error
    X-Powered-By: Express
    Access-Control-Allow-Origin: *
    Content-Type: application/json; charset=utf-8
    Content-Length: 22
    ETag: W/"16-YfIJP5QaqHJaUMiN9VaFHkliv4E"
    Date: Sun, 21 Jun 2026 05:18:58 GMT
    Connection: keep-alive
    Keep-Alive: timeout=5
    
    {
        "msg": "Server error"
    }

Scenario: PATCH /api/users/(id:string) -> 200 with a request where REQUEST.BODY contains all the keys AND the key role is set to 'analyst' from enum AND status is set to 'inactive' from enum has FAILED
Reason:
Testing scenario "Update user (admin only). Response: User updated successfully"
API: PATCH /api/users/(id:string) -> 200

  >> RESPONSE.STATUS
  
      R0002: HTTP status mismatch
      Documentation: https://docs.specmatic.io/rules#r0002
      Summary: The HTTP status code does not match the expected status code defined in the specification
  
      Specification expected status 200 but response contained status 500



--------------------
  Request to http://host.docker.internal:5000 at 2026-6-21 5:18:58.55
    PATCH /api/users/PYGJW
    Authorization: Bearer VSJXW
    Specmatic-Response-Code: 200
    Host: host.docker.internal:5000
    Accept-Charset: UTF-8
    Accept: */*
    Content-Type: application/json
    
    {
        "name": "FYNAQ",
        "role": "admin",
        "status": "active"
    }

  Response at 2026-6-21 5:18:58.75
    500 Internal Server Error
    X-Powered-By: Express
    Access-Control-Allow-Origin: *
    Content-Type: application/json; charset=utf-8
    Content-Length: 22
    ETag: W/"16-YfIJP5QaqHJaUMiN9VaFHkliv4E"
    Date: Sun, 21 Jun 2026 05:18:58 GMT
    Connection: keep-alive
    Keep-Alive: timeout=5
    
    {
        "msg": "Server error"
    }

Scenario: PATCH /api/users/(id:string) -> 200 with a request where REQUEST.BODY contains all the keys AND the key role is set to 'admin' from enum AND status is set to 'active' from enum has FAILED
Reason:
Testing scenario "Update user (admin only). Response: User updated successfully"
API: PATCH /api/users/(id:string) -> 200

  >> RESPONSE.STATUS
  
      R0002: HTTP status mismatch
      Documentation: https://docs.specmatic.io/rules#r0002
      Summary: The HTTP status code does not match the expected status code defined in the specification
  
      Specification expected status 200 but response contained status 500



--------------------
  Request to http://host.docker.internal:5000 at 2026-6-21 5:18:58.88
    PATCH /api/users/BHEVP
    Authorization: Bearer DIPFA
    Specmatic-Response-Code: 200
    Host: host.docker.internal:5000
    Accept-Charset: UTF-8
    Accept: */*
    Content-Type: application/json
    
    {
        "name": "QQHUR",
        "role": "admin",
        "status": "inactive"
    }

  Response at 2026-6-21 5:18:58.115
    500 Internal Server Error
    X-Powered-By: Express
    Access-Control-Allow-Origin: *
    Content-Type: application/json; charset=utf-8
    Content-Length: 22
    ETag: W/"16-YfIJP5QaqHJaUMiN9VaFHkliv4E"
    Date: Sun, 21 Jun 2026 05:18:58 GMT
    Connection: keep-alive
    Keep-Alive: timeout=5
    
    {
        "msg": "Server error"
    }

Scenario: PATCH /api/users/(id:string) -> 200 with a request where REQUEST.BODY contains all the keys AND the key role is set to 'admin' from enum AND status is set to 'inactive' from enum has FAILED
Reason:
Testing scenario "Update user (admin only). Response: User updated successfully"
API: PATCH /api/users/(id:string) -> 200

  >> RESPONSE.STATUS
  
      R0002: HTTP status mismatch
      Documentation: https://docs.specmatic.io/rules#r0002
      Summary: The HTTP status code does not match the expected status code defined in the specification
  
      Specification expected status 200 but response contained status 500



--------------------
  Request to http://host.docker.internal:5000 at 2026-6-21 5:18:58.126
    PATCH /api/users/TESJF
    Authorization: Bearer MLBEY
    Specmatic-Response-Code: 200
    Host: host.docker.internal:5000
    Accept-Charset: UTF-8
    Accept: */*
    Content-Type: application/json
    
    {
        "name": "GS",
        "role": "viewer",
        "status": "active"
    }

  Response at 2026-6-21 5:18:58.148
    500 Internal Server Error
    X-Powered-By: Express
    Access-Control-Allow-Origin: *
    Content-Type: application/json; charset=utf-8
    Content-Length: 22
    ETag: W/"16-YfIJP5QaqHJaUMiN9VaFHkliv4E"
    Date: Sun, 21 Jun 2026 05:18:58 GMT
    Connection: keep-alive
    Keep-Alive: timeout=5
    
    {
        "msg": "Server error"
    }

Scenario: PATCH /api/users/(id:string) -> 200 with a request where REQUEST.BODY contains all the keys AND the key name is set to the shortest possible string AND role is set to 'viewer' from enum AND status is set to 'active' from enum has FAILED
Reason:
Testing scenario "Update user (admin only). Response: User updated successfully"
API: PATCH /api/users/(id:string) -> 200

  >> RESPONSE.STATUS
  
      R0002: HTTP status mismatch
      Documentation: https://docs.specmatic.io/rules#r0002
      Summary: The HTTP status code does not match the expected status code defined in the specification
  
      Specification expected status 200 but response contained status 500



--------------------
  Request to http://host.docker.internal:5000 at 2026-6-21 5:18:58.156
    PATCH /api/users/TMAMA
    Authorization: Bearer PKWOH
    Specmatic-Response-Code: 200
    Host: host.docker.internal:5000
    Accept-Charset: UTF-8
    Accept: */*
    Content-Type: application/json
    
    {
        "name": "GS",
        "role": "viewer",
        "status": "inactive"
    }

  Response at 2026-6-21 5:18:58.180
    500 Internal Server Error
    X-Powered-By: Express
    Access-Control-Allow-Origin: *
    Content-Type: application/json; charset=utf-8
    Content-Length: 22
    ETag: W/"16-YfIJP5QaqHJaUMiN9VaFHkliv4E"
    Date: Sun, 21 Jun 2026 05:18:58 GMT
    Connection: keep-alive
    Keep-Alive: timeout=5
    
    {
        "msg": "Server error"
    }

Scenario: PATCH /api/users/(id:string) -> 200 with a request where REQUEST.BODY contains all the keys AND the key name is set to the shortest possible string AND role is set to 'viewer' from enum AND status is set to 'inactive' from enum has FAILED
Reason:
Testing scenario "Update user (admin only). Response: User updated successfully"
API: PATCH /api/users/(id:string) -> 200

  >> RESPONSE.STATUS
  
      R0002: HTTP status mismatch
      Documentation: https://docs.specmatic.io/rules#r0002
      Summary: The HTTP status code does not match the expected status code defined in the specification
  
      Specification expected status 200 but response contained status 500



--------------------
  Request to http://host.docker.internal:5000 at 2026-6-21 5:18:58.191
    PATCH /api/users/FOFTT
    Authorization: Bearer AQKFH
    Specmatic-Response-Code: 200
    Host: host.docker.internal:5000
    Accept-Charset: UTF-8
    Accept: */*
    Content-Type: application/json
    
    {
        "name": "GS",
        "role": "analyst",
        "status": "active"
    }

  Response at 2026-6-21 5:18:58.212
    500 Internal Server Error
    X-Powered-By: Express
    Access-Control-Allow-Origin: *
    Content-Type: application/json; charset=utf-8
    Content-Length: 22
    ETag: W/"16-YfIJP5QaqHJaUMiN9VaFHkliv4E"
    Date: Sun, 21 Jun 2026 05:18:58 GMT
    Connection: keep-alive
    Keep-Alive: timeout=5
    
    {
        "msg": "Server error"
    }

Scenario: PATCH /api/users/(id:string) -> 200 with a request where REQUEST.BODY contains all the keys AND the key name is set to the shortest possible string AND role is set to 'analyst' from enum AND status is set to 'active' from enum has FAILED
Reason:
Testing scenario "Update user (admin only). Response: User updated successfully"
API: PATCH /api/users/(id:string) -> 200

  >> RESPONSE.STATUS
  
      R0002: HTTP status mismatch
      Documentation: https://docs.specmatic.io/rules#r0002
      Summary: The HTTP status code does not match the expected status code defined in the specification
  
      Specification expected status 200 but response contained status 500



--------------------
  Request to http://host.docker.internal:5000 at 2026-6-21 5:18:58.223
    PATCH /api/users/XEKGO
    Authorization: Bearer BDOPN
    Specmatic-Response-Code: 200
    Host: host.docker.internal:5000
    Accept-Charset: UTF-8
    Accept: */*
    Content-Type: application/json
    
    {
        "name": "GS",
        "role": "analyst",
        "status": "inactive"
    }

  Response at 2026-6-21 5:18:58.247
    500 Internal Server Error
    X-Powered-By: Express
    Access-Control-Allow-Origin: *
    Content-Type: application/json; charset=utf-8
    Content-Length: 22
    ETag: W/"16-YfIJP5QaqHJaUMiN9VaFHkliv4E"
    Date: Sun, 21 Jun 2026 05:18:58 GMT
    Connection: keep-alive
    Keep-Alive: timeout=5
    
    {
        "msg": "Server error"
    }

Scenario: PATCH /api/users/(id:string) -> 200 with a request where REQUEST.BODY contains all the keys AND the key name is set to the shortest possible string AND role is set to 'analyst' from enum AND status is set to 'inactive' from enum has FAILED
Reason:
Testing scenario "Update user (admin only). Response: User updated successfully"
API: PATCH /api/users/(id:string) -> 200

  >> RESPONSE.STATUS
  
      R0002: HTTP status mismatch
      Documentation: https://docs.specmatic.io/rules#r0002
      Summary: The HTTP status code does not match the expected status code defined in the specification
  
      Specification expected status 200 but response contained status 500



--------------------
  Request to http://host.docker.internal:5000 at 2026-6-21 5:18:58.257
    PATCH /api/users/YKDKA
    Authorization: Bearer LHTTH
    Specmatic-Response-Code: 200
    Host: host.docker.internal:5000
    Accept-Charset: UTF-8
    Accept: */*
    Content-Type: application/json
    
    {
        "name": "GS",
        "role": "admin",
        "status": "active"
    }

  Response at 2026-6-21 5:18:58.281
    500 Internal Server Error
    X-Powered-By: Express
    Access-Control-Allow-Origin: *
    Content-Type: application/json; charset=utf-8
    Content-Length: 22
    ETag: W/"16-YfIJP5QaqHJaUMiN9VaFHkliv4E"
    Date: Sun, 21 Jun 2026 05:18:58 GMT
    Connection: keep-alive
    Keep-Alive: timeout=5
    
    {
        "msg": "Server error"
    }

Scenario: PATCH /api/users/(id:string) -> 200 with a request where REQUEST.BODY contains all the keys AND the key name is set to the shortest possible string AND role is set to 'admin' from enum AND status is set to 'active' from enum has FAILED
Reason:
Testing scenario "Update user (admin only). Response: User updated successfully"
API: PATCH /api/users/(id:string) -> 200

  >> RESPONSE.STATUS
  
      R0002: HTTP status mismatch
      Documentation: https://docs.specmatic.io/rules#r0002
      Summary: The HTTP status code does not match the expected status code defined in the specification
  
      Specification expected status 200 but response contained status 500



--------------------
  Request to http://host.docker.internal:5000 at 2026-6-21 5:18:58.289
    PATCH /api/users/RTPII
    Authorization: Bearer UWLLQ
    Specmatic-Response-Code: 200
    Host: host.docker.internal:5000
    Accept-Charset: UTF-8
    Accept: */*
    Content-Type: application/json
    
    {
        "name": "GS",
        "role": "admin",
        "status": "inactive"
    }

  Response at 2026-6-21 5:18:58.314
    500 Internal Server Error
    X-Powered-By: Express
    Access-Control-Allow-Origin: *
    Content-Type: application/json; charset=utf-8
    Content-Length: 22
    ETag: W/"16-YfIJP5QaqHJaUMiN9VaFHkliv4E"
    Date: Sun, 21 Jun 2026 05:18:58 GMT
    Connection: keep-alive
    Keep-Alive: timeout=5
    
    {
        "msg": "Server error"
    }

Scenario: PATCH /api/users/(id:string) -> 200 with a request where REQUEST.BODY contains all the keys AND the key name is set to the shortest possible string AND role is set to 'admin' from enum AND status is set to 'inactive' from enum has FAILED
Reason:
Testing scenario "Update user (admin only). Response: User updated successfully"
API: PATCH /api/users/(id:string) -> 200

  >> RESPONSE.STATUS
  
      R0002: HTTP status mismatch
      Documentation: https://docs.specmatic.io/rules#r0002
      Summary: The HTTP status code does not match the expected status code defined in the specification
  
      Specification expected status 200 but response contained status 500



--------------------
  Request to http://host.docker.internal:5000 at 2026-6-21 5:18:58.326
    PATCH /api/users/FCPWU
    Authorization: Bearer MMQXF
    Specmatic-Response-Code: 200
    Host: host.docker.internal:5000
    Accept-Charset: UTF-8
    Accept: */*
    Content-Type: application/json
    
    {
        "name": "RAOJKMYMOHDFEGHBBWISMBMRPXCIXFRUBBFUAFSWDTVEKLOQIRTUUAATGNIDJGLACIJIBFRFEGSOHWASMADDGEWDVQSGMDGWACSX",
        "role": "viewer",
        "status": "active"
    }

  Response at 2026-6-21 5:18:58.346
    500 Internal Server Error
    X-Powered-By: Express
    Access-Control-Allow-Origin: *
    Content-Type: application/json; charset=utf-8
    Content-Length: 22
    ETag: W/"16-YfIJP5QaqHJaUMiN9VaFHkliv4E"
    Date: Sun, 21 Jun 2026 05:18:58 GMT
    Connection: keep-alive
    Keep-Alive: timeout=5
    
    {
        "msg": "Server error"
    }

Scenario: PATCH /api/users/(id:string) -> 200 with a request where REQUEST.BODY contains all the keys AND the key name is set to the longest possible string AND role is set to 'viewer' from enum AND status is set to 'active' from enum has FAILED
Reason:
Testing scenario "Update user (admin only). Response: User updated successfully"
API: PATCH /api/users/(id:string) -> 200

  >> RESPONSE.STATUS
  
      R0002: HTTP status mismatch
      Documentation: https://docs.specmatic.io/rules#r0002
      Summary: The HTTP status code does not match the expected status code defined in the specification
  
      Specification expected status 200 but response contained status 500



--------------------
  Request to http://host.docker.internal:5000 at 2026-6-21 5:18:58.355
    PATCH /api/users/LHLIR
    Authorization: Bearer NSBEQ
    Specmatic-Response-Code: 200
    Host: host.docker.internal:5000
    Accept-Charset: UTF-8
    Accept: */*
    Content-Type: application/json
    
    {
        "name": "RAOJKMYMOHDFEGHBBWISMBMRPXCIXFRUBBFUAFSWDTVEKLOQIRTUUAATGNIDJGLACIJIBFRFEGSOHWASMADDGEWDVQSGMDGWACSX",
        "role": "viewer",
        "status": "inactive"
    }

  Response at 2026-6-21 5:18:58.384
    500 Internal Server Error
    X-Powered-By: Express
    Access-Control-Allow-Origin: *
    Content-Type: application/json; charset=utf-8
    Content-Length: 22
    ETag: W/"16-YfIJP5QaqHJaUMiN9VaFHkliv4E"
    Date: Sun, 21 Jun 2026 05:18:58 GMT
    Connection: keep-alive
    Keep-Alive: timeout=5
    
    {
        "msg": "Server error"
    }

Scenario: PATCH /api/users/(id:string) -> 200 with a request where REQUEST.BODY contains all the keys AND the key name is set to the longest possible string AND role is set to 'viewer' from enum AND status is set to 'inactive' from enum has FAILED
Reason:
Testing scenario "Update user (admin only). Response: User updated successfully"
API: PATCH /api/users/(id:string) -> 200

  >> RESPONSE.STATUS
  
      R0002: HTTP status mismatch
      Documentation: https://docs.specmatic.io/rules#r0002
      Summary: The HTTP status code does not match the expected status code defined in the specification
  
      Specification expected status 200 but response contained status 500



--------------------
  Request to http://host.docker.internal:5000 at 2026-6-21 5:18:58.398
    PATCH /api/users/LKSGL
    Authorization: Bearer CNEUE
    Specmatic-Response-Code: 200
    Host: host.docker.internal:5000
    Accept-Charset: UTF-8
    Accept: */*
    Content-Type: application/json
    
    {
        "name": "RAOJKMYMOHDFEGHBBWISMBMRPXCIXFRUBBFUAFSWDTVEKLOQIRTUUAATGNIDJGLACIJIBFRFEGSOHWASMADDGEWDVQSGMDGWACSX",
        "role": "analyst",
        "status": "active"
    }

  Response at 2026-6-21 5:18:58.421
    500 Internal Server Error
    X-Powered-By: Express
    Access-Control-Allow-Origin: *
    Content-Type: application/json; charset=utf-8
    Content-Length: 22
    ETag: W/"16-YfIJP5QaqHJaUMiN9VaFHkliv4E"
    Date: Sun, 21 Jun 2026 05:18:58 GMT
    Connection: keep-alive
    Keep-Alive: timeout=5
    
    {
        "msg": "Server error"
    }

Scenario: PATCH /api/users/(id:string) -> 200 with a request where REQUEST.BODY contains all the keys AND the key name is set to the longest possible string AND role is set to 'analyst' from enum AND status is set to 'active' from enum has FAILED
Reason:
Testing scenario "Update user (admin only). Response: User updated successfully"
API: PATCH /api/users/(id:string) -> 200

  >> RESPONSE.STATUS
  
      R0002: HTTP status mismatch
      Documentation: https://docs.specmatic.io/rules#r0002
      Summary: The HTTP status code does not match the expected status code defined in the specification
  
      Specification expected status 200 but response contained status 500



--------------------
  Request to http://host.docker.internal:5000 at 2026-6-21 5:18:58.438
    PATCH /api/users/UXXCR
    Authorization: Bearer KAXNB
    Specmatic-Response-Code: 200
    Host: host.docker.internal:5000
    Accept-Charset: UTF-8
    Accept: */*
    Content-Type: application/json
    
    {
        "name": "RAOJKMYMOHDFEGHBBWISMBMRPXCIXFRUBBFUAFSWDTVEKLOQIRTUUAATGNIDJGLACIJIBFRFEGSOHWASMADDGEWDVQSGMDGWACSX",
        "role": "analyst",
        "status": "inactive"
    }

  Response at 2026-6-21 5:18:58.457
    500 Internal Server Error
    X-Powered-By: Express
    Access-Control-Allow-Origin: *
    Content-Type: application/json; charset=utf-8
    Content-Length: 22
    ETag: W/"16-YfIJP5QaqHJaUMiN9VaFHkliv4E"
    Date: Sun, 21 Jun 2026 05:18:58 GMT
    Connection: keep-alive
    Keep-Alive: timeout=5
    
    {
        "msg": "Server error"
    }

Scenario: PATCH /api/users/(id:string) -> 200 with a request where REQUEST.BODY contains all the keys AND the key name is set to the longest possible string AND role is set to 'analyst' from enum AND status is set to 'inactive' from enum has FAILED
Reason:
Testing scenario "Update user (admin only). Response: User updated successfully"
API: PATCH /api/users/(id:string) -> 200

  >> RESPONSE.STATUS
  
      R0002: HTTP status mismatch
      Documentation: https://docs.specmatic.io/rules#r0002
      Summary: The HTTP status code does not match the expected status code defined in the specification
  
      Specification expected status 200 but response contained status 500



--------------------
  Request to http://host.docker.internal:5000 at 2026-6-21 5:18:58.468
    PATCH /api/users/TLMEP
    Authorization: Bearer FVDSN
    Specmatic-Response-Code: 200
    Host: host.docker.internal:5000
    Accept-Charset: UTF-8
    Accept: */*
    Content-Type: application/json
    
    {
        "name": "RAOJKMYMOHDFEGHBBWISMBMRPXCIXFRUBBFUAFSWDTVEKLOQIRTUUAATGNIDJGLACIJIBFRFEGSOHWASMADDGEWDVQSGMDGWACSX",
        "role": "admin",
        "status": "active"
    }

  Response at 2026-6-21 5:18:58.490
    500 Internal Server Error
    X-Powered-By: Express
    Access-Control-Allow-Origin: *
    Content-Type: application/json; charset=utf-8
    Content-Length: 22
    ETag: W/"16-YfIJP5QaqHJaUMiN9VaFHkliv4E"
    Date: Sun, 21 Jun 2026 05:18:58 GMT
    Connection: keep-alive
    Keep-Alive: timeout=5
    
    {
        "msg": "Server error"
    }

Scenario: PATCH /api/users/(id:string) -> 200 with a request where REQUEST.BODY contains all the keys AND the key name is set to the longest possible string AND role is set to 'admin' from enum AND status is set to 'active' from enum has FAILED
Reason:
Testing scenario "Update user (admin only). Response: User updated successfully"
API: PATCH /api/users/(id:string) -> 200

  >> RESPONSE.STATUS
  
      R0002: HTTP status mismatch
      Documentation: https://docs.specmatic.io/rules#r0002
      Summary: The HTTP status code does not match the expected status code defined in the specification
  
      Specification expected status 200 but response contained status 500



--------------------
  Request to http://host.docker.internal:5000 at 2026-6-21 5:18:58.502
    PATCH /api/users/EDUDO
    Authorization: Bearer TDGXJ
    Specmatic-Response-Code: 200
    Host: host.docker.internal:5000
    Accept-Charset: UTF-8
    Accept: */*
    Content-Type: application/json
    
    {
        "name": "RAOJKMYMOHDFEGHBBWISMBMRPXCIXFRUBBFUAFSWDTVEKLOQIRTUUAATGNIDJGLACIJIBFRFEGSOHWASMADDGEWDVQSGMDGWACSX",
        "role": "admin",
        "status": "inactive"
    }

  Response at 2026-6-21 5:18:58.520
    500 Internal Server Error
    X-Powered-By: Express
    Access-Control-Allow-Origin: *
    Content-Type: application/json; charset=utf-8
    Content-Length: 22
    ETag: W/"16-YfIJP5QaqHJaUMiN9VaFHkliv4E"
    Date: Sun, 21 Jun 2026 05:18:58 GMT
    Connection: keep-alive
    Keep-Alive: timeout=5
    
    {
        "msg": "Server error"
    }

Scenario: PATCH /api/users/(id:string) -> 200 with a request where REQUEST.BODY contains all the keys AND the key name is set to the longest possible string AND role is set to 'admin' from enum AND status is set to 'inactive' from enum has FAILED
Reason:
Testing scenario "Update user (admin only). Response: User updated successfully"
API: PATCH /api/users/(id:string) -> 200

  >> RESPONSE.STATUS
  
      R0002: HTTP status mismatch
      Documentation: https://docs.specmatic.io/rules#r0002
      Summary: The HTTP status code does not match the expected status code defined in the specification
  
      Specification expected status 200 but response contained status 500



--------------------
  Request to http://host.docker.internal:5000 at 2026-6-21 5:18:58.531
    PATCH /api/users/QMQER
    Authorization: Bearer LQWNH
    Specmatic-Response-Code: 200
    Host: host.docker.internal:5000
    Accept-Charset: UTF-8
    Accept: */*
    Content-Type: application/json
    
    {}

  Response at 2026-6-21 5:18:58.558
    500 Internal Server Error
    X-Powered-By: Express
    Access-Control-Allow-Origin: *
    Content-Type: application/json; charset=utf-8
    Content-Length: 22
    ETag: W/"16-YfIJP5QaqHJaUMiN9VaFHkliv4E"
    Date: Sun, 21 Jun 2026 05:18:58 GMT
    Connection: keep-alive
    Keep-Alive: timeout=5
    
    {
        "msg": "Server error"
    }

Scenario: PATCH /api/users/(id:string) -> 200 with a request where REQUEST.BODY contains only the mandatory keys has FAILED
Reason:
Testing scenario "Update user (admin only). Response: User updated successfully"
API: PATCH /api/users/(id:string) -> 200

  >> RESPONSE.STATUS
  
      R0002: HTTP status mismatch
      Documentation: https://docs.specmatic.io/rules#r0002
      Summary: The HTTP status code does not match the expected status code defined in the specification
  
      Specification expected status 200 but response contained status 500



--------------------
  Skipping Scenario: PATCH /api/users/(id:string) -> 400 (requestContentType application/json, responseContentType application/json)
  - T00004: Generative Disabled
  Documentation: https://docs.specmatic.io/rules#t00004
  Summary: This operation was skipped because it requires schema resiliency to be enabled
  
  - T00002: Examples Required
  Documentation: https://docs.specmatic.io/rules#t00002
  Summary: This operation requires examples to run, but none were provided
  

--------------------
  Skipping Scenario: PATCH /api/users/(id:string) -> 403 (requestContentType application/json, responseContentType application/json)
  T00002: Examples Required
  Documentation: https://docs.specmatic.io/rules#t00002
  Summary: This operation requires examples to run, but none were provided
  

--------------------
  Skipping Scenario: PATCH /api/users/(id:string) -> 404 (requestContentType application/json, responseContentType application/json)
  T00002: Examples Required
  Documentation: https://docs.specmatic.io/rules#t00002
  Summary: This operation requires examples to run, but none were provided
  

--------------------
  Request to http://host.docker.internal:5000 at 2026-6-21 5:18:58.581
    POST /api/transactions
    Authorization: Bearer XNSHH
    Specmatic-Response-Code: 201
    Host: host.docker.internal:5000
    Accept-Charset: UTF-8
    Accept: */*
    Content-Type: application/json
    
    {
        "description": "IVKQX",
        "notes": "FQWQC",
        "amount": 4.3037440081872075E306,
        "type": "income",
        "category": "GEFAM",
        "date": "2026-06-21T05:18:58Z"
    }

  Response at 2026-6-21 5:18:58.620
    201 Created
    X-Powered-By: Express
    Access-Control-Allow-Origin: *
    Content-Type: application/json; charset=utf-8
    Content-Length: 247
    ETag: W/"f7-ImZCdnWJG2z1mxgSMxE2FvaxQ84"
    Date: Sun, 21 Jun 2026 05:18:58 GMT
    Connection: keep-alive
    Keep-Alive: timeout=5
    
    {
        "success": true,
        "transaction": {
            "user": "6a351082da1b125a5c4644c3",
            "description": "IVKQX",
            "notes": "FQWQC",
            "amount": 4.3037440081872075E306,
            "type": "income",
            "category": "GEFAM",
            "date": "2026-06-21T05:18:58.000Z",
            "_id": "6a3774427239ad08158b3fbd",
            "__v": 0
        }
    }

Scenario: POST /api/transactions -> 201 with a request where REQUEST.BODY contains all the keys AND the key amount is set to a value within the specified bounds AND type is set to 'income' from enum has FAILED
Reason:
Testing scenario "Add a new transaction. Response: Transaction created successfully"
API: POST /api/transactions -> 201

  >> RESPONSE.BODY.transaction.__v
  
      R2003: Unknown property
      Documentation: https://docs.specmatic.io/rules#r2003
      Summary: A property was found that is not defined in the specification
  
      Property "__v" in the response was not in the specification



--------------------
  Request to http://host.docker.internal:5000 at 2026-6-21 5:18:58.639
    POST /api/transactions
    Authorization: Bearer MMJRL
    Specmatic-Response-Code: 201
    Host: host.docker.internal:5000
    Accept-Charset: UTF-8
    Accept: */*
    Content-Type: application/json
    
    {
        "description": "QFURJOSOPLOCGRLBVCYJUJBVWNPWMXIPADMNVUXOQJQOECWDAQNBGVHNQROFNFWKINHIAXSYJROGLLEGUAXUJLUJBYXXJTAQSHHYLKLGGXSBRPWPTFXSTWCIKPYVGRHVYTRHIFQQLQWQJCOUTQHWPMUVKIGEHCSGIELATUDJQWKPROFHPGDWYIBURJMGUHJESEGOOVBF",
        "notes": "HWSPKVQQAUCBGRIXDVFKISIFRWRQNBSYNYJLGKQTBHRXCRKYRAKCNWDUMHMLRVQHGIVKFDTHUKVKILYYQUQAWDGDJJBJCRGDMSJYHINNOUNJGMNFFTSWHTIVQAPPGFKOTGIUVNKLCYVGCURKLVNJJXCXJAMBQTHKPXKTYYIHVCUCUEJXDHGREPOHUHDXHYGDXGTPWJVGUPRPHLAJRQDBCNSLUDDUBPIGSSJKUJEECKFLNOGMWSAKJWIIJVIHNQEYJQHEMJGQOPCIKIEVFQFYBORUNVEHONHLXVTCIBUINYNAYDIEXCPWHXUUHEQUTWLMGKQEAHQBQCJLGIWIGKWBLXAPUUDVVINFTOKUVMYNHAJRHDULDGRVAFYWMTSKRMODYXJEEBYEIEKCGDJLYLCUJGEPHROEWTIIRGFCJLDNKPKQVDRBBWSERWAIIUNFEEHGNJVOYNJDARFAXKTNRPCQOLCKQQDAKMUJVYTXOATBOIQCRTPJDAWL",
        "amount": 0.01,
        "type": "expense",
        "category": "A",
        "date": "2026-06-21T05:18:58Z"
    }

  Response at 2026-6-21 5:18:58.664
    201 Created
    X-Powered-By: Express
    Access-Control-Allow-Origin: *
    Content-Type: application/json; charset=utf-8
    Content-Length: 915
    ETag: W/"393-07nUah9nV2aDGbqSPPAR59w7nZc"
    Date: Sun, 21 Jun 2026 05:18:58 GMT
    Connection: keep-alive
    Keep-Alive: timeout=5
    
    {
        "success": true,
        "transaction": {
            "user": "6a351082da1b125a5c4644c3",
            "description": "QFURJOSOPLOCGRLBVCYJUJBVWNPWMXIPADMNVUXOQJQOECWDAQNBGVHNQROFNFWKINHIAXSYJROGLLEGUAXUJLUJBYXXJTAQSHHYLKLGGXSBRPWPTFXSTWCIKPYVGRHVYTRHIFQQLQWQJCOUTQHWPMUVKIGEHCSGIELATUDJQWKPROFHPGDWYIBURJMGUHJESEGOOVBF",
            "notes": "HWSPKVQQAUCBGRIXDVFKISIFRWRQNBSYNYJLGKQTBHRXCRKYRAKCNWDUMHMLRVQHGIVKFDTHUKVKILYYQUQAWDGDJJBJCRGDMSJYHINNOUNJGMNFFTSWHTIVQAPPGFKOTGIUVNKLCYVGCURKLVNJJXCXJAMBQTHKPXKTYYIHVCUCUEJXDHGREPOHUHDXHYGDXGTPWJVGUPRPHLAJRQDBCNSLUDDUBPIGSSJKUJEECKFLNOGMWSAKJWIIJVIHNQEYJQHEMJGQOPCIKIEVFQFYBORUNVEHONHLXVTCIBUINYNAYDIEXCPWHXUUHEQUTWLMGKQEAHQBQCJLGIWIGKWBLXAPUUDVVINFTOKUVMYNHAJRHDULDGRVAFYWMTSKRMODYXJEEBYEIEKCGDJLYLCUJGEPHROEWTIIRGFCJLDNKPKQVDRBBWSERWAIIUNFEEHGNJVOYNJDARFAXKTNRPCQOLCKQQDAKMUJVYTXOATBOIQCRTPJDAWL",
            "amount": 0.01,
            "type": "expense",
            "category": "A",
            "date": "2026-06-21T05:18:58.000Z",
            "_id": "6a3774427239ad08158b3fbf",
            "__v": 0
        }
    }

Scenario: POST /api/transactions -> 201 with a request where REQUEST.BODY contains all the keys AND the key description is set to the longest possible string AND notes is set to the longest possible string AND amount is set to the smallest possible value '0.01' AND type is set to 'expense' from enum AND category is set to the shortest possible string has FAILED
Reason:
Testing scenario "Add a new transaction. Response: Transaction created successfully"
API: POST /api/transactions -> 201

  >> RESPONSE.BODY.transaction.__v
  
      R2003: Unknown property
      Documentation: https://docs.specmatic.io/rules#r2003
      Summary: A property was found that is not defined in the specification
  
      Property "__v" in the response was not in the specification



--------------------
  Request to http://host.docker.internal:5000 at 2026-6-21 5:18:58.679
    POST /api/transactions
    Authorization: Bearer UTDBT
    Specmatic-Response-Code: 201
    Host: host.docker.internal:5000
    Accept-Charset: UTF-8
    Accept: */*
    Content-Type: application/json
    
    {
        "description": "QFHSF",
        "notes": "KRYHA",
        "amount": 5.569244752873072E307,
        "type": "income",
        "category": "W",
        "date": "2026-06-21T05:18:58Z"
    }

  Response at 2026-6-21 5:18:58.702
    201 Created
    X-Powered-By: Express
    Access-Control-Allow-Origin: *
    Content-Type: application/json; charset=utf-8
    Content-Length: 242
    ETag: W/"f2-o46gNzCN4FIHZLzMfhnM+0+g7jo"
    Date: Sun, 21 Jun 2026 05:18:58 GMT
    Connection: keep-alive
    Keep-Alive: timeout=5
    
    {
        "success": true,
        "transaction": {
            "user": "6a351082da1b125a5c4644c3",
            "description": "QFHSF",
            "notes": "KRYHA",
            "amount": 5.569244752873072E307,
            "type": "income",
            "category": "W",
            "date": "2026-06-21T05:18:58.000Z",
            "_id": "6a3774427239ad08158b3fc1",
            "__v": 0
        }
    }

Scenario: POST /api/transactions -> 201 with a request where REQUEST.BODY contains all the keys AND the key amount is set to a value within the specified bounds AND type is set to 'income' from enum AND category is set to the shortest possible string has FAILED
Reason:
Testing scenario "Add a new transaction. Response: Transaction created successfully"
API: POST /api/transactions -> 201

  >> RESPONSE.BODY.transaction.__v
  
      R2003: Unknown property
      Documentation: https://docs.specmatic.io/rules#r2003
      Summary: A property was found that is not defined in the specification
  
      Property "__v" in the response was not in the specification



--------------------
  Request to http://host.docker.internal:5000 at 2026-6-21 5:18:58.717
    POST /api/transactions
    Authorization: Bearer HFMAT
    Specmatic-Response-Code: 201
    Host: host.docker.internal:5000
    Accept-Charset: UTF-8
    Accept: */*
    Content-Type: application/json
    
    {
        "description": "TPEFL",
        "notes": "QQUWL",
        "amount": 5.693403995224872E307,
        "type": "expense",
        "category": "TKDOK",
        "date": "2026-06-21T05:18:58Z"
    }

  Response at 2026-6-21 5:18:58.744
    201 Created
    X-Powered-By: Express
    Access-Control-Allow-Origin: *
    Content-Type: application/json; charset=utf-8
    Content-Length: 247
    ETag: W/"f7-tT90yFx4pYyHQYzVW5WkIsE+J0U"
    Date: Sun, 21 Jun 2026 05:18:58 GMT
    Connection: keep-alive
    Keep-Alive: timeout=5
    
    {
        "success": true,
        "transaction": {
            "user": "6a351082da1b125a5c4644c3",
            "description": "TPEFL",
            "notes": "QQUWL",
            "amount": 5.693403995224872E307,
            "type": "expense",
            "category": "TKDOK",
            "date": "2026-06-21T05:18:58.000Z",
            "_id": "6a3774427239ad08158b3fc3",
            "__v": 0
        }
    }

Scenario: POST /api/transactions -> 201 with a request where REQUEST.BODY contains all the keys AND the key amount is set to a value within the specified bounds AND type is set to 'expense' from enum has FAILED
Reason:
Testing scenario "Add a new transaction. Response: Transaction created successfully"
API: POST /api/transactions -> 201

  >> RESPONSE.BODY.transaction.__v
  
      R2003: Unknown property
      Documentation: https://docs.specmatic.io/rules#r2003
      Summary: A property was found that is not defined in the specification
  
      Property "__v" in the response was not in the specification



--------------------
  Request to http://host.docker.internal:5000 at 2026-6-21 5:18:58.760
    POST /api/transactions
    Authorization: Bearer KNTOE
    Specmatic-Response-Code: 201
    Host: host.docker.internal:5000
    Accept-Charset: UTF-8
    Accept: */*
    Content-Type: application/json
    
    {
        "description": "PFSPH",
        "notes": "CHCHG",
        "amount": 7.824998043296855E307,
        "type": "expense",
        "category": "R",
        "date": "2026-06-21T05:18:58Z"
    }

  Response at 2026-6-21 5:18:58.788
    201 Created
    X-Powered-By: Express
    Access-Control-Allow-Origin: *
    Content-Type: application/json; charset=utf-8
    Content-Length: 243
    ETag: W/"f3-EzZKfdIiRGLj4W6UvYVH3a9p9uY"
    Date: Sun, 21 Jun 2026 05:18:58 GMT
    Connection: keep-alive
    Keep-Alive: timeout=5
    
    {
        "success": true,
        "transaction": {
            "user": "6a351082da1b125a5c4644c3",
            "description": "PFSPH",
            "notes": "CHCHG",
            "amount": 7.824998043296855E307,
            "type": "expense",
            "category": "R",
            "date": "2026-06-21T05:18:58.000Z",
            "_id": "6a3774427239ad08158b3fc5",
            "__v": 0
        }
    }

Scenario: POST /api/transactions -> 201 with a request where REQUEST.BODY contains all the keys AND the key amount is set to a value within the specified bounds AND type is set to 'expense' from enum AND category is set to the shortest possible string has FAILED
Reason:
Testing scenario "Add a new transaction. Response: Transaction created successfully"
API: POST /api/transactions -> 201

  >> RESPONSE.BODY.transaction.__v
  
      R2003: Unknown property
      Documentation: https://docs.specmatic.io/rules#r2003
      Summary: A property was found that is not defined in the specification
  
      Property "__v" in the response was not in the specification



--------------------
  Request to http://host.docker.internal:5000 at 2026-6-21 5:18:58.801
    POST /api/transactions
    Authorization: Bearer DBPGV
    Specmatic-Response-Code: 201
    Host: host.docker.internal:5000
    Accept-Charset: UTF-8
    Accept: */*
    Content-Type: application/json
    
    {
        "description": "LRKTF",
        "notes": "UCKOW",
        "amount": 0.01,
        "type": "income",
        "category": "ECMBQ",
        "date": "2026-06-21T05:18:58Z"
    }

  Response at 2026-6-21 5:18:58.827
    201 Created
    X-Powered-By: Express
    Access-Control-Allow-Origin: *
    Content-Type: application/json; charset=utf-8
    Content-Length: 228
    ETag: W/"e4-F+qSwG1zLI6ePCEj5+rzdaQsJzU"
    Date: Sun, 21 Jun 2026 05:18:58 GMT
    Connection: keep-alive
    Keep-Alive: timeout=5
    
    {
        "success": true,
        "transaction": {
            "user": "6a351082da1b125a5c4644c3",
            "description": "LRKTF",
            "notes": "UCKOW",
            "amount": 0.01,
            "type": "income",
            "category": "ECMBQ",
            "date": "2026-06-21T05:18:58.000Z",
            "_id": "6a3774427239ad08158b3fc7",
            "__v": 0
        }
    }

Scenario: POST /api/transactions -> 201 with a request where REQUEST.BODY contains all the keys AND the key amount is set to the smallest possible value '0.01' AND type is set to 'income' from enum has FAILED
Reason:
Testing scenario "Add a new transaction. Response: Transaction created successfully"
API: POST /api/transactions -> 201

  >> RESPONSE.BODY.transaction.__v
  
      R2003: Unknown property
      Documentation: https://docs.specmatic.io/rules#r2003
      Summary: A property was found that is not defined in the specification
  
      Property "__v" in the response was not in the specification



--------------------
  Request to http://host.docker.internal:5000 at 2026-6-21 5:18:58.837
    POST /api/transactions
    Authorization: Bearer MHBWE
    Specmatic-Response-Code: 201
    Host: host.docker.internal:5000
    Accept-Charset: UTF-8
    Accept: */*
    Content-Type: application/json
    
    {
        "description": "ELEBP",
        "notes": "WPQMD",
        "amount": 0.01,
        "type": "income",
        "category": "K",
        "date": "2026-06-21T05:18:58Z"
    }

  Response at 2026-6-21 5:18:58.862
    201 Created
    X-Powered-By: Express
    Access-Control-Allow-Origin: *
    Content-Type: application/json; charset=utf-8
    Content-Length: 224
    ETag: W/"e0-URTpk7nOVt7oMQC2Cima+pFnTow"
    Date: Sun, 21 Jun 2026 05:18:58 GMT
    Connection: keep-alive
    Keep-Alive: timeout=5
    
    {
        "success": true,
        "transaction": {
            "user": "6a351082da1b125a5c4644c3",
            "description": "ELEBP",
            "notes": "WPQMD",
            "amount": 0.01,
            "type": "income",
            "category": "K",
            "date": "2026-06-21T05:18:58.000Z",
            "_id": "6a3774427239ad08158b3fc9",
            "__v": 0
        }
    }

Scenario: POST /api/transactions -> 201 with a request where REQUEST.BODY contains all the keys AND the key amount is set to the smallest possible value '0.01' AND type is set to 'income' from enum AND category is set to the shortest possible string has FAILED
Reason:
Testing scenario "Add a new transaction. Response: Transaction created successfully"
API: POST /api/transactions -> 201

  >> RESPONSE.BODY.transaction.__v
  
      R2003: Unknown property
      Documentation: https://docs.specmatic.io/rules#r2003
      Summary: A property was found that is not defined in the specification
  
      Property "__v" in the response was not in the specification



--------------------
  Request to http://host.docker.internal:5000 at 2026-6-21 5:18:58.873
    POST /api/transactions
    Authorization: Bearer HBGEW
    Specmatic-Response-Code: 201
    Host: host.docker.internal:5000
    Accept-Charset: UTF-8
    Accept: */*
    Content-Type: application/json
    
    {
        "description": "XIBAL",
        "notes": "ISETJ",
        "amount": 0.01,
        "type": "expense",
        "category": "SNOFG",
        "date": "2026-06-21T05:18:58Z"
    }

  Response at 2026-6-21 5:18:58.902
    201 Created
    X-Powered-By: Express
    Access-Control-Allow-Origin: *
    Content-Type: application/json; charset=utf-8
    Content-Length: 229
    ETag: W/"e5-C0tIOS4JOu0e1hpmx8XI/gL4O+s"
    Date: Sun, 21 Jun 2026 05:18:58 GMT
    Connection: keep-alive
    Keep-Alive: timeout=5
    
    {
        "success": true,
        "transaction": {
            "user": "6a351082da1b125a5c4644c3",
            "description": "XIBAL",
            "notes": "ISETJ",
            "amount": 0.01,
            "type": "expense",
            "category": "SNOFG",
            "date": "2026-06-21T05:18:58.000Z",
            "_id": "6a3774427239ad08158b3fcb",
            "__v": 0
        }
    }

Scenario: POST /api/transactions -> 201 with a request where REQUEST.BODY contains all the keys AND the key amount is set to the smallest possible value '0.01' AND type is set to 'expense' from enum has FAILED
Reason:
Testing scenario "Add a new transaction. Response: Transaction created successfully"
API: POST /api/transactions -> 201

  >> RESPONSE.BODY.transaction.__v
  
      R2003: Unknown property
      Documentation: https://docs.specmatic.io/rules#r2003
      Summary: A property was found that is not defined in the specification
  
      Property "__v" in the response was not in the specification



--------------------
  Request to http://host.docker.internal:5000 at 2026-6-21 5:18:58.920
    POST /api/transactions
    Authorization: Bearer GGCBD
    Specmatic-Response-Code: 201
    Host: host.docker.internal:5000
    Accept-Charset: UTF-8
    Accept: */*
    Content-Type: application/json
    
    {
        "description": "XKAAG",
        "notes": "DTQHA",
        "amount": 0.01,
        "type": "expense",
        "category": "S",
        "date": "2026-06-21T05:18:58Z"
    }

  Response at 2026-6-21 5:18:58.940
    201 Created
    X-Powered-By: Express
    Access-Control-Allow-Origin: *
    Content-Type: application/json; charset=utf-8
    Content-Length: 225
    ETag: W/"e1-maq7R68SezESFMBNKgZvsqQbozU"
    Date: Sun, 21 Jun 2026 05:18:58 GMT
    Connection: keep-alive
    Keep-Alive: timeout=5
    
    {
        "success": true,
        "transaction": {
            "user": "6a351082da1b125a5c4644c3",
            "description": "XKAAG",
            "notes": "DTQHA",
            "amount": 0.01,
            "type": "expense",
            "category": "S",
            "date": "2026-06-21T05:18:58.000Z",
            "_id": "6a3774427239ad08158b3fcd",
            "__v": 0
        }
    }

Scenario: POST /api/transactions -> 201 with a request where REQUEST.BODY contains all the keys AND the key amount is set to the smallest possible value '0.01' AND type is set to 'expense' from enum AND category is set to the shortest possible string has FAILED
Reason:
Testing scenario "Add a new transaction. Response: Transaction created successfully"
API: POST /api/transactions -> 201

  >> RESPONSE.BODY.transaction.__v
  
      R2003: Unknown property
      Documentation: https://docs.specmatic.io/rules#r2003
      Summary: A property was found that is not defined in the specification
  
      Property "__v" in the response was not in the specification



--------------------
  Request to http://host.docker.internal:5000 at 2026-6-21 5:18:58.952
    POST /api/transactions
    Authorization: Bearer LRBUD
    Specmatic-Response-Code: 201
    Host: host.docker.internal:5000
    Accept-Charset: UTF-8
    Accept: */*
    Content-Type: application/json
    
    {
        "description": "FFJLK",
        "notes": "SKPMWESXAAFMIIYGUDSDHQKFIGCDDWSGVCVFSQBHIVNXSWRRNWTOCHBORLRDFWACTJANEWNLRVBEQCUDYJBVYVFIIWFUXIYWGSVEEMJQBLPVIPWUNURMWRYPTJSORUWOIAXRSKDRKRJJDUTMYYBAVBIIWCYWAALTFKBBSVTWDBKYMMWFMNYEXXJWWFSJANJUNRUYDAFJKYRTRSAQFIRAPRUPDWRBKLMMELHCAKOGSJSEUIBQEKAWJGXXMYCPQWQMLPCHKALKQLVFBHDMPGOWFHSVRJBNVOULPGIWOJQIYFEKNQXDOAYIUIOVRRGEVAFXRCECDYXUIFJGAISQDQDIEAXXORQWFWCMENKJYKXYPHIGDDOGWETGNXDDDPKDBSBOEJNDVIEDHSKBBOHGUWLPDXCJBIWVNGOIIEFUHPURDGWIWHDKOGJOPBEUTVSUEWROAEAAPISDGWVGRFHQPHQTFFUFDPHHYSAFALSGSPWUVCCKMQUYQDAA",
        "amount": 1.3085506258393355E308,
        "type": "income",
        "category": "UQYDP",
        "date": "2026-06-21T05:18:58Z"
    }

  Response at 2026-6-21 5:18:58.974
    201 Created
    X-Powered-By: Express
    Access-Control-Allow-Origin: *
    Content-Type: application/json; charset=utf-8
    Content-Length: 742
    ETag: W/"2e6-6MRsxFScIMYokFBkKsQHMhrrKdE"
    Date: Sun, 21 Jun 2026 05:18:58 GMT
    Connection: keep-alive
    Keep-Alive: timeout=5
    
    {
        "success": true,
        "transaction": {
            "user": "6a351082da1b125a5c4644c3",
            "description": "FFJLK",
            "notes": "SKPMWESXAAFMIIYGUDSDHQKFIGCDDWSGVCVFSQBHIVNXSWRRNWTOCHBORLRDFWACTJANEWNLRVBEQCUDYJBVYVFIIWFUXIYWGSVEEMJQBLPVIPWUNURMWRYPTJSORUWOIAXRSKDRKRJJDUTMYYBAVBIIWCYWAALTFKBBSVTWDBKYMMWFMNYEXXJWWFSJANJUNRUYDAFJKYRTRSAQFIRAPRUPDWRBKLMMELHCAKOGSJSEUIBQEKAWJGXXMYCPQWQMLPCHKALKQLVFBHDMPGOWFHSVRJBNVOULPGIWOJQIYFEKNQXDOAYIUIOVRRGEVAFXRCECDYXUIFJGAISQDQDIEAXXORQWFWCMENKJYKXYPHIGDDOGWETGNXDDDPKDBSBOEJNDVIEDHSKBBOHGUWLPDXCJBIWVNGOIIEFUHPURDGWIWHDKOGJOPBEUTVSUEWROAEAAPISDGWVGRFHQPHQTFFUFDPHHYSAFALSGSPWUVCCKMQUYQDAA",
            "amount": 1.3085506258393355E308,
            "type": "income",
            "category": "UQYDP",
            "date": "2026-06-21T05:18:58.000Z",
            "_id": "6a3774427239ad08158b3fcf",
            "__v": 0
        }
    }

Scenario: POST /api/transactions -> 201 with a request where REQUEST.BODY contains all the keys AND the key notes is set to the longest possible string AND amount is set to a value within the specified bounds AND type is set to 'income' from enum has FAILED
Reason:
Testing scenario "Add a new transaction. Response: Transaction created successfully"
API: POST /api/transactions -> 201

  >> RESPONSE.BODY.transaction.__v
  
      R2003: Unknown property
      Documentation: https://docs.specmatic.io/rules#r2003
      Summary: A property was found that is not defined in the specification
  
      Property "__v" in the response was not in the specification



--------------------
  Request to http://host.docker.internal:5000 at 2026-6-21 5:18:58.987
    POST /api/transactions
    Authorization: Bearer GGEPE
    Specmatic-Response-Code: 201
    Host: host.docker.internal:5000
    Accept-Charset: UTF-8
    Accept: */*
    Content-Type: application/json
    
    {
        "description": "GMXDP",
        "notes": "SKPMWESXAAFMIIYGUDSDHQKFIGCDDWSGVCVFSQBHIVNXSWRRNWTOCHBORLRDFWACTJANEWNLRVBEQCUDYJBVYVFIIWFUXIYWGSVEEMJQBLPVIPWUNURMWRYPTJSORUWOIAXRSKDRKRJJDUTMYYBAVBIIWCYWAALTFKBBSVTWDBKYMMWFMNYEXXJWWFSJANJUNRUYDAFJKYRTRSAQFIRAPRUPDWRBKLMMELHCAKOGSJSEUIBQEKAWJGXXMYCPQWQMLPCHKALKQLVFBHDMPGOWFHSVRJBNVOULPGIWOJQIYFEKNQXDOAYIUIOVRRGEVAFXRCECDYXUIFJGAISQDQDIEAXXORQWFWCMENKJYKXYPHIGDDOGWETGNXDDDPKDBSBOEJNDVIEDHSKBBOHGUWLPDXCJBIWVNGOIIEFUHPURDGWIWHDKOGJOPBEUTVSUEWROAEAAPISDGWVGRFHQPHQTFFUFDPHHYSAFALSGSPWUVCCKMQUYQDAA",
        "amount": 1.243326583948608E308,
        "type": "income",
        "category": "G",
        "date": "2026-06-21T05:18:58Z"
    }

  Response at 2026-6-21 5:18:59.8
    201 Created
    X-Powered-By: Express
    Access-Control-Allow-Origin: *
    Content-Type: application/json; charset=utf-8
    Content-Length: 737
    ETag: W/"2e1-Ew/5qhuRA1AEzrrSVL3GHlhyLWI"
    Date: Sun, 21 Jun 2026 05:18:59 GMT
    Connection: keep-alive
    Keep-Alive: timeout=5
    
    {
        "success": true,
        "transaction": {
            "user": "6a351082da1b125a5c4644c3",
            "description": "GMXDP",
            "notes": "SKPMWESXAAFMIIYGUDSDHQKFIGCDDWSGVCVFSQBHIVNXSWRRNWTOCHBORLRDFWACTJANEWNLRVBEQCUDYJBVYVFIIWFUXIYWGSVEEMJQBLPVIPWUNURMWRYPTJSORUWOIAXRSKDRKRJJDUTMYYBAVBIIWCYWAALTFKBBSVTWDBKYMMWFMNYEXXJWWFSJANJUNRUYDAFJKYRTRSAQFIRAPRUPDWRBKLMMELHCAKOGSJSEUIBQEKAWJGXXMYCPQWQMLPCHKALKQLVFBHDMPGOWFHSVRJBNVOULPGIWOJQIYFEKNQXDOAYIUIOVRRGEVAFXRCECDYXUIFJGAISQDQDIEAXXORQWFWCMENKJYKXYPHIGDDOGWETGNXDDDPKDBSBOEJNDVIEDHSKBBOHGUWLPDXCJBIWVNGOIIEFUHPURDGWIWHDKOGJOPBEUTVSUEWROAEAAPISDGWVGRFHQPHQTFFUFDPHHYSAFALSGSPWUVCCKMQUYQDAA",
            "amount": 1.243326583948608E308,
            "type": "income",
            "category": "G",
            "date": "2026-06-21T05:18:58.000Z",
            "_id": "6a3774437239ad08158b3fd1",
            "__v": 0
        }
    }

Scenario: POST /api/transactions -> 201 with a request where REQUEST.BODY contains all the keys AND the key notes is set to the longest possible string AND amount is set to a value within the specified bounds AND type is set to 'income' from enum AND category is set to the shortest possible string has FAILED
Reason:
Testing scenario "Add a new transaction. Response: Transaction created successfully"
API: POST /api/transactions -> 201

  >> RESPONSE.BODY.transaction.__v
  
      R2003: Unknown property
      Documentation: https://docs.specmatic.io/rules#r2003
      Summary: A property was found that is not defined in the specification
  
      Property "__v" in the response was not in the specification



--------------------
  Request to http://host.docker.internal:5000 at 2026-6-21 5:18:59.18
    POST /api/transactions
    Authorization: Bearer FOWHI
    Specmatic-Response-Code: 201
    Host: host.docker.internal:5000
    Accept-Charset: UTF-8
    Accept: */*
    Content-Type: application/json
    
    {
        "description": "YNNPQ",
        "notes": "SKPMWESXAAFMIIYGUDSDHQKFIGCDDWSGVCVFSQBHIVNXSWRRNWTOCHBORLRDFWACTJANEWNLRVBEQCUDYJBVYVFIIWFUXIYWGSVEEMJQBLPVIPWUNURMWRYPTJSORUWOIAXRSKDRKRJJDUTMYYBAVBIIWCYWAALTFKBBSVTWDBKYMMWFMNYEXXJWWFSJANJUNRUYDAFJKYRTRSAQFIRAPRUPDWRBKLMMELHCAKOGSJSEUIBQEKAWJGXXMYCPQWQMLPCHKALKQLVFBHDMPGOWFHSVRJBNVOULPGIWOJQIYFEKNQXDOAYIUIOVRRGEVAFXRCECDYXUIFJGAISQDQDIEAXXORQWFWCMENKJYKXYPHIGDDOGWETGNXDDDPKDBSBOEJNDVIEDHSKBBOHGUWLPDXCJBIWVNGOIIEFUHPURDGWIWHDKOGJOPBEUTVSUEWROAEAAPISDGWVGRFHQPHQTFFUFDPHHYSAFALSGSPWUVCCKMQUYQDAA",
        "amount": 1.178940991389686E308,
        "type": "expense",
        "category": "HYFVQ",
        "date": "2026-06-21T05:18:59Z"
    }

  Response at 2026-6-21 5:18:59.38
    201 Created
    X-Powered-By: Express
    Access-Control-Allow-Origin: *
    Content-Type: application/json; charset=utf-8
    Content-Length: 742
    ETag: W/"2e6-Is6tdaao+jVyEf2E2eDcqoTx+YU"
    Date: Sun, 21 Jun 2026 05:18:59 GMT
    Connection: keep-alive
    Keep-Alive: timeout=5
    
    {
        "success": true,
        "transaction": {
            "user": "6a351082da1b125a5c4644c3",
            "description": "YNNPQ",
            "notes": "SKPMWESXAAFMIIYGUDSDHQKFIGCDDWSGVCVFSQBHIVNXSWRRNWTOCHBORLRDFWACTJANEWNLRVBEQCUDYJBVYVFIIWFUXIYWGSVEEMJQBLPVIPWUNURMWRYPTJSORUWOIAXRSKDRKRJJDUTMYYBAVBIIWCYWAALTFKBBSVTWDBKYMMWFMNYEXXJWWFSJANJUNRUYDAFJKYRTRSAQFIRAPRUPDWRBKLMMELHCAKOGSJSEUIBQEKAWJGXXMYCPQWQMLPCHKALKQLVFBHDMPGOWFHSVRJBNVOULPGIWOJQIYFEKNQXDOAYIUIOVRRGEVAFXRCECDYXUIFJGAISQDQDIEAXXORQWFWCMENKJYKXYPHIGDDOGWETGNXDDDPKDBSBOEJNDVIEDHSKBBOHGUWLPDXCJBIWVNGOIIEFUHPURDGWIWHDKOGJOPBEUTVSUEWROAEAAPISDGWVGRFHQPHQTFFUFDPHHYSAFALSGSPWUVCCKMQUYQDAA",
            "amount": 1.178940991389686E308,
            "type": "expense",
            "category": "HYFVQ",
            "date": "2026-06-21T05:18:59.000Z",
            "_id": "6a3774437239ad08158b3fd3",
            "__v": 0
        }
    }

Scenario: POST /api/transactions -> 201 with a request where REQUEST.BODY contains all the keys AND the key notes is set to the longest possible string AND amount is set to a value within the specified bounds AND type is set to 'expense' from enum has FAILED
Reason:
Testing scenario "Add a new transaction. Response: Transaction created successfully"
API: POST /api/transactions -> 201

  >> RESPONSE.BODY.transaction.__v
  
      R2003: Unknown property
      Documentation: https://docs.specmatic.io/rules#r2003
      Summary: A property was found that is not defined in the specification
  
      Property "__v" in the response was not in the specification



--------------------
  Request to http://host.docker.internal:5000 at 2026-6-21 5:18:59.50
    POST /api/transactions
    Authorization: Bearer FBVEL
    Specmatic-Response-Code: 201
    Host: host.docker.internal:5000
    Accept-Charset: UTF-8
    Accept: */*
    Content-Type: application/json
    
    {
        "description": "JAHJM",
        "notes": "SKPMWESXAAFMIIYGUDSDHQKFIGCDDWSGVCVFSQBHIVNXSWRRNWTOCHBORLRDFWACTJANEWNLRVBEQCUDYJBVYVFIIWFUXIYWGSVEEMJQBLPVIPWUNURMWRYPTJSORUWOIAXRSKDRKRJJDUTMYYBAVBIIWCYWAALTFKBBSVTWDBKYMMWFMNYEXXJWWFSJANJUNRUYDAFJKYRTRSAQFIRAPRUPDWRBKLMMELHCAKOGSJSEUIBQEKAWJGXXMYCPQWQMLPCHKALKQLVFBHDMPGOWFHSVRJBNVOULPGIWOJQIYFEKNQXDOAYIUIOVRRGEVAFXRCECDYXUIFJGAISQDQDIEAXXORQWFWCMENKJYKXYPHIGDDOGWETGNXDDDPKDBSBOEJNDVIEDHSKBBOHGUWLPDXCJBIWVNGOIIEFUHPURDGWIWHDKOGJOPBEUTVSUEWROAEAAPISDGWVGRFHQPHQTFFUFDPHHYSAFALSGSPWUVCCKMQUYQDAA",
        "amount": 1.6063364697220762E308,
        "type": "expense",
        "category": "R",
        "date": "2026-06-21T05:18:59Z"
    }

  Response at 2026-6-21 5:18:59.69
    201 Created
    X-Powered-By: Express
    Access-Control-Allow-Origin: *
    Content-Type: application/json; charset=utf-8
    Content-Length: 739
    ETag: W/"2e3-I7Okw95S0H8LQrPJdwV6lZtAj0A"
    Date: Sun, 21 Jun 2026 05:18:59 GMT
    Connection: keep-alive
    Keep-Alive: timeout=5
    
    {
        "success": true,
        "transaction": {
            "user": "6a351082da1b125a5c4644c3",
            "description": "JAHJM",
            "notes": "SKPMWESXAAFMIIYGUDSDHQKFIGCDDWSGVCVFSQBHIVNXSWRRNWTOCHBORLRDFWACTJANEWNLRVBEQCUDYJBVYVFIIWFUXIYWGSVEEMJQBLPVIPWUNURMWRYPTJSORUWOIAXRSKDRKRJJDUTMYYBAVBIIWCYWAALTFKBBSVTWDBKYMMWFMNYEXXJWWFSJANJUNRUYDAFJKYRTRSAQFIRAPRUPDWRBKLMMELHCAKOGSJSEUIBQEKAWJGXXMYCPQWQMLPCHKALKQLVFBHDMPGOWFHSVRJBNVOULPGIWOJQIYFEKNQXDOAYIUIOVRRGEVAFXRCECDYXUIFJGAISQDQDIEAXXORQWFWCMENKJYKXYPHIGDDOGWETGNXDDDPKDBSBOEJNDVIEDHSKBBOHGUWLPDXCJBIWVNGOIIEFUHPURDGWIWHDKOGJOPBEUTVSUEWROAEAAPISDGWVGRFHQPHQTFFUFDPHHYSAFALSGSPWUVCCKMQUYQDAA",
            "amount": 1.6063364697220762E308,
            "type": "expense",
            "category": "R",
            "date": "2026-06-21T05:18:59.000Z",
            "_id": "6a3774437239ad08158b3fd5",
            "__v": 0
        }
    }

Scenario: POST /api/transactions -> 201 with a request where REQUEST.BODY contains all the keys AND the key notes is set to the longest possible string AND amount is set to a value within the specified bounds AND type is set to 'expense' from enum AND category is set to the shortest possible string has FAILED
Reason:
Testing scenario "Add a new transaction. Response: Transaction created successfully"
API: POST /api/transactions -> 201

  >> RESPONSE.BODY.transaction.__v
  
      R2003: Unknown property
      Documentation: https://docs.specmatic.io/rules#r2003
      Summary: A property was found that is not defined in the specification
  
      Property "__v" in the response was not in the specification



--------------------
  Request to http://host.docker.internal:5000 at 2026-6-21 5:18:59.78
    POST /api/transactions
    Authorization: Bearer VKXXG
    Specmatic-Response-Code: 201
    Host: host.docker.internal:5000
    Accept-Charset: UTF-8
    Accept: */*
    Content-Type: application/json
    
    {
        "description": "FAHNJ",
        "notes": "SKPMWESXAAFMIIYGUDSDHQKFIGCDDWSGVCVFSQBHIVNXSWRRNWTOCHBORLRDFWACTJANEWNLRVBEQCUDYJBVYVFIIWFUXIYWGSVEEMJQBLPVIPWUNURMWRYPTJSORUWOIAXRSKDRKRJJDUTMYYBAVBIIWCYWAALTFKBBSVTWDBKYMMWFMNYEXXJWWFSJANJUNRUYDAFJKYRTRSAQFIRAPRUPDWRBKLMMELHCAKOGSJSEUIBQEKAWJGXXMYCPQWQMLPCHKALKQLVFBHDMPGOWFHSVRJBNVOULPGIWOJQIYFEKNQXDOAYIUIOVRRGEVAFXRCECDYXUIFJGAISQDQDIEAXXORQWFWCMENKJYKXYPHIGDDOGWETGNXDDDPKDBSBOEJNDVIEDHSKBBOHGUWLPDXCJBIWVNGOIIEFUHPURDGWIWHDKOGJOPBEUTVSUEWROAEAAPISDGWVGRFHQPHQTFFUFDPHHYSAFALSGSPWUVCCKMQUYQDAA",
        "amount": 0.01,
        "type": "income",
        "category": "LGCJY",
        "date": "2026-06-21T05:18:59Z"
    }

  Response at 2026-6-21 5:18:59.100
    201 Created
    X-Powered-By: Express
    Access-Control-Allow-Origin: *
    Content-Type: application/json; charset=utf-8
    Content-Length: 723
    ETag: W/"2d3-/IWkw9/RauPlj61xjblui2eFeag"
    Date: Sun, 21 Jun 2026 05:18:59 GMT
    Connection: keep-alive
    Keep-Alive: timeout=5
    
    {
        "success": true,
        "transaction": {
            "user": "6a351082da1b125a5c4644c3",
            "description": "FAHNJ",
            "notes": "SKPMWESXAAFMIIYGUDSDHQKFIGCDDWSGVCVFSQBHIVNXSWRRNWTOCHBORLRDFWACTJANEWNLRVBEQCUDYJBVYVFIIWFUXIYWGSVEEMJQBLPVIPWUNURMWRYPTJSORUWOIAXRSKDRKRJJDUTMYYBAVBIIWCYWAALTFKBBSVTWDBKYMMWFMNYEXXJWWFSJANJUNRUYDAFJKYRTRSAQFIRAPRUPDWRBKLMMELHCAKOGSJSEUIBQEKAWJGXXMYCPQWQMLPCHKALKQLVFBHDMPGOWFHSVRJBNVOULPGIWOJQIYFEKNQXDOAYIUIOVRRGEVAFXRCECDYXUIFJGAISQDQDIEAXXORQWFWCMENKJYKXYPHIGDDOGWETGNXDDDPKDBSBOEJNDVIEDHSKBBOHGUWLPDXCJBIWVNGOIIEFUHPURDGWIWHDKOGJOPBEUTVSUEWROAEAAPISDGWVGRFHQPHQTFFUFDPHHYSAFALSGSPWUVCCKMQUYQDAA",
            "amount": 0.01,
            "type": "income",
            "category": "LGCJY",
            "date": "2026-06-21T05:18:59.000Z",
            "_id": "6a3774437239ad08158b3fd7",
            "__v": 0
        }
    }

Scenario: POST /api/transactions -> 201 with a request where REQUEST.BODY contains all the keys AND the key notes is set to the longest possible string AND amount is set to the smallest possible value '0.01' AND type is set to 'income' from enum has FAILED
Reason:
Testing scenario "Add a new transaction. Response: Transaction created successfully"
API: POST /api/transactions -> 201

  >> RESPONSE.BODY.transaction.__v
  
      R2003: Unknown property
      Documentation: https://docs.specmatic.io/rules#r2003
      Summary: A property was found that is not defined in the specification
  
      Property "__v" in the response was not in the specification



--------------------
  Request to http://host.docker.internal:5000 at 2026-6-21 5:18:59.108
    POST /api/transactions
    Authorization: Bearer UOFGV
    Specmatic-Response-Code: 201
    Host: host.docker.internal:5000
    Accept-Charset: UTF-8
    Accept: */*
    Content-Type: application/json
    
    {
        "description": "XNSKX",
        "notes": "SKPMWESXAAFMIIYGUDSDHQKFIGCDDWSGVCVFSQBHIVNXSWRRNWTOCHBORLRDFWACTJANEWNLRVBEQCUDYJBVYVFIIWFUXIYWGSVEEMJQBLPVIPWUNURMWRYPTJSORUWOIAXRSKDRKRJJDUTMYYBAVBIIWCYWAALTFKBBSVTWDBKYMMWFMNYEXXJWWFSJANJUNRUYDAFJKYRTRSAQFIRAPRUPDWRBKLMMELHCAKOGSJSEUIBQEKAWJGXXMYCPQWQMLPCHKALKQLVFBHDMPGOWFHSVRJBNVOULPGIWOJQIYFEKNQXDOAYIUIOVRRGEVAFXRCECDYXUIFJGAISQDQDIEAXXORQWFWCMENKJYKXYPHIGDDOGWETGNXDDDPKDBSBOEJNDVIEDHSKBBOHGUWLPDXCJBIWVNGOIIEFUHPURDGWIWHDKOGJOPBEUTVSUEWROAEAAPISDGWVGRFHQPHQTFFUFDPHHYSAFALSGSPWUVCCKMQUYQDAA",
        "amount": 0.01,
        "type": "income",
        "category": "N",
        "date": "2026-06-21T05:18:59Z"
    }

  Response at 2026-6-21 5:18:59.128
    201 Created
    X-Powered-By: Express
    Access-Control-Allow-Origin: *
    Content-Type: application/json; charset=utf-8
    Content-Length: 719
    ETag: W/"2cf-cs0cYdgeki0cLu5HEIRSRYo9HAs"
    Date: Sun, 21 Jun 2026 05:18:59 GMT
    Connection: keep-alive
    Keep-Alive: timeout=5
    
    {
        "success": true,
        "transaction": {
            "user": "6a351082da1b125a5c4644c3",
            "description": "XNSKX",
            "notes": "SKPMWESXAAFMIIYGUDSDHQKFIGCDDWSGVCVFSQBHIVNXSWRRNWTOCHBORLRDFWACTJANEWNLRVBEQCUDYJBVYVFIIWFUXIYWGSVEEMJQBLPVIPWUNURMWRYPTJSORUWOIAXRSKDRKRJJDUTMYYBAVBIIWCYWAALTFKBBSVTWDBKYMMWFMNYEXXJWWFSJANJUNRUYDAFJKYRTRSAQFIRAPRUPDWRBKLMMELHCAKOGSJSEUIBQEKAWJGXXMYCPQWQMLPCHKALKQLVFBHDMPGOWFHSVRJBNVOULPGIWOJQIYFEKNQXDOAYIUIOVRRGEVAFXRCECDYXUIFJGAISQDQDIEAXXORQWFWCMENKJYKXYPHIGDDOGWETGNXDDDPKDBSBOEJNDVIEDHSKBBOHGUWLPDXCJBIWVNGOIIEFUHPURDGWIWHDKOGJOPBEUTVSUEWROAEAAPISDGWVGRFHQPHQTFFUFDPHHYSAFALSGSPWUVCCKMQUYQDAA",
            "amount": 0.01,
            "type": "income",
            "category": "N",
            "date": "2026-06-21T05:18:59.000Z",
            "_id": "6a3774437239ad08158b3fd9",
            "__v": 0
        }
    }

Scenario: POST /api/transactions -> 201 with a request where REQUEST.BODY contains all the keys AND the key notes is set to the longest possible string AND amount is set to the smallest possible value '0.01' AND type is set to 'income' from enum AND category is set to the shortest possible string has FAILED
Reason:
Testing scenario "Add a new transaction. Response: Transaction created successfully"
API: POST /api/transactions -> 201

  >> RESPONSE.BODY.transaction.__v
  
      R2003: Unknown property
      Documentation: https://docs.specmatic.io/rules#r2003
      Summary: A property was found that is not defined in the specification
  
      Property "__v" in the response was not in the specification



--------------------
  Request to http://host.docker.internal:5000 at 2026-6-21 5:18:59.136
    POST /api/transactions
    Authorization: Bearer LCYML
    Specmatic-Response-Code: 201
    Host: host.docker.internal:5000
    Accept-Charset: UTF-8
    Accept: */*
    Content-Type: application/json
    
    {
        "description": "DTUVP",
        "notes": "SKPMWESXAAFMIIYGUDSDHQKFIGCDDWSGVCVFSQBHIVNXSWRRNWTOCHBORLRDFWACTJANEWNLRVBEQCUDYJBVYVFIIWFUXIYWGSVEEMJQBLPVIPWUNURMWRYPTJSORUWOIAXRSKDRKRJJDUTMYYBAVBIIWCYWAALTFKBBSVTWDBKYMMWFMNYEXXJWWFSJANJUNRUYDAFJKYRTRSAQFIRAPRUPDWRBKLMMELHCAKOGSJSEUIBQEKAWJGXXMYCPQWQMLPCHKALKQLVFBHDMPGOWFHSVRJBNVOULPGIWOJQIYFEKNQXDOAYIUIOVRRGEVAFXRCECDYXUIFJGAISQDQDIEAXXORQWFWCMENKJYKXYPHIGDDOGWETGNXDDDPKDBSBOEJNDVIEDHSKBBOHGUWLPDXCJBIWVNGOIIEFUHPURDGWIWHDKOGJOPBEUTVSUEWROAEAAPISDGWVGRFHQPHQTFFUFDPHHYSAFALSGSPWUVCCKMQUYQDAA",
        "amount": 0.01,
        "type": "expense",
        "category": "NJKRS",
        "date": "2026-06-21T05:18:59Z"
    }

  Response at 2026-6-21 5:18:59.155
    201 Created
    X-Powered-By: Express
    Access-Control-Allow-Origin: *
    Content-Type: application/json; charset=utf-8
    Content-Length: 724
    ETag: W/"2d4-H/0aHBzDztfOQBMwHYXlhQZhIks"
    Date: Sun, 21 Jun 2026 05:18:59 GMT
    Connection: keep-alive
    Keep-Alive: timeout=5
    
    {
        "success": true,
        "transaction": {
            "user": "6a351082da1b125a5c4644c3",
            "description": "DTUVP",
            "notes": "SKPMWESXAAFMIIYGUDSDHQKFIGCDDWSGVCVFSQBHIVNXSWRRNWTOCHBORLRDFWACTJANEWNLRVBEQCUDYJBVYVFIIWFUXIYWGSVEEMJQBLPVIPWUNURMWRYPTJSORUWOIAXRSKDRKRJJDUTMYYBAVBIIWCYWAALTFKBBSVTWDBKYMMWFMNYEXXJWWFSJANJUNRUYDAFJKYRTRSAQFIRAPRUPDWRBKLMMELHCAKOGSJSEUIBQEKAWJGXXMYCPQWQMLPCHKALKQLVFBHDMPGOWFHSVRJBNVOULPGIWOJQIYFEKNQXDOAYIUIOVRRGEVAFXRCECDYXUIFJGAISQDQDIEAXXORQWFWCMENKJYKXYPHIGDDOGWETGNXDDDPKDBSBOEJNDVIEDHSKBBOHGUWLPDXCJBIWVNGOIIEFUHPURDGWIWHDKOGJOPBEUTVSUEWROAEAAPISDGWVGRFHQPHQTFFUFDPHHYSAFALSGSPWUVCCKMQUYQDAA",
            "amount": 0.01,
            "type": "expense",
            "category": "NJKRS",
            "date": "2026-06-21T05:18:59.000Z",
            "_id": "6a3774437239ad08158b3fdb",
            "__v": 0
        }
    }

Scenario: POST /api/transactions -> 201 with a request where REQUEST.BODY contains all the keys AND the key notes is set to the longest possible string AND amount is set to the smallest possible value '0.01' AND type is set to 'expense' from enum has FAILED
Reason:
Testing scenario "Add a new transaction. Response: Transaction created successfully"
API: POST /api/transactions -> 201

  >> RESPONSE.BODY.transaction.__v
  
      R2003: Unknown property
      Documentation: https://docs.specmatic.io/rules#r2003
      Summary: A property was found that is not defined in the specification
  
      Property "__v" in the response was not in the specification



--------------------
  Request to http://host.docker.internal:5000 at 2026-6-21 5:18:59.164
    POST /api/transactions
    Authorization: Bearer SYXAA
    Specmatic-Response-Code: 201
    Host: host.docker.internal:5000
    Accept-Charset: UTF-8
    Accept: */*
    Content-Type: application/json
    
    {
        "description": "JVQPX",
        "notes": "SKPMWESXAAFMIIYGUDSDHQKFIGCDDWSGVCVFSQBHIVNXSWRRNWTOCHBORLRDFWACTJANEWNLRVBEQCUDYJBVYVFIIWFUXIYWGSVEEMJQBLPVIPWUNURMWRYPTJSORUWOIAXRSKDRKRJJDUTMYYBAVBIIWCYWAALTFKBBSVTWDBKYMMWFMNYEXXJWWFSJANJUNRUYDAFJKYRTRSAQFIRAPRUPDWRBKLMMELHCAKOGSJSEUIBQEKAWJGXXMYCPQWQMLPCHKALKQLVFBHDMPGOWFHSVRJBNVOULPGIWOJQIYFEKNQXDOAYIUIOVRRGEVAFXRCECDYXUIFJGAISQDQDIEAXXORQWFWCMENKJYKXYPHIGDDOGWETGNXDDDPKDBSBOEJNDVIEDHSKBBOHGUWLPDXCJBIWVNGOIIEFUHPURDGWIWHDKOGJOPBEUTVSUEWROAEAAPISDGWVGRFHQPHQTFFUFDPHHYSAFALSGSPWUVCCKMQUYQDAA",
        "amount": 0.01,
        "type": "expense",
        "category": "A",
        "date": "2026-06-21T05:18:59Z"
    }

  Response at 2026-6-21 5:18:59.181
    201 Created
    X-Powered-By: Express
    Access-Control-Allow-Origin: *
    Content-Type: application/json; charset=utf-8
    Content-Length: 720
    ETag: W/"2d0-g6UsYI0e+V6szc1aaJ9VwT7mjLA"
    Date: Sun, 21 Jun 2026 05:18:59 GMT
    Connection: keep-alive
    Keep-Alive: timeout=5
    
    {
        "success": true,
        "transaction": {
            "user": "6a351082da1b125a5c4644c3",
            "description": "JVQPX",
            "notes": "SKPMWESXAAFMIIYGUDSDHQKFIGCDDWSGVCVFSQBHIVNXSWRRNWTOCHBORLRDFWACTJANEWNLRVBEQCUDYJBVYVFIIWFUXIYWGSVEEMJQBLPVIPWUNURMWRYPTJSORUWOIAXRSKDRKRJJDUTMYYBAVBIIWCYWAALTFKBBSVTWDBKYMMWFMNYEXXJWWFSJANJUNRUYDAFJKYRTRSAQFIRAPRUPDWRBKLMMELHCAKOGSJSEUIBQEKAWJGXXMYCPQWQMLPCHKALKQLVFBHDMPGOWFHSVRJBNVOULPGIWOJQIYFEKNQXDOAYIUIOVRRGEVAFXRCECDYXUIFJGAISQDQDIEAXXORQWFWCMENKJYKXYPHIGDDOGWETGNXDDDPKDBSBOEJNDVIEDHSKBBOHGUWLPDXCJBIWVNGOIIEFUHPURDGWIWHDKOGJOPBEUTVSUEWROAEAAPISDGWVGRFHQPHQTFFUFDPHHYSAFALSGSPWUVCCKMQUYQDAA",
            "amount": 0.01,
            "type": "expense",
            "category": "A",
            "date": "2026-06-21T05:18:59.000Z",
            "_id": "6a3774437239ad08158b3fdd",
            "__v": 0
        }
    }

Scenario: POST /api/transactions -> 201 with a request where REQUEST.BODY contains all the keys AND the key notes is set to the longest possible string AND amount is set to the smallest possible value '0.01' AND type is set to 'expense' from enum AND category is set to the shortest possible string has FAILED
Reason:
Testing scenario "Add a new transaction. Response: Transaction created successfully"
API: POST /api/transactions -> 201

  >> RESPONSE.BODY.transaction.__v
  
      R2003: Unknown property
      Documentation: https://docs.specmatic.io/rules#r2003
      Summary: A property was found that is not defined in the specification
  
      Property "__v" in the response was not in the specification



--------------------
  Request to http://host.docker.internal:5000 at 2026-6-21 5:18:59.192
    POST /api/transactions
    Authorization: Bearer CREPN
    Specmatic-Response-Code: 201
    Host: host.docker.internal:5000
    Accept-Charset: UTF-8
    Accept: */*
    Content-Type: application/json
    
    {
        "description": "IKHMWIPPRXBIGACBDOIKGWEGHCXNVGORHAJRMGHUKSHKKSKMBKWWLRDKBEUCWYBGRKDSKRARFPBXIJVGBFCMCLQELYCLXXXPLECQUKGDUYOQGDYFBITRWRISVJJTLNKTPXWECHKYWMXMTXFRJWMDXTDXEXFDUHDMPADCRTPVQPCPNQFBJYUUQICTDRSMIBTOYNDWAWOU",
        "notes": "NOADG",
        "amount": 1.00945908090751E308,
        "type": "income",
        "category": "PECLQ",
        "date": "2026-06-21T05:18:59Z"
    }

  Response at 2026-6-21 5:18:59.220
    201 Created
    X-Powered-By: Express
    Access-Control-Allow-Origin: *
    Content-Type: application/json; charset=utf-8
    Content-Length: 440
    ETag: W/"1b8-IZFwhMl3zEvHhNedHb2OtPyGc9I"
    Date: Sun, 21 Jun 2026 05:18:59 GMT
    Connection: keep-alive
    Keep-Alive: timeout=5
    
    {
        "success": true,
        "transaction": {
            "user": "6a351082da1b125a5c4644c3",
            "description": "IKHMWIPPRXBIGACBDOIKGWEGHCXNVGORHAJRMGHUKSHKKSKMBKWWLRDKBEUCWYBGRKDSKRARFPBXIJVGBFCMCLQELYCLXXXPLECQUKGDUYOQGDYFBITRWRISVJJTLNKTPXWECHKYWMXMTXFRJWMDXTDXEXFDUHDMPADCRTPVQPCPNQFBJYUUQICTDRSMIBTOYNDWAWOU",
            "notes": "NOADG",
            "amount": 1.00945908090751E308,
            "type": "income",
            "category": "PECLQ",
            "date": "2026-06-21T05:18:59.000Z",
            "_id": "6a3774437239ad08158b3fdf",
            "__v": 0
        }
    }

Scenario: POST /api/transactions -> 201 with a request where REQUEST.BODY contains all the keys AND the key description is set to the longest possible string AND amount is set to a value within the specified bounds AND type is set to 'income' from enum has FAILED
Reason:
Testing scenario "Add a new transaction. Response: Transaction created successfully"
API: POST /api/transactions -> 201

  >> RESPONSE.BODY.transaction.__v
  
      R2003: Unknown property
      Documentation: https://docs.specmatic.io/rules#r2003
      Summary: A property was found that is not defined in the specification
  
      Property "__v" in the response was not in the specification



--------------------
  Request to http://host.docker.internal:5000 at 2026-6-21 5:18:59.229
    POST /api/transactions
    Authorization: Bearer JJPFB
    Specmatic-Response-Code: 201
    Host: host.docker.internal:5000
    Accept-Charset: UTF-8
    Accept: */*
    Content-Type: application/json
    
    {
        "description": "IKHMWIPPRXBIGACBDOIKGWEGHCXNVGORHAJRMGHUKSHKKSKMBKWWLRDKBEUCWYBGRKDSKRARFPBXIJVGBFCMCLQELYCLXXXPLECQUKGDUYOQGDYFBITRWRISVJJTLNKTPXWECHKYWMXMTXFRJWMDXTDXEXFDUHDMPADCRTPVQPCPNQFBJYUUQICTDRSMIBTOYNDWAWOU",
        "notes": "YJJLA",
        "amount": 8.641144864017154E307,
        "type": "income",
        "category": "T",
        "date": "2026-06-21T05:18:59Z"
    }

  Response at 2026-6-21 5:18:59.254
    201 Created
    X-Powered-By: Express
    Access-Control-Allow-Origin: *
    Content-Type: application/json; charset=utf-8
    Content-Length: 437
    ETag: W/"1b5-9Td+Qw8xMmA+McH7PCer8vNnC64"
    Date: Sun, 21 Jun 2026 05:18:59 GMT
    Connection: keep-alive
    Keep-Alive: timeout=5
    
    {
        "success": true,
        "transaction": {
            "user": "6a351082da1b125a5c4644c3",
            "description": "IKHMWIPPRXBIGACBDOIKGWEGHCXNVGORHAJRMGHUKSHKKSKMBKWWLRDKBEUCWYBGRKDSKRARFPBXIJVGBFCMCLQELYCLXXXPLECQUKGDUYOQGDYFBITRWRISVJJTLNKTPXWECHKYWMXMTXFRJWMDXTDXEXFDUHDMPADCRTPVQPCPNQFBJYUUQICTDRSMIBTOYNDWAWOU",
            "notes": "YJJLA",
            "amount": 8.641144864017154E307,
            "type": "income",
            "category": "T",
            "date": "2026-06-21T05:18:59.000Z",
            "_id": "6a3774437239ad08158b3fe1",
            "__v": 0
        }
    }

Scenario: POST /api/transactions -> 201 with a request where REQUEST.BODY contains all the keys AND the key description is set to the longest possible string AND amount is set to a value within the specified bounds AND type is set to 'income' from enum AND category is set to the shortest possible string has FAILED
Reason:
Testing scenario "Add a new transaction. Response: Transaction created successfully"
API: POST /api/transactions -> 201

  >> RESPONSE.BODY.transaction.__v
  
      R2003: Unknown property
      Documentation: https://docs.specmatic.io/rules#r2003
      Summary: A property was found that is not defined in the specification
  
      Property "__v" in the response was not in the specification



--------------------
  Request to http://host.docker.internal:5000 at 2026-6-21 5:18:59.263
    POST /api/transactions
    Authorization: Bearer MBCEV
    Specmatic-Response-Code: 201
    Host: host.docker.internal:5000
    Accept-Charset: UTF-8
    Accept: */*
    Content-Type: application/json
    
    {
        "description": "IKHMWIPPRXBIGACBDOIKGWEGHCXNVGORHAJRMGHUKSHKKSKMBKWWLRDKBEUCWYBGRKDSKRARFPBXIJVGBFCMCLQELYCLXXXPLECQUKGDUYOQGDYFBITRWRISVJJTLNKTPXWECHKYWMXMTXFRJWMDXTDXEXFDUHDMPADCRTPVQPCPNQFBJYUUQICTDRSMIBTOYNDWAWOU",
        "notes": "HFINC",
        "amount": 1.477697898804773E308,
        "type": "expense",
        "category": "VBBKT",
        "date": "2026-06-21T05:18:59Z"
    }

  Response at 2026-6-21 5:18:59.280
    201 Created
    X-Powered-By: Express
    Access-Control-Allow-Origin: *
    Content-Type: application/json; charset=utf-8
    Content-Length: 442
    ETag: W/"1ba-Mo2a+6GZbIXu2BQeTElFkzbaGME"
    Date: Sun, 21 Jun 2026 05:18:59 GMT
    Connection: keep-alive
    Keep-Alive: timeout=5
    
    {
        "success": true,
        "transaction": {
            "user": "6a351082da1b125a5c4644c3",
            "description": "IKHMWIPPRXBIGACBDOIKGWEGHCXNVGORHAJRMGHUKSHKKSKMBKWWLRDKBEUCWYBGRKDSKRARFPBXIJVGBFCMCLQELYCLXXXPLECQUKGDUYOQGDYFBITRWRISVJJTLNKTPXWECHKYWMXMTXFRJWMDXTDXEXFDUHDMPADCRTPVQPCPNQFBJYUUQICTDRSMIBTOYNDWAWOU",
            "notes": "HFINC",
            "amount": 1.477697898804773E308,
            "type": "expense",
            "category": "VBBKT",
            "date": "2026-06-21T05:18:59.000Z",
            "_id": "6a3774437239ad08158b3fe3",
            "__v": 0
        }
    }

Scenario: POST /api/transactions -> 201 with a request where REQUEST.BODY contains all the keys AND the key description is set to the longest possible string AND amount is set to a value within the specified bounds AND type is set to 'expense' from enum has FAILED
Reason:
Testing scenario "Add a new transaction. Response: Transaction created successfully"
API: POST /api/transactions -> 201

  >> RESPONSE.BODY.transaction.__v
  
      R2003: Unknown property
      Documentation: https://docs.specmatic.io/rules#r2003
      Summary: A property was found that is not defined in the specification
  
      Property "__v" in the response was not in the specification



--------------------
  Request to http://host.docker.internal:5000 at 2026-6-21 5:18:59.288
    POST /api/transactions
    Authorization: Bearer XUDDW
    Specmatic-Response-Code: 201
    Host: host.docker.internal:5000
    Accept-Charset: UTF-8
    Accept: */*
    Content-Type: application/json
    
    {
        "description": "IKHMWIPPRXBIGACBDOIKGWEGHCXNVGORHAJRMGHUKSHKKSKMBKWWLRDKBEUCWYBGRKDSKRARFPBXIJVGBFCMCLQELYCLXXXPLECQUKGDUYOQGDYFBITRWRISVJJTLNKTPXWECHKYWMXMTXFRJWMDXTDXEXFDUHDMPADCRTPVQPCPNQFBJYUUQICTDRSMIBTOYNDWAWOU",
        "notes": "YUKOP",
        "amount": 4.855605054464262E307,
        "type": "expense",
        "category": "D",
        "date": "2026-06-21T05:18:59Z"
    }

  Response at 2026-6-21 5:18:59.306
    201 Created
    X-Powered-By: Express
    Access-Control-Allow-Origin: *
    Content-Type: application/json; charset=utf-8
    Content-Length: 438
    ETag: W/"1b6-YpJBiNZ0Nl1UzciIWiYTbHlb9h4"
    Date: Sun, 21 Jun 2026 05:18:59 GMT
    Connection: keep-alive
    Keep-Alive: timeout=5
    
    {
        "success": true,
        "transaction": {
            "user": "6a351082da1b125a5c4644c3",
            "description": "IKHMWIPPRXBIGACBDOIKGWEGHCXNVGORHAJRMGHUKSHKKSKMBKWWLRDKBEUCWYBGRKDSKRARFPBXIJVGBFCMCLQELYCLXXXPLECQUKGDUYOQGDYFBITRWRISVJJTLNKTPXWECHKYWMXMTXFRJWMDXTDXEXFDUHDMPADCRTPVQPCPNQFBJYUUQICTDRSMIBTOYNDWAWOU",
            "notes": "YUKOP",
            "amount": 4.855605054464262E307,
            "type": "expense",
            "category": "D",
            "date": "2026-06-21T05:18:59.000Z",
            "_id": "6a3774437239ad08158b3fe5",
            "__v": 0
        }
    }

Scenario: POST /api/transactions -> 201 with a request where REQUEST.BODY contains all the keys AND the key description is set to the longest possible string AND amount is set to a value within the specified bounds AND type is set to 'expense' from enum AND category is set to the shortest possible string has FAILED
Reason:
Testing scenario "Add a new transaction. Response: Transaction created successfully"
API: POST /api/transactions -> 201

  >> RESPONSE.BODY.transaction.__v
  
      R2003: Unknown property
      Documentation: https://docs.specmatic.io/rules#r2003
      Summary: A property was found that is not defined in the specification
  
      Property "__v" in the response was not in the specification



--------------------
  Request to http://host.docker.internal:5000 at 2026-6-21 5:18:59.317
    POST /api/transactions
    Authorization: Bearer OOACD
    Specmatic-Response-Code: 201
    Host: host.docker.internal:5000
    Accept-Charset: UTF-8
    Accept: */*
    Content-Type: application/json
    
    {
        "description": "IKHMWIPPRXBIGACBDOIKGWEGHCXNVGORHAJRMGHUKSHKKSKMBKWWLRDKBEUCWYBGRKDSKRARFPBXIJVGBFCMCLQELYCLXXXPLECQUKGDUYOQGDYFBITRWRISVJJTLNKTPXWECHKYWMXMTXFRJWMDXTDXEXFDUHDMPADCRTPVQPCPNQFBJYUUQICTDRSMIBTOYNDWAWOU",
        "notes": "WDBRD",
        "amount": 0.01,
        "type": "income",
        "category": "JPPAD",
        "date": "2026-06-21T05:18:59Z"
    }

  Response at 2026-6-21 5:18:59.336
    201 Created
    X-Powered-By: Express
    Access-Control-Allow-Origin: *
    Content-Type: application/json; charset=utf-8
    Content-Length: 423
    ETag: W/"1a7-TVYU1v9PDQGPXeENgi6xzVNA1g4"
    Date: Sun, 21 Jun 2026 05:18:59 GMT
    Connection: keep-alive
    Keep-Alive: timeout=5
    
    {
        "success": true,
        "transaction": {
            "user": "6a351082da1b125a5c4644c3",
            "description": "IKHMWIPPRXBIGACBDOIKGWEGHCXNVGORHAJRMGHUKSHKKSKMBKWWLRDKBEUCWYBGRKDSKRARFPBXIJVGBFCMCLQELYCLXXXPLECQUKGDUYOQGDYFBITRWRISVJJTLNKTPXWECHKYWMXMTXFRJWMDXTDXEXFDUHDMPADCRTPVQPCPNQFBJYUUQICTDRSMIBTOYNDWAWOU",
            "notes": "WDBRD",
            "amount": 0.01,
            "type": "income",
            "category": "JPPAD",
            "date": "2026-06-21T05:18:59.000Z",
            "_id": "6a3774437239ad08158b3fe7",
            "__v": 0
        }
    }

Scenario: POST /api/transactions -> 201 with a request where REQUEST.BODY contains all the keys AND the key description is set to the longest possible string AND amount is set to the smallest possible value '0.01' AND type is set to 'income' from enum has FAILED
Reason:
Testing scenario "Add a new transaction. Response: Transaction created successfully"
API: POST /api/transactions -> 201

  >> RESPONSE.BODY.transaction.__v
  
      R2003: Unknown property
      Documentation: https://docs.specmatic.io/rules#r2003
      Summary: A property was found that is not defined in the specification
  
      Property "__v" in the response was not in the specification



--------------------
  Request to http://host.docker.internal:5000 at 2026-6-21 5:18:59.348
    POST /api/transactions
    Authorization: Bearer QYSEB
    Specmatic-Response-Code: 201
    Host: host.docker.internal:5000
    Accept-Charset: UTF-8
    Accept: */*
    Content-Type: application/json
    
    {
        "description": "IKHMWIPPRXBIGACBDOIKGWEGHCXNVGORHAJRMGHUKSHKKSKMBKWWLRDKBEUCWYBGRKDSKRARFPBXIJVGBFCMCLQELYCLXXXPLECQUKGDUYOQGDYFBITRWRISVJJTLNKTPXWECHKYWMXMTXFRJWMDXTDXEXFDUHDMPADCRTPVQPCPNQFBJYUUQICTDRSMIBTOYNDWAWOU",
        "notes": "TQEOP",
        "amount": 0.01,
        "type": "income",
        "category": "V",
        "date": "2026-06-21T05:18:59Z"
    }

  Response at 2026-6-21 5:18:59.365
    201 Created
    X-Powered-By: Express
    Access-Control-Allow-Origin: *
    Content-Type: application/json; charset=utf-8
    Content-Length: 419
    ETag: W/"1a3-/KlNiERT7bp65TgiBLjtTvPdQeo"
    Date: Sun, 21 Jun 2026 05:18:59 GMT
    Connection: keep-alive
    Keep-Alive: timeout=5
    
    {
        "success": true,
        "transaction": {
            "user": "6a351082da1b125a5c4644c3",
            "description": "IKHMWIPPRXBIGACBDOIKGWEGHCXNVGORHAJRMGHUKSHKKSKMBKWWLRDKBEUCWYBGRKDSKRARFPBXIJVGBFCMCLQELYCLXXXPLECQUKGDUYOQGDYFBITRWRISVJJTLNKTPXWECHKYWMXMTXFRJWMDXTDXEXFDUHDMPADCRTPVQPCPNQFBJYUUQICTDRSMIBTOYNDWAWOU",
            "notes": "TQEOP",
            "amount": 0.01,
            "type": "income",
            "category": "V",
            "date": "2026-06-21T05:18:59.000Z",
            "_id": "6a3774437239ad08158b3fe9",
            "__v": 0
        }
    }

Scenario: POST /api/transactions -> 201 with a request where REQUEST.BODY contains all the keys AND the key description is set to the longest possible string AND amount is set to the smallest possible value '0.01' AND type is set to 'income' from enum AND category is set to the shortest possible string has FAILED
Reason:
Testing scenario "Add a new transaction. Response: Transaction created successfully"
API: POST /api/transactions -> 201

  >> RESPONSE.BODY.transaction.__v
  
      R2003: Unknown property
      Documentation: https://docs.specmatic.io/rules#r2003
      Summary: A property was found that is not defined in the specification
  
      Property "__v" in the response was not in the specification



--------------------
  Request to http://host.docker.internal:5000 at 2026-6-21 5:18:59.373
    POST /api/transactions
    Authorization: Bearer ADHDL
    Specmatic-Response-Code: 201
    Host: host.docker.internal:5000
    Accept-Charset: UTF-8
    Accept: */*
    Content-Type: application/json
    
    {
        "description": "IKHMWIPPRXBIGACBDOIKGWEGHCXNVGORHAJRMGHUKSHKKSKMBKWWLRDKBEUCWYBGRKDSKRARFPBXIJVGBFCMCLQELYCLXXXPLECQUKGDUYOQGDYFBITRWRISVJJTLNKTPXWECHKYWMXMTXFRJWMDXTDXEXFDUHDMPADCRTPVQPCPNQFBJYUUQICTDRSMIBTOYNDWAWOU",
        "notes": "AXPLF",
        "amount": 0.01,
        "type": "expense",
        "category": "DRGHE",
        "date": "2026-06-21T05:18:59Z"
    }

  Response at 2026-6-21 5:18:59.392
    201 Created
    X-Powered-By: Express
    Access-Control-Allow-Origin: *
    Content-Type: application/json; charset=utf-8
    Content-Length: 424
    ETag: W/"1a8-QamMyojm4wMVUeDeQTbQDeByrhE"
    Date: Sun, 21 Jun 2026 05:18:59 GMT
    Connection: keep-alive
    Keep-Alive: timeout=5
    
    {
        "success": true,
        "transaction": {
            "user": "6a351082da1b125a5c4644c3",
            "description": "IKHMWIPPRXBIGACBDOIKGWEGHCXNVGORHAJRMGHUKSHKKSKMBKWWLRDKBEUCWYBGRKDSKRARFPBXIJVGBFCMCLQELYCLXXXPLECQUKGDUYOQGDYFBITRWRISVJJTLNKTPXWECHKYWMXMTXFRJWMDXTDXEXFDUHDMPADCRTPVQPCPNQFBJYUUQICTDRSMIBTOYNDWAWOU",
            "notes": "AXPLF",
            "amount": 0.01,
            "type": "expense",
            "category": "DRGHE",
            "date": "2026-06-21T05:18:59.000Z",
            "_id": "6a3774437239ad08158b3feb",
            "__v": 0
        }
    }

Scenario: POST /api/transactions -> 201 with a request where REQUEST.BODY contains all the keys AND the key description is set to the longest possible string AND amount is set to the smallest possible value '0.01' AND type is set to 'expense' from enum has FAILED
Reason:
Testing scenario "Add a new transaction. Response: Transaction created successfully"
API: POST /api/transactions -> 201

  >> RESPONSE.BODY.transaction.__v
  
      R2003: Unknown property
      Documentation: https://docs.specmatic.io/rules#r2003
      Summary: A property was found that is not defined in the specification
  
      Property "__v" in the response was not in the specification



--------------------
  Request to http://host.docker.internal:5000 at 2026-6-21 5:18:59.403
    POST /api/transactions
    Authorization: Bearer XPOSI
    Specmatic-Response-Code: 201
    Host: host.docker.internal:5000
    Accept-Charset: UTF-8
    Accept: */*
    Content-Type: application/json
    
    {
        "description": "IKHMWIPPRXBIGACBDOIKGWEGHCXNVGORHAJRMGHUKSHKKSKMBKWWLRDKBEUCWYBGRKDSKRARFPBXIJVGBFCMCLQELYCLXXXPLECQUKGDUYOQGDYFBITRWRISVJJTLNKTPXWECHKYWMXMTXFRJWMDXTDXEXFDUHDMPADCRTPVQPCPNQFBJYUUQICTDRSMIBTOYNDWAWOU",
        "notes": "WOVIW",
        "amount": 0.01,
        "type": "expense",
        "category": "V",
        "date": "2026-06-21T05:18:59Z"
    }

  Response at 2026-6-21 5:18:59.422
    201 Created
    X-Powered-By: Express
    Access-Control-Allow-Origin: *
    Content-Type: application/json; charset=utf-8
    Content-Length: 420
    ETag: W/"1a4-5Xl6hi+3nwIr4/PCnOdHYe9nVNE"
    Date: Sun, 21 Jun 2026 05:18:59 GMT
    Connection: keep-alive
    Keep-Alive: timeout=5
    
    {
        "success": true,
        "transaction": {
            "user": "6a351082da1b125a5c4644c3",
            "description": "IKHMWIPPRXBIGACBDOIKGWEGHCXNVGORHAJRMGHUKSHKKSKMBKWWLRDKBEUCWYBGRKDSKRARFPBXIJVGBFCMCLQELYCLXXXPLECQUKGDUYOQGDYFBITRWRISVJJTLNKTPXWECHKYWMXMTXFRJWMDXTDXEXFDUHDMPADCRTPVQPCPNQFBJYUUQICTDRSMIBTOYNDWAWOU",
            "notes": "WOVIW",
            "amount": 0.01,
            "type": "expense",
            "category": "V",
            "date": "2026-06-21T05:18:59.000Z",
            "_id": "6a3774437239ad08158b3fed",
            "__v": 0
        }
    }

Scenario: POST /api/transactions -> 201 with a request where REQUEST.BODY contains all the keys AND the key description is set to the longest possible string AND amount is set to the smallest possible value '0.01' AND type is set to 'expense' from enum AND category is set to the shortest possible string has FAILED
Reason:
Testing scenario "Add a new transaction. Response: Transaction created successfully"
API: POST /api/transactions -> 201

  >> RESPONSE.BODY.transaction.__v
  
      R2003: Unknown property
      Documentation: https://docs.specmatic.io/rules#r2003
      Summary: A property was found that is not defined in the specification
  
      Property "__v" in the response was not in the specification



--------------------
  Request to http://host.docker.internal:5000 at 2026-6-21 5:18:59.432
    POST /api/transactions
    Authorization: Bearer UXHFU
    Specmatic-Response-Code: 201
    Host: host.docker.internal:5000
    Accept-Charset: UTF-8
    Accept: */*
    Content-Type: application/json
    
    {
        "description": "IKHMWIPPRXBIGACBDOIKGWEGHCXNVGORHAJRMGHUKSHKKSKMBKWWLRDKBEUCWYBGRKDSKRARFPBXIJVGBFCMCLQELYCLXXXPLECQUKGDUYOQGDYFBITRWRISVJJTLNKTPXWECHKYWMXMTXFRJWMDXTDXEXFDUHDMPADCRTPVQPCPNQFBJYUUQICTDRSMIBTOYNDWAWOU",
        "notes": "GMDHVNDKVWVVVGLMNECUFVLYPNSRFHEGOLLVAMPTAREEAHJUDCSDLJLOJPVQFNSQMDAOMBXNEHKQKORATOMVNTIWYICUOUVDEOCOPTURHKWGBJPNGYMOXXTLBGWNTYVFGLHVPQENKHIICLKWYVBJTMYQHIERCNVXEMLLPOUVTSHGDCNAETWLKCHXTIYCIQVJLXHGPFHQXTILPXPTCIJPISIOPTHOOHYQTTJFTMQIGPYDSORKRDWLOCPADQQECDHYNHMLBNELEJBHDAWJLNUUIQAUUNIJQUMENMIVVUPKVIBUCDPFVMPJVRHFMYAHAKKBDJBGQTPIQNVHYQENFAQDWSSYTPANLRDNBXPNDHFREMJYSHDLEJRTWFNOLHGQWNAKJJPTLCMKQWNRTDFWXIVXBSVGULEPAIRLVHMBYEREJDMUDVBLARPCPSBSOXMRHQLCJYOIXSIBDNOSJLGNIVWVJPWDCSSADCVQTDRVYSNCBUVDOFHISPWG",
        "amount": 9.092720679922839E307,
        "type": "income",
        "category": "HPRTP",
        "date": "2026-06-21T05:18:59Z"
    }

  Response at 2026-6-21 5:18:59.449
    201 Created
    X-Powered-By: Express
    Access-Control-Allow-Origin: *
    Content-Type: application/json; charset=utf-8
    Content-Length: 936
    ETag: W/"3a8-a7hwpxsfCmlsHAutNmQ2Opv0p6o"
    Date: Sun, 21 Jun 2026 05:18:59 GMT
    Connection: keep-alive
    Keep-Alive: timeout=5
    
    {
        "success": true,
        "transaction": {
            "user": "6a351082da1b125a5c4644c3",
            "description": "IKHMWIPPRXBIGACBDOIKGWEGHCXNVGORHAJRMGHUKSHKKSKMBKWWLRDKBEUCWYBGRKDSKRARFPBXIJVGBFCMCLQELYCLXXXPLECQUKGDUYOQGDYFBITRWRISVJJTLNKTPXWECHKYWMXMTXFRJWMDXTDXEXFDUHDMPADCRTPVQPCPNQFBJYUUQICTDRSMIBTOYNDWAWOU",
            "notes": "GMDHVNDKVWVVVGLMNECUFVLYPNSRFHEGOLLVAMPTAREEAHJUDCSDLJLOJPVQFNSQMDAOMBXNEHKQKORATOMVNTIWYICUOUVDEOCOPTURHKWGBJPNGYMOXXTLBGWNTYVFGLHVPQENKHIICLKWYVBJTMYQHIERCNVXEMLLPOUVTSHGDCNAETWLKCHXTIYCIQVJLXHGPFHQXTILPXPTCIJPISIOPTHOOHYQTTJFTMQIGPYDSORKRDWLOCPADQQECDHYNHMLBNELEJBHDAWJLNUUIQAUUNIJQUMENMIVVUPKVIBUCDPFVMPJVRHFMYAHAKKBDJBGQTPIQNVHYQENFAQDWSSYTPANLRDNBXPNDHFREMJYSHDLEJRTWFNOLHGQWNAKJJPTLCMKQWNRTDFWXIVXBSVGULEPAIRLVHMBYEREJDMUDVBLARPCPSBSOXMRHQLCJYOIXSIBDNOSJLGNIVWVJPWDCSSADCVQTDRVYSNCBUVDOFHISPWG",
            "amount": 9.092720679922839E307,
            "type": "income",
            "category": "HPRTP",
            "date": "2026-06-21T05:18:59.000Z",
            "_id": "6a3774437239ad08158b3fef",
            "__v": 0
        }
    }

Scenario: POST /api/transactions -> 201 with a request where REQUEST.BODY contains all the keys AND the key description is set to the longest possible string AND notes is set to the longest possible string AND amount is set to a value within the specified bounds AND type is set to 'income' from enum has FAILED
Reason:
Testing scenario "Add a new transaction. Response: Transaction created successfully"
API: POST /api/transactions -> 201

  >> RESPONSE.BODY.transaction.__v
  
      R2003: Unknown property
      Documentation: https://docs.specmatic.io/rules#r2003
      Summary: A property was found that is not defined in the specification
  
      Property "__v" in the response was not in the specification



--------------------
  Request to http://host.docker.internal:5000 at 2026-6-21 5:18:59.458
    POST /api/transactions
    Authorization: Bearer GHEYM
    Specmatic-Response-Code: 201
    Host: host.docker.internal:5000
    Accept-Charset: UTF-8
    Accept: */*
    Content-Type: application/json
    
    {
        "description": "IKHMWIPPRXBIGACBDOIKGWEGHCXNVGORHAJRMGHUKSHKKSKMBKWWLRDKBEUCWYBGRKDSKRARFPBXIJVGBFCMCLQELYCLXXXPLECQUKGDUYOQGDYFBITRWRISVJJTLNKTPXWECHKYWMXMTXFRJWMDXTDXEXFDUHDMPADCRTPVQPCPNQFBJYUUQICTDRSMIBTOYNDWAWOU",
        "notes": "GMDHVNDKVWVVVGLMNECUFVLYPNSRFHEGOLLVAMPTAREEAHJUDCSDLJLOJPVQFNSQMDAOMBXNEHKQKORATOMVNTIWYICUOUVDEOCOPTURHKWGBJPNGYMOXXTLBGWNTYVFGLHVPQENKHIICLKWYVBJTMYQHIERCNVXEMLLPOUVTSHGDCNAETWLKCHXTIYCIQVJLXHGPFHQXTILPXPTCIJPISIOPTHOOHYQTTJFTMQIGPYDSORKRDWLOCPADQQECDHYNHMLBNELEJBHDAWJLNUUIQAUUNIJQUMENMIVVUPKVIBUCDPFVMPJVRHFMYAHAKKBDJBGQTPIQNVHYQENFAQDWSSYTPANLRDNBXPNDHFREMJYSHDLEJRTWFNOLHGQWNAKJJPTLCMKQWNRTDFWXIVXBSVGULEPAIRLVHMBYEREJDMUDVBLARPCPSBSOXMRHQLCJYOIXSIBDNOSJLGNIVWVJPWDCSSADCVQTDRVYSNCBUVDOFHISPWG",
        "amount": 5.215381775551654E307,
        "type": "income",
        "category": "V",
        "date": "2026-06-21T05:18:59Z"
    }

  Response at 2026-6-21 5:18:59.475
    201 Created
    X-Powered-By: Express
    Access-Control-Allow-Origin: *
    Content-Type: application/json; charset=utf-8
    Content-Length: 932
    ETag: W/"3a4-JJJN7njmMMmP7Wtbu9HaJ58PNtk"
    Date: Sun, 21 Jun 2026 05:18:59 GMT
    Connection: keep-alive
    Keep-Alive: timeout=5
    
    {
        "success": true,
        "transaction": {
            "user": "6a351082da1b125a5c4644c3",
            "description": "IKHMWIPPRXBIGACBDOIKGWEGHCXNVGORHAJRMGHUKSHKKSKMBKWWLRDKBEUCWYBGRKDSKRARFPBXIJVGBFCMCLQELYCLXXXPLECQUKGDUYOQGDYFBITRWRISVJJTLNKTPXWECHKYWMXMTXFRJWMDXTDXEXFDUHDMPADCRTPVQPCPNQFBJYUUQICTDRSMIBTOYNDWAWOU",
            "notes": "GMDHVNDKVWVVVGLMNECUFVLYPNSRFHEGOLLVAMPTAREEAHJUDCSDLJLOJPVQFNSQMDAOMBXNEHKQKORATOMVNTIWYICUOUVDEOCOPTURHKWGBJPNGYMOXXTLBGWNTYVFGLHVPQENKHIICLKWYVBJTMYQHIERCNVXEMLLPOUVTSHGDCNAETWLKCHXTIYCIQVJLXHGPFHQXTILPXPTCIJPISIOPTHOOHYQTTJFTMQIGPYDSORKRDWLOCPADQQECDHYNHMLBNELEJBHDAWJLNUUIQAUUNIJQUMENMIVVUPKVIBUCDPFVMPJVRHFMYAHAKKBDJBGQTPIQNVHYQENFAQDWSSYTPANLRDNBXPNDHFREMJYSHDLEJRTWFNOLHGQWNAKJJPTLCMKQWNRTDFWXIVXBSVGULEPAIRLVHMBYEREJDMUDVBLARPCPSBSOXMRHQLCJYOIXSIBDNOSJLGNIVWVJPWDCSSADCVQTDRVYSNCBUVDOFHISPWG",
            "amount": 5.215381775551654E307,
            "type": "income",
            "category": "V",
            "date": "2026-06-21T05:18:59.000Z",
            "_id": "6a3774437239ad08158b3ff1",
            "__v": 0
        }
    }

Scenario: POST /api/transactions -> 201 with a request where REQUEST.BODY contains all the keys AND the key description is set to the longest possible string AND notes is set to the longest possible string AND amount is set to a value within the specified bounds AND type is set to 'income' from enum AND category is set to the shortest possible string has FAILED
Reason:
Testing scenario "Add a new transaction. Response: Transaction created successfully"
API: POST /api/transactions -> 201

  >> RESPONSE.BODY.transaction.__v
  
      R2003: Unknown property
      Documentation: https://docs.specmatic.io/rules#r2003
      Summary: A property was found that is not defined in the specification
  
      Property "__v" in the response was not in the specification



--------------------
  Request to http://host.docker.internal:5000 at 2026-6-21 5:18:59.486
    POST /api/transactions
    Authorization: Bearer ELGKJ
    Specmatic-Response-Code: 201
    Host: host.docker.internal:5000
    Accept-Charset: UTF-8
    Accept: */*
    Content-Type: application/json
    
    {
        "description": "IKHMWIPPRXBIGACBDOIKGWEGHCXNVGORHAJRMGHUKSHKKSKMBKWWLRDKBEUCWYBGRKDSKRARFPBXIJVGBFCMCLQELYCLXXXPLECQUKGDUYOQGDYFBITRWRISVJJTLNKTPXWECHKYWMXMTXFRJWMDXTDXEXFDUHDMPADCRTPVQPCPNQFBJYUUQICTDRSMIBTOYNDWAWOU",
        "notes": "GMDHVNDKVWVVVGLMNECUFVLYPNSRFHEGOLLVAMPTAREEAHJUDCSDLJLOJPVQFNSQMDAOMBXNEHKQKORATOMVNTIWYICUOUVDEOCOPTURHKWGBJPNGYMOXXTLBGWNTYVFGLHVPQENKHIICLKWYVBJTMYQHIERCNVXEMLLPOUVTSHGDCNAETWLKCHXTIYCIQVJLXHGPFHQXTILPXPTCIJPISIOPTHOOHYQTTJFTMQIGPYDSORKRDWLOCPADQQECDHYNHMLBNELEJBHDAWJLNUUIQAUUNIJQUMENMIVVUPKVIBUCDPFVMPJVRHFMYAHAKKBDJBGQTPIQNVHYQENFAQDWSSYTPANLRDNBXPNDHFREMJYSHDLEJRTWFNOLHGQWNAKJJPTLCMKQWNRTDFWXIVXBSVGULEPAIRLVHMBYEREJDMUDVBLARPCPSBSOXMRHQLCJYOIXSIBDNOSJLGNIVWVJPWDCSSADCVQTDRVYSNCBUVDOFHISPWG",
        "amount": 1.41122819521384E308,
        "type": "expense",
        "category": "UEVPJ",
        "date": "2026-06-21T05:18:59Z"
    }

  Response at 2026-6-21 5:18:59.503
    201 Created
    X-Powered-By: Express
    Access-Control-Allow-Origin: *
    Content-Type: application/json; charset=utf-8
    Content-Length: 936
    ETag: W/"3a8-iA9xoVaOhWAbNzkvMHt2WVPFpHk"
    Date: Sun, 21 Jun 2026 05:18:59 GMT
    Connection: keep-alive
    Keep-Alive: timeout=5
    
    {
        "success": true,
        "transaction": {
            "user": "6a351082da1b125a5c4644c3",
            "description": "IKHMWIPPRXBIGACBDOIKGWEGHCXNVGORHAJRMGHUKSHKKSKMBKWWLRDKBEUCWYBGRKDSKRARFPBXIJVGBFCMCLQELYCLXXXPLECQUKGDUYOQGDYFBITRWRISVJJTLNKTPXWECHKYWMXMTXFRJWMDXTDXEXFDUHDMPADCRTPVQPCPNQFBJYUUQICTDRSMIBTOYNDWAWOU",
            "notes": "GMDHVNDKVWVVVGLMNECUFVLYPNSRFHEGOLLVAMPTAREEAHJUDCSDLJLOJPVQFNSQMDAOMBXNEHKQKORATOMVNTIWYICUOUVDEOCOPTURHKWGBJPNGYMOXXTLBGWNTYVFGLHVPQENKHIICLKWYVBJTMYQHIERCNVXEMLLPOUVTSHGDCNAETWLKCHXTIYCIQVJLXHGPFHQXTILPXPTCIJPISIOPTHOOHYQTTJFTMQIGPYDSORKRDWLOCPADQQECDHYNHMLBNELEJBHDAWJLNUUIQAUUNIJQUMENMIVVUPKVIBUCDPFVMPJVRHFMYAHAKKBDJBGQTPIQNVHYQENFAQDWSSYTPANLRDNBXPNDHFREMJYSHDLEJRTWFNOLHGQWNAKJJPTLCMKQWNRTDFWXIVXBSVGULEPAIRLVHMBYEREJDMUDVBLARPCPSBSOXMRHQLCJYOIXSIBDNOSJLGNIVWVJPWDCSSADCVQTDRVYSNCBUVDOFHISPWG",
            "amount": 1.41122819521384E308,
            "type": "expense",
            "category": "UEVPJ",
            "date": "2026-06-21T05:18:59.000Z",
            "_id": "6a3774437239ad08158b3ff3",
            "__v": 0
        }
    }

Scenario: POST /api/transactions -> 201 with a request where REQUEST.BODY contains all the keys AND the key description is set to the longest possible string AND notes is set to the longest possible string AND amount is set to a value within the specified bounds AND type is set to 'expense' from enum has FAILED
Reason:
Testing scenario "Add a new transaction. Response: Transaction created successfully"
API: POST /api/transactions -> 201

  >> RESPONSE.BODY.transaction.__v
  
      R2003: Unknown property
      Documentation: https://docs.specmatic.io/rules#r2003
      Summary: A property was found that is not defined in the specification
  
      Property "__v" in the response was not in the specification



--------------------
  Request to http://host.docker.internal:5000 at 2026-6-21 5:18:59.511
    POST /api/transactions
    Authorization: Bearer RLCVM
    Specmatic-Response-Code: 201
    Host: host.docker.internal:5000
    Accept-Charset: UTF-8
    Accept: */*
    Content-Type: application/json
    
    {
        "description": "IKHMWIPPRXBIGACBDOIKGWEGHCXNVGORHAJRMGHUKSHKKSKMBKWWLRDKBEUCWYBGRKDSKRARFPBXIJVGBFCMCLQELYCLXXXPLECQUKGDUYOQGDYFBITRWRISVJJTLNKTPXWECHKYWMXMTXFRJWMDXTDXEXFDUHDMPADCRTPVQPCPNQFBJYUUQICTDRSMIBTOYNDWAWOU",
        "notes": "GMDHVNDKVWVVVGLMNECUFVLYPNSRFHEGOLLVAMPTAREEAHJUDCSDLJLOJPVQFNSQMDAOMBXNEHKQKORATOMVNTIWYICUOUVDEOCOPTURHKWGBJPNGYMOXXTLBGWNTYVFGLHVPQENKHIICLKWYVBJTMYQHIERCNVXEMLLPOUVTSHGDCNAETWLKCHXTIYCIQVJLXHGPFHQXTILPXPTCIJPISIOPTHOOHYQTTJFTMQIGPYDSORKRDWLOCPADQQECDHYNHMLBNELEJBHDAWJLNUUIQAUUNIJQUMENMIVVUPKVIBUCDPFVMPJVRHFMYAHAKKBDJBGQTPIQNVHYQENFAQDWSSYTPANLRDNBXPNDHFREMJYSHDLEJRTWFNOLHGQWNAKJJPTLCMKQWNRTDFWXIVXBSVGULEPAIRLVHMBYEREJDMUDVBLARPCPSBSOXMRHQLCJYOIXSIBDNOSJLGNIVWVJPWDCSSADCVQTDRVYSNCBUVDOFHISPWG",
        "amount": 1.1024280575013066E308,
        "type": "expense",
        "category": "Q",
        "date": "2026-06-21T05:18:59Z"
    }

  Response at 2026-6-21 5:18:59.529
    201 Created
    X-Powered-By: Express
    Access-Control-Allow-Origin: *
    Content-Type: application/json; charset=utf-8
    Content-Length: 934
    ETag: W/"3a6-v92i8Y12EQ8F0I9CjFPzQ5TQwGg"
    Date: Sun, 21 Jun 2026 05:18:59 GMT
    Connection: keep-alive
    Keep-Alive: timeout=5
    
    {
        "success": true,
        "transaction": {
            "user": "6a351082da1b125a5c4644c3",
            "description": "IKHMWIPPRXBIGACBDOIKGWEGHCXNVGORHAJRMGHUKSHKKSKMBKWWLRDKBEUCWYBGRKDSKRARFPBXIJVGBFCMCLQELYCLXXXPLECQUKGDUYOQGDYFBITRWRISVJJTLNKTPXWECHKYWMXMTXFRJWMDXTDXEXFDUHDMPADCRTPVQPCPNQFBJYUUQICTDRSMIBTOYNDWAWOU",
            "notes": "GMDHVNDKVWVVVGLMNECUFVLYPNSRFHEGOLLVAMPTAREEAHJUDCSDLJLOJPVQFNSQMDAOMBXNEHKQKORATOMVNTIWYICUOUVDEOCOPTURHKWGBJPNGYMOXXTLBGWNTYVFGLHVPQENKHIICLKWYVBJTMYQHIERCNVXEMLLPOUVTSHGDCNAETWLKCHXTIYCIQVJLXHGPFHQXTILPXPTCIJPISIOPTHOOHYQTTJFTMQIGPYDSORKRDWLOCPADQQECDHYNHMLBNELEJBHDAWJLNUUIQAUUNIJQUMENMIVVUPKVIBUCDPFVMPJVRHFMYAHAKKBDJBGQTPIQNVHYQENFAQDWSSYTPANLRDNBXPNDHFREMJYSHDLEJRTWFNOLHGQWNAKJJPTLCMKQWNRTDFWXIVXBSVGULEPAIRLVHMBYEREJDMUDVBLARPCPSBSOXMRHQLCJYOIXSIBDNOSJLGNIVWVJPWDCSSADCVQTDRVYSNCBUVDOFHISPWG",
            "amount": 1.1024280575013066E308,
            "type": "expense",
            "category": "Q",
            "date": "2026-06-21T05:18:59.000Z",
            "_id": "6a3774437239ad08158b3ff5",
            "__v": 0
        }
    }

Scenario: POST /api/transactions -> 201 with a request where REQUEST.BODY contains all the keys AND the key description is set to the longest possible string AND notes is set to the longest possible string AND amount is set to a value within the specified bounds AND type is set to 'expense' from enum AND category is set to the shortest possible string has FAILED
Reason:
Testing scenario "Add a new transaction. Response: Transaction created successfully"
API: POST /api/transactions -> 201

  >> RESPONSE.BODY.transaction.__v
  
      R2003: Unknown property
      Documentation: https://docs.specmatic.io/rules#r2003
      Summary: A property was found that is not defined in the specification
  
      Property "__v" in the response was not in the specification



--------------------
  Request to http://host.docker.internal:5000 at 2026-6-21 5:18:59.539
    POST /api/transactions
    Authorization: Bearer WYSGQ
    Specmatic-Response-Code: 201
    Host: host.docker.internal:5000
    Accept-Charset: UTF-8
    Accept: */*
    Content-Type: application/json
    
    {
        "description": "IKHMWIPPRXBIGACBDOIKGWEGHCXNVGORHAJRMGHUKSHKKSKMBKWWLRDKBEUCWYBGRKDSKRARFPBXIJVGBFCMCLQELYCLXXXPLECQUKGDUYOQGDYFBITRWRISVJJTLNKTPXWECHKYWMXMTXFRJWMDXTDXEXFDUHDMPADCRTPVQPCPNQFBJYUUQICTDRSMIBTOYNDWAWOU",
        "notes": "GMDHVNDKVWVVVGLMNECUFVLYPNSRFHEGOLLVAMPTAREEAHJUDCSDLJLOJPVQFNSQMDAOMBXNEHKQKORATOMVNTIWYICUOUVDEOCOPTURHKWGBJPNGYMOXXTLBGWNTYVFGLHVPQENKHIICLKWYVBJTMYQHIERCNVXEMLLPOUVTSHGDCNAETWLKCHXTIYCIQVJLXHGPFHQXTILPXPTCIJPISIOPTHOOHYQTTJFTMQIGPYDSORKRDWLOCPADQQECDHYNHMLBNELEJBHDAWJLNUUIQAUUNIJQUMENMIVVUPKVIBUCDPFVMPJVRHFMYAHAKKBDJBGQTPIQNVHYQENFAQDWSSYTPANLRDNBXPNDHFREMJYSHDLEJRTWFNOLHGQWNAKJJPTLCMKQWNRTDFWXIVXBSVGULEPAIRLVHMBYEREJDMUDVBLARPCPSBSOXMRHQLCJYOIXSIBDNOSJLGNIVWVJPWDCSSADCVQTDRVYSNCBUVDOFHISPWG",
        "amount": 0.01,
        "type": "income",
        "category": "JXFKB",
        "date": "2026-06-21T05:18:59Z"
    }

  Response at 2026-6-21 5:18:59.561
    201 Created
    X-Powered-By: Express
    Access-Control-Allow-Origin: *
    Content-Type: application/json; charset=utf-8
    Content-Length: 918
    ETag: W/"396-1JYUaEbMUdyD4jOEcXdeHDgKXV8"
    Date: Sun, 21 Jun 2026 05:18:59 GMT
    Connection: keep-alive
    Keep-Alive: timeout=5
    
    {
        "success": true,
        "transaction": {
            "user": "6a351082da1b125a5c4644c3",
            "description": "IKHMWIPPRXBIGACBDOIKGWEGHCXNVGORHAJRMGHUKSHKKSKMBKWWLRDKBEUCWYBGRKDSKRARFPBXIJVGBFCMCLQELYCLXXXPLECQUKGDUYOQGDYFBITRWRISVJJTLNKTPXWECHKYWMXMTXFRJWMDXTDXEXFDUHDMPADCRTPVQPCPNQFBJYUUQICTDRSMIBTOYNDWAWOU",
            "notes": "GMDHVNDKVWVVVGLMNECUFVLYPNSRFHEGOLLVAMPTAREEAHJUDCSDLJLOJPVQFNSQMDAOMBXNEHKQKORATOMVNTIWYICUOUVDEOCOPTURHKWGBJPNGYMOXXTLBGWNTYVFGLHVPQENKHIICLKWYVBJTMYQHIERCNVXEMLLPOUVTSHGDCNAETWLKCHXTIYCIQVJLXHGPFHQXTILPXPTCIJPISIOPTHOOHYQTTJFTMQIGPYDSORKRDWLOCPADQQECDHYNHMLBNELEJBHDAWJLNUUIQAUUNIJQUMENMIVVUPKVIBUCDPFVMPJVRHFMYAHAKKBDJBGQTPIQNVHYQENFAQDWSSYTPANLRDNBXPNDHFREMJYSHDLEJRTWFNOLHGQWNAKJJPTLCMKQWNRTDFWXIVXBSVGULEPAIRLVHMBYEREJDMUDVBLARPCPSBSOXMRHQLCJYOIXSIBDNOSJLGNIVWVJPWDCSSADCVQTDRVYSNCBUVDOFHISPWG",
            "amount": 0.01,
            "type": "income",
            "category": "JXFKB",
            "date": "2026-06-21T05:18:59.000Z",
            "_id": "6a3774437239ad08158b3ff7",
            "__v": 0
        }
    }

Scenario: POST /api/transactions -> 201 with a request where REQUEST.BODY contains all the keys AND the key description is set to the longest possible string AND notes is set to the longest possible string AND amount is set to the smallest possible value '0.01' AND type is set to 'income' from enum has FAILED
Reason:
Testing scenario "Add a new transaction. Response: Transaction created successfully"
API: POST /api/transactions -> 201

  >> RESPONSE.BODY.transaction.__v
  
      R2003: Unknown property
      Documentation: https://docs.specmatic.io/rules#r2003
      Summary: A property was found that is not defined in the specification
  
      Property "__v" in the response was not in the specification



--------------------
  Request to http://host.docker.internal:5000 at 2026-6-21 5:18:59.570
    POST /api/transactions
    Authorization: Bearer AFMIC
    Specmatic-Response-Code: 201
    Host: host.docker.internal:5000
    Accept-Charset: UTF-8
    Accept: */*
    Content-Type: application/json
    
    {
        "description": "IKHMWIPPRXBIGACBDOIKGWEGHCXNVGORHAJRMGHUKSHKKSKMBKWWLRDKBEUCWYBGRKDSKRARFPBXIJVGBFCMCLQELYCLXXXPLECQUKGDUYOQGDYFBITRWRISVJJTLNKTPXWECHKYWMXMTXFRJWMDXTDXEXFDUHDMPADCRTPVQPCPNQFBJYUUQICTDRSMIBTOYNDWAWOU",
        "notes": "GMDHVNDKVWVVVGLMNECUFVLYPNSRFHEGOLLVAMPTAREEAHJUDCSDLJLOJPVQFNSQMDAOMBXNEHKQKORATOMVNTIWYICUOUVDEOCOPTURHKWGBJPNGYMOXXTLBGWNTYVFGLHVPQENKHIICLKWYVBJTMYQHIERCNVXEMLLPOUVTSHGDCNAETWLKCHXTIYCIQVJLXHGPFHQXTILPXPTCIJPISIOPTHOOHYQTTJFTMQIGPYDSORKRDWLOCPADQQECDHYNHMLBNELEJBHDAWJLNUUIQAUUNIJQUMENMIVVUPKVIBUCDPFVMPJVRHFMYAHAKKBDJBGQTPIQNVHYQENFAQDWSSYTPANLRDNBXPNDHFREMJYSHDLEJRTWFNOLHGQWNAKJJPTLCMKQWNRTDFWXIVXBSVGULEPAIRLVHMBYEREJDMUDVBLARPCPSBSOXMRHQLCJYOIXSIBDNOSJLGNIVWVJPWDCSSADCVQTDRVYSNCBUVDOFHISPWG",
        "amount": 0.01,
        "type": "income",
        "category": "U",
        "date": "2026-06-21T05:18:59Z"
    }

  Response at 2026-6-21 5:18:59.592
    201 Created
    X-Powered-By: Express
    Access-Control-Allow-Origin: *
    Content-Type: application/json; charset=utf-8
    Content-Length: 914
    ETag: W/"392-/vqRwXWGmwZBnA3ABrStCF5llsY"
    Date: Sun, 21 Jun 2026 05:18:59 GMT
    Connection: keep-alive
    Keep-Alive: timeout=5
    
    {
        "success": true,
        "transaction": {
            "user": "6a351082da1b125a5c4644c3",
            "description": "IKHMWIPPRXBIGACBDOIKGWEGHCXNVGORHAJRMGHUKSHKKSKMBKWWLRDKBEUCWYBGRKDSKRARFPBXIJVGBFCMCLQELYCLXXXPLECQUKGDUYOQGDYFBITRWRISVJJTLNKTPXWECHKYWMXMTXFRJWMDXTDXEXFDUHDMPADCRTPVQPCPNQFBJYUUQICTDRSMIBTOYNDWAWOU",
            "notes": "GMDHVNDKVWVVVGLMNECUFVLYPNSRFHEGOLLVAMPTAREEAHJUDCSDLJLOJPVQFNSQMDAOMBXNEHKQKORATOMVNTIWYICUOUVDEOCOPTURHKWGBJPNGYMOXXTLBGWNTYVFGLHVPQENKHIICLKWYVBJTMYQHIERCNVXEMLLPOUVTSHGDCNAETWLKCHXTIYCIQVJLXHGPFHQXTILPXPTCIJPISIOPTHOOHYQTTJFTMQIGPYDSORKRDWLOCPADQQECDHYNHMLBNELEJBHDAWJLNUUIQAUUNIJQUMENMIVVUPKVIBUCDPFVMPJVRHFMYAHAKKBDJBGQTPIQNVHYQENFAQDWSSYTPANLRDNBXPNDHFREMJYSHDLEJRTWFNOLHGQWNAKJJPTLCMKQWNRTDFWXIVXBSVGULEPAIRLVHMBYEREJDMUDVBLARPCPSBSOXMRHQLCJYOIXSIBDNOSJLGNIVWVJPWDCSSADCVQTDRVYSNCBUVDOFHISPWG",
            "amount": 0.01,
            "type": "income",
            "category": "U",
            "date": "2026-06-21T05:18:59.000Z",
            "_id": "6a3774437239ad08158b3ff9",
            "__v": 0
        }
    }

Scenario: POST /api/transactions -> 201 with a request where REQUEST.BODY contains all the keys AND the key description is set to the longest possible string AND notes is set to the longest possible string AND amount is set to the smallest possible value '0.01' AND type is set to 'income' from enum AND category is set to the shortest possible string has FAILED
Reason:
Testing scenario "Add a new transaction. Response: Transaction created successfully"
API: POST /api/transactions -> 201

  >> RESPONSE.BODY.transaction.__v
  
      R2003: Unknown property
      Documentation: https://docs.specmatic.io/rules#r2003
      Summary: A property was found that is not defined in the specification
  
      Property "__v" in the response was not in the specification



--------------------
  Request to http://host.docker.internal:5000 at 2026-6-21 5:18:59.602
    POST /api/transactions
    Authorization: Bearer ICQPV
    Specmatic-Response-Code: 201
    Host: host.docker.internal:5000
    Accept-Charset: UTF-8
    Accept: */*
    Content-Type: application/json
    
    {
        "description": "IKHMWIPPRXBIGACBDOIKGWEGHCXNVGORHAJRMGHUKSHKKSKMBKWWLRDKBEUCWYBGRKDSKRARFPBXIJVGBFCMCLQELYCLXXXPLECQUKGDUYOQGDYFBITRWRISVJJTLNKTPXWECHKYWMXMTXFRJWMDXTDXEXFDUHDMPADCRTPVQPCPNQFBJYUUQICTDRSMIBTOYNDWAWOU",
        "notes": "GMDHVNDKVWVVVGLMNECUFVLYPNSRFHEGOLLVAMPTAREEAHJUDCSDLJLOJPVQFNSQMDAOMBXNEHKQKORATOMVNTIWYICUOUVDEOCOPTURHKWGBJPNGYMOXXTLBGWNTYVFGLHVPQENKHIICLKWYVBJTMYQHIERCNVXEMLLPOUVTSHGDCNAETWLKCHXTIYCIQVJLXHGPFHQXTILPXPTCIJPISIOPTHOOHYQTTJFTMQIGPYDSORKRDWLOCPADQQECDHYNHMLBNELEJBHDAWJLNUUIQAUUNIJQUMENMIVVUPKVIBUCDPFVMPJVRHFMYAHAKKBDJBGQTPIQNVHYQENFAQDWSSYTPANLRDNBXPNDHFREMJYSHDLEJRTWFNOLHGQWNAKJJPTLCMKQWNRTDFWXIVXBSVGULEPAIRLVHMBYEREJDMUDVBLARPCPSBSOXMRHQLCJYOIXSIBDNOSJLGNIVWVJPWDCSSADCVQTDRVYSNCBUVDOFHISPWG",
        "amount": 0.01,
        "type": "expense",
        "category": "RULSG",
        "date": "2026-06-21T05:18:59Z"
    }

  Response at 2026-6-21 5:18:59.624
    201 Created
    X-Powered-By: Express
    Access-Control-Allow-Origin: *
    Content-Type: application/json; charset=utf-8
    Content-Length: 919
    ETag: W/"397-xV8miZ+mhqMZ05q/YhcwEobfaoU"
    Date: Sun, 21 Jun 2026 05:18:59 GMT
    Connection: keep-alive
    Keep-Alive: timeout=5
    
    {
        "success": true,
        "transaction": {
            "user": "6a351082da1b125a5c4644c3",
            "description": "IKHMWIPPRXBIGACBDOIKGWEGHCXNVGORHAJRMGHUKSHKKSKMBKWWLRDKBEUCWYBGRKDSKRARFPBXIJVGBFCMCLQELYCLXXXPLECQUKGDUYOQGDYFBITRWRISVJJTLNKTPXWECHKYWMXMTXFRJWMDXTDXEXFDUHDMPADCRTPVQPCPNQFBJYUUQICTDRSMIBTOYNDWAWOU",
            "notes": "GMDHVNDKVWVVVGLMNECUFVLYPNSRFHEGOLLVAMPTAREEAHJUDCSDLJLOJPVQFNSQMDAOMBXNEHKQKORATOMVNTIWYICUOUVDEOCOPTURHKWGBJPNGYMOXXTLBGWNTYVFGLHVPQENKHIICLKWYVBJTMYQHIERCNVXEMLLPOUVTSHGDCNAETWLKCHXTIYCIQVJLXHGPFHQXTILPXPTCIJPISIOPTHOOHYQTTJFTMQIGPYDSORKRDWLOCPADQQECDHYNHMLBNELEJBHDAWJLNUUIQAUUNIJQUMENMIVVUPKVIBUCDPFVMPJVRHFMYAHAKKBDJBGQTPIQNVHYQENFAQDWSSYTPANLRDNBXPNDHFREMJYSHDLEJRTWFNOLHGQWNAKJJPTLCMKQWNRTDFWXIVXBSVGULEPAIRLVHMBYEREJDMUDVBLARPCPSBSOXMRHQLCJYOIXSIBDNOSJLGNIVWVJPWDCSSADCVQTDRVYSNCBUVDOFHISPWG",
            "amount": 0.01,
            "type": "expense",
            "category": "RULSG",
            "date": "2026-06-21T05:18:59.000Z",
            "_id": "6a3774437239ad08158b3ffb",
            "__v": 0
        }
    }

Scenario: POST /api/transactions -> 201 with a request where REQUEST.BODY contains all the keys AND the key description is set to the longest possible string AND notes is set to the longest possible string AND amount is set to the smallest possible value '0.01' AND type is set to 'expense' from enum has FAILED
Reason:
Testing scenario "Add a new transaction. Response: Transaction created successfully"
API: POST /api/transactions -> 201

  >> RESPONSE.BODY.transaction.__v
  
      R2003: Unknown property
      Documentation: https://docs.specmatic.io/rules#r2003
      Summary: A property was found that is not defined in the specification
  
      Property "__v" in the response was not in the specification



--------------------
  Request to http://host.docker.internal:5000 at 2026-6-21 5:18:59.633
    POST /api/transactions
    Authorization: Bearer ILUAH
    Specmatic-Response-Code: 201
    Host: host.docker.internal:5000
    Accept-Charset: UTF-8
    Accept: */*
    Content-Type: application/json
    
    {
        "description": "IKHMWIPPRXBIGACBDOIKGWEGHCXNVGORHAJRMGHUKSHKKSKMBKWWLRDKBEUCWYBGRKDSKRARFPBXIJVGBFCMCLQELYCLXXXPLECQUKGDUYOQGDYFBITRWRISVJJTLNKTPXWECHKYWMXMTXFRJWMDXTDXEXFDUHDMPADCRTPVQPCPNQFBJYUUQICTDRSMIBTOYNDWAWOU",
        "notes": "GMDHVNDKVWVVVGLMNECUFVLYPNSRFHEGOLLVAMPTAREEAHJUDCSDLJLOJPVQFNSQMDAOMBXNEHKQKORATOMVNTIWYICUOUVDEOCOPTURHKWGBJPNGYMOXXTLBGWNTYVFGLHVPQENKHIICLKWYVBJTMYQHIERCNVXEMLLPOUVTSHGDCNAETWLKCHXTIYCIQVJLXHGPFHQXTILPXPTCIJPISIOPTHOOHYQTTJFTMQIGPYDSORKRDWLOCPADQQECDHYNHMLBNELEJBHDAWJLNUUIQAUUNIJQUMENMIVVUPKVIBUCDPFVMPJVRHFMYAHAKKBDJBGQTPIQNVHYQENFAQDWSSYTPANLRDNBXPNDHFREMJYSHDLEJRTWFNOLHGQWNAKJJPTLCMKQWNRTDFWXIVXBSVGULEPAIRLVHMBYEREJDMUDVBLARPCPSBSOXMRHQLCJYOIXSIBDNOSJLGNIVWVJPWDCSSADCVQTDRVYSNCBUVDOFHISPWG",
        "amount": 0.01,
        "type": "expense",
        "category": "I",
        "date": "2026-06-21T05:18:59Z"
    }

  Response at 2026-6-21 5:18:59.650
    201 Created
    X-Powered-By: Express
    Access-Control-Allow-Origin: *
    Content-Type: application/json; charset=utf-8
    Content-Length: 915
    ETag: W/"393-WM9pXbJpwY+jCqezUwg03an0VSg"
    Date: Sun, 21 Jun 2026 05:18:59 GMT
    Connection: keep-alive
    Keep-Alive: timeout=5
    
    {
        "success": true,
        "transaction": {
            "user": "6a351082da1b125a5c4644c3",
            "description": "IKHMWIPPRXBIGACBDOIKGWEGHCXNVGORHAJRMGHUKSHKKSKMBKWWLRDKBEUCWYBGRKDSKRARFPBXIJVGBFCMCLQELYCLXXXPLECQUKGDUYOQGDYFBITRWRISVJJTLNKTPXWECHKYWMXMTXFRJWMDXTDXEXFDUHDMPADCRTPVQPCPNQFBJYUUQICTDRSMIBTOYNDWAWOU",
            "notes": "GMDHVNDKVWVVVGLMNECUFVLYPNSRFHEGOLLVAMPTAREEAHJUDCSDLJLOJPVQFNSQMDAOMBXNEHKQKORATOMVNTIWYICUOUVDEOCOPTURHKWGBJPNGYMOXXTLBGWNTYVFGLHVPQENKHIICLKWYVBJTMYQHIERCNVXEMLLPOUVTSHGDCNAETWLKCHXTIYCIQVJLXHGPFHQXTILPXPTCIJPISIOPTHOOHYQTTJFTMQIGPYDSORKRDWLOCPADQQECDHYNHMLBNELEJBHDAWJLNUUIQAUUNIJQUMENMIVVUPKVIBUCDPFVMPJVRHFMYAHAKKBDJBGQTPIQNVHYQENFAQDWSSYTPANLRDNBXPNDHFREMJYSHDLEJRTWFNOLHGQWNAKJJPTLCMKQWNRTDFWXIVXBSVGULEPAIRLVHMBYEREJDMUDVBLARPCPSBSOXMRHQLCJYOIXSIBDNOSJLGNIVWVJPWDCSSADCVQTDRVYSNCBUVDOFHISPWG",
            "amount": 0.01,
            "type": "expense",
            "category": "I",
            "date": "2026-06-21T05:18:59.000Z",
            "_id": "6a3774437239ad08158b3ffd",
            "__v": 0
        }
    }

Scenario: POST /api/transactions -> 201 with a request where REQUEST.BODY contains all the keys AND the key description is set to the longest possible string AND notes is set to the longest possible string AND amount is set to the smallest possible value '0.01' AND type is set to 'expense' from enum AND category is set to the shortest possible string has FAILED
Reason:
Testing scenario "Add a new transaction. Response: Transaction created successfully"
API: POST /api/transactions -> 201

  >> RESPONSE.BODY.transaction.__v
  
      R2003: Unknown property
      Documentation: https://docs.specmatic.io/rules#r2003
      Summary: A property was found that is not defined in the specification
  
      Property "__v" in the response was not in the specification



--------------------
  Request to http://host.docker.internal:5000 at 2026-6-21 5:18:59.657
    POST /api/transactions
    Authorization: Bearer CEPPF
    Specmatic-Response-Code: 201
    Host: host.docker.internal:5000
    Accept-Charset: UTF-8
    Accept: */*
    Content-Type: application/json
    
    {
        "amount": 1.6236471321033571E308,
        "type": "income",
        "category": "UHRLO",
        "date": "2026-06-21T05:18:59Z"
    }

  Response at 2026-6-21 5:18:59.677
    201 Created
    X-Powered-By: Express
    Access-Control-Allow-Origin: *
    Content-Type: application/json; charset=utf-8
    Content-Length: 209
    ETag: W/"d1-rq9C1J2SAARW41x3b2fc/Dprqqk"
    Date: Sun, 21 Jun 2026 05:18:59 GMT
    Connection: keep-alive
    Keep-Alive: timeout=5
    
    {
        "success": true,
        "transaction": {
            "user": "6a351082da1b125a5c4644c3",
            "amount": 1.6236471321033571E308,
            "type": "income",
            "category": "UHRLO",
            "date": "2026-06-21T05:18:59.000Z",
            "_id": "6a3774437239ad08158b3fff",
            "__v": 0
        }
    }

Scenario: POST /api/transactions -> 201 with a request where REQUEST.BODY contains only the mandatory keys AND the key amount is set to a value within the specified bounds AND type is set to 'income' from enum has FAILED
Reason:
Testing scenario "Add a new transaction. Response: Transaction created successfully"
API: POST /api/transactions -> 201

  >> RESPONSE.BODY.transaction.__v
  
      R2003: Unknown property
      Documentation: https://docs.specmatic.io/rules#r2003
      Summary: A property was found that is not defined in the specification
  
      Property "__v" in the response was not in the specification



--------------------
  Request to http://host.docker.internal:5000 at 2026-6-21 5:18:59.687
    POST /api/transactions
    Authorization: Bearer QHBBH
    Specmatic-Response-Code: 201
    Host: host.docker.internal:5000
    Accept-Charset: UTF-8
    Accept: */*
    Content-Type: application/json
    
    {
        "amount": 0.01,
        "type": "expense",
        "category": "N",
        "date": "2026-06-21T05:18:59Z"
    }

  Response at 2026-6-21 5:18:59.707
    201 Created
    X-Powered-By: Express
    Access-Control-Allow-Origin: *
    Content-Type: application/json; charset=utf-8
    Content-Length: 187
    ETag: W/"bb-VWUuJNvLXSMpUJR2AKftbqmItZQ"
    Date: Sun, 21 Jun 2026 05:18:59 GMT
    Connection: keep-alive
    Keep-Alive: timeout=5
    
    {
        "success": true,
        "transaction": {
            "user": "6a351082da1b125a5c4644c3",
            "amount": 0.01,
            "type": "expense",
            "category": "N",
            "date": "2026-06-21T05:18:59.000Z",
            "_id": "6a3774437239ad08158b4001",
            "__v": 0
        }
    }

Scenario: POST /api/transactions -> 201 with a request where REQUEST.BODY contains only the mandatory keys AND the key amount is set to the smallest possible value '0.01' AND type is set to 'expense' from enum AND category is set to the shortest possible string has FAILED
Reason:
Testing scenario "Add a new transaction. Response: Transaction created successfully"
API: POST /api/transactions -> 201

  >> RESPONSE.BODY.transaction.__v
  
      R2003: Unknown property
      Documentation: https://docs.specmatic.io/rules#r2003
      Summary: A property was found that is not defined in the specification
  
      Property "__v" in the response was not in the specification



--------------------
  Request to http://host.docker.internal:5000 at 2026-6-21 5:18:59.719
    POST /api/transactions
    Authorization: Bearer TCMVC
    Specmatic-Response-Code: 201
    Host: host.docker.internal:5000
    Accept-Charset: UTF-8
    Accept: */*
    Content-Type: application/json
    
    {
        "amount": 4.788210700404748E307,
        "type": "income",
        "category": "M",
        "date": "2026-06-21T05:18:59Z"
    }

  Response at 2026-6-21 5:18:59.740
    201 Created
    X-Powered-By: Express
    Access-Control-Allow-Origin: *
    Content-Type: application/json; charset=utf-8
    Content-Length: 204
    ETag: W/"cc-p7ebJg7ZAV9gyXd0Za9Tslf+2Yk"
    Date: Sun, 21 Jun 2026 05:18:59 GMT
    Connection: keep-alive
    Keep-Alive: timeout=5
    
    {
        "success": true,
        "transaction": {
            "user": "6a351082da1b125a5c4644c3",
            "amount": 4.788210700404748E307,
            "type": "income",
            "category": "M",
            "date": "2026-06-21T05:18:59.000Z",
            "_id": "6a3774437239ad08158b4003",
            "__v": 0
        }
    }

Scenario: POST /api/transactions -> 201 with a request where REQUEST.BODY contains only the mandatory keys AND the key amount is set to a value within the specified bounds AND type is set to 'income' from enum AND category is set to the shortest possible string has FAILED
Reason:
Testing scenario "Add a new transaction. Response: Transaction created successfully"
API: POST /api/transactions -> 201

  >> RESPONSE.BODY.transaction.__v
  
      R2003: Unknown property
      Documentation: https://docs.specmatic.io/rules#r2003
      Summary: A property was found that is not defined in the specification
  
      Property "__v" in the response was not in the specification



--------------------
  Request to http://host.docker.internal:5000 at 2026-6-21 5:18:59.752
    POST /api/transactions
    Authorization: Bearer RTCIP
    Specmatic-Response-Code: 201
    Host: host.docker.internal:5000
    Accept-Charset: UTF-8
    Accept: */*
    Content-Type: application/json
    
    {
        "amount": 1.3700239912092584E308,
        "type": "expense",
        "category": "EKXAY",
        "date": "2026-06-21T05:18:59Z"
    }

  Response at 2026-6-21 5:18:59.779
    201 Created
    X-Powered-By: Express
    Access-Control-Allow-Origin: *
    Content-Type: application/json; charset=utf-8
    Content-Length: 210
    ETag: W/"d2-5GGo9eHgX/N5ujoJ/la7c0eye+c"
    Date: Sun, 21 Jun 2026 05:18:59 GMT
    Connection: keep-alive
    Keep-Alive: timeout=5
    
    {
        "success": true,
        "transaction": {
            "user": "6a351082da1b125a5c4644c3",
            "amount": 1.3700239912092584E308,
            "type": "expense",
            "category": "EKXAY",
            "date": "2026-06-21T05:18:59.000Z",
            "_id": "6a3774437239ad08158b4005",
            "__v": 0
        }
    }

Scenario: POST /api/transactions -> 201 with a request where REQUEST.BODY contains only the mandatory keys AND the key amount is set to a value within the specified bounds AND type is set to 'expense' from enum has FAILED
Reason:
Testing scenario "Add a new transaction. Response: Transaction created successfully"
API: POST /api/transactions -> 201

  >> RESPONSE.BODY.transaction.__v
  
      R2003: Unknown property
      Documentation: https://docs.specmatic.io/rules#r2003
      Summary: A property was found that is not defined in the specification
  
      Property "__v" in the response was not in the specification



--------------------
  Request to http://host.docker.internal:5000 at 2026-6-21 5:18:59.788
    POST /api/transactions
    Authorization: Bearer CKYRY
    Specmatic-Response-Code: 201
    Host: host.docker.internal:5000
    Accept-Charset: UTF-8
    Accept: */*
    Content-Type: application/json
    
    {
        "amount": 7.178871228291419E307,
        "type": "expense",
        "category": "K",
        "date": "2026-06-21T05:18:59Z"
    }

  Response at 2026-6-21 5:18:59.808
    201 Created
    X-Powered-By: Express
    Access-Control-Allow-Origin: *
    Content-Type: application/json; charset=utf-8
    Content-Length: 205
    ETag: W/"cd-r/6Qc+PuHs5QNClrOEgcqdKcbaM"
    Date: Sun, 21 Jun 2026 05:18:59 GMT
    Connection: keep-alive
    Keep-Alive: timeout=5
    
    {
        "success": true,
        "transaction": {
            "user": "6a351082da1b125a5c4644c3",
            "amount": 7.178871228291419E307,
            "type": "expense",
            "category": "K",
            "date": "2026-06-21T05:18:59.000Z",
            "_id": "6a3774437239ad08158b4007",
            "__v": 0
        }
    }

Scenario: POST /api/transactions -> 201 with a request where REQUEST.BODY contains only the mandatory keys AND the key amount is set to a value within the specified bounds AND type is set to 'expense' from enum AND category is set to the shortest possible string has FAILED
Reason:
Testing scenario "Add a new transaction. Response: Transaction created successfully"
API: POST /api/transactions -> 201

  >> RESPONSE.BODY.transaction.__v
  
      R2003: Unknown property
      Documentation: https://docs.specmatic.io/rules#r2003
      Summary: A property was found that is not defined in the specification
  
      Property "__v" in the response was not in the specification



--------------------
  Request to http://host.docker.internal:5000 at 2026-6-21 5:18:59.818
    POST /api/transactions
    Authorization: Bearer CIJON
    Specmatic-Response-Code: 201
    Host: host.docker.internal:5000
    Accept-Charset: UTF-8
    Accept: */*
    Content-Type: application/json
    
    {
        "amount": 0.01,
        "type": "income",
        "category": "OQSVD",
        "date": "2026-06-21T05:18:59Z"
    }

  Response at 2026-6-21 5:18:59.839
    201 Created
    X-Powered-By: Express
    Access-Control-Allow-Origin: *
    Content-Type: application/json; charset=utf-8
    Content-Length: 190
    ETag: W/"be-OPrWCWlfcAMMvoZhC3ez5qCPt6Y"
    Date: Sun, 21 Jun 2026 05:18:59 GMT
    Connection: keep-alive
    Keep-Alive: timeout=5
    
    {
        "success": true,
        "transaction": {
            "user": "6a351082da1b125a5c4644c3",
            "amount": 0.01,
            "type": "income",
            "category": "OQSVD",
            "date": "2026-06-21T05:18:59.000Z",
            "_id": "6a3774437239ad08158b4009",
            "__v": 0
        }
    }

Scenario: POST /api/transactions -> 201 with a request where REQUEST.BODY contains only the mandatory keys AND the key amount is set to the smallest possible value '0.01' AND type is set to 'income' from enum has FAILED
Reason:
Testing scenario "Add a new transaction. Response: Transaction created successfully"
API: POST /api/transactions -> 201

  >> RESPONSE.BODY.transaction.__v
  
      R2003: Unknown property
      Documentation: https://docs.specmatic.io/rules#r2003
      Summary: A property was found that is not defined in the specification
  
      Property "__v" in the response was not in the specification



--------------------
  Request to http://host.docker.internal:5000 at 2026-6-21 5:18:59.846
    POST /api/transactions
    Authorization: Bearer PWTCI
    Specmatic-Response-Code: 201
    Host: host.docker.internal:5000
    Accept-Charset: UTF-8
    Accept: */*
    Content-Type: application/json
    
    {
        "amount": 0.01,
        "type": "income",
        "category": "E",
        "date": "2026-06-21T05:18:59Z"
    }

  Response at 2026-6-21 5:18:59.865
    201 Created
    X-Powered-By: Express
    Access-Control-Allow-Origin: *
    Content-Type: application/json; charset=utf-8
    Content-Length: 186
    ETag: W/"ba-Ob2kLp7aaXLqJbWU47VgpdPeVrM"
    Date: Sun, 21 Jun 2026 05:18:59 GMT
    Connection: keep-alive
    Keep-Alive: timeout=5
    
    {
        "success": true,
        "transaction": {
            "user": "6a351082da1b125a5c4644c3",
            "amount": 0.01,
            "type": "income",
            "category": "E",
            "date": "2026-06-21T05:18:59.000Z",
            "_id": "6a3774437239ad08158b400b",
            "__v": 0
        }
    }

Scenario: POST /api/transactions -> 201 with a request where REQUEST.BODY contains only the mandatory keys AND the key amount is set to the smallest possible value '0.01' AND type is set to 'income' from enum AND category is set to the shortest possible string has FAILED
Reason:
Testing scenario "Add a new transaction. Response: Transaction created successfully"
API: POST /api/transactions -> 201

  >> RESPONSE.BODY.transaction.__v
  
      R2003: Unknown property
      Documentation: https://docs.specmatic.io/rules#r2003
      Summary: A property was found that is not defined in the specification
  
      Property "__v" in the response was not in the specification



--------------------
  Request to http://host.docker.internal:5000 at 2026-6-21 5:18:59.872
    POST /api/transactions
    Authorization: Bearer SPEJO
    Specmatic-Response-Code: 201
    Host: host.docker.internal:5000
    Accept-Charset: UTF-8
    Accept: */*
    Content-Type: application/json
    
    {
        "amount": 0.01,
        "type": "expense",
        "category": "BOAAM",
        "date": "2026-06-21T05:18:59Z"
    }

  Response at 2026-6-21 5:18:59.887
    201 Created
    X-Powered-By: Express
    Access-Control-Allow-Origin: *
    Content-Type: application/json; charset=utf-8
    Content-Length: 191
    ETag: W/"bf-8MYdpA1qyrK84xewC1xImkPhinM"
    Date: Sun, 21 Jun 2026 05:18:59 GMT
    Connection: keep-alive
    Keep-Alive: timeout=5
    
    {
        "success": true,
        "transaction": {
            "user": "6a351082da1b125a5c4644c3",
            "amount": 0.01,
            "type": "expense",
            "category": "BOAAM",
            "date": "2026-06-21T05:18:59.000Z",
            "_id": "6a3774437239ad08158b400d",
            "__v": 0
        }
    }

Scenario: POST /api/transactions -> 201 with a request where REQUEST.BODY contains only the mandatory keys AND the key amount is set to the smallest possible value '0.01' AND type is set to 'expense' from enum has FAILED
Reason:
Testing scenario "Add a new transaction. Response: Transaction created successfully"
API: POST /api/transactions -> 201

  >> RESPONSE.BODY.transaction.__v
  
      R2003: Unknown property
      Documentation: https://docs.specmatic.io/rules#r2003
      Summary: A property was found that is not defined in the specification
  
      Property "__v" in the response was not in the specification



--------------------
  Request to http://host.docker.internal:5000 at 2026-6-21 5:18:59.895
    POST /api/transactions
    Authorization: Bearer YTNEM
    Specmatic-Response-Code: 201
    Host: host.docker.internal:5000
    Accept-Charset: UTF-8
    Accept: */*
    Content-Type: application/json
    
    {
        "amount": 0.01,
        "type": "expense",
        "category": "K",
        "date": "2026-06-21T05:18:59Z"
    }

  Response at 2026-6-21 5:18:59.914
    201 Created
    X-Powered-By: Express
    Access-Control-Allow-Origin: *
    Content-Type: application/json; charset=utf-8
    Content-Length: 187
    ETag: W/"bb-ZbwNkjpXFaJpCvsUnxi3Pu4QrAc"
    Date: Sun, 21 Jun 2026 05:18:59 GMT
    Connection: keep-alive
    Keep-Alive: timeout=5
    
    {
        "success": true,
        "transaction": {
            "user": "6a351082da1b125a5c4644c3",
            "amount": 0.01,
            "type": "expense",
            "category": "K",
            "date": "2026-06-21T05:18:59.000Z",
            "_id": "6a3774437239ad08158b400f",
            "__v": 0
        }
    }

Scenario: POST /api/transactions -> 201 with a request where REQUEST.BODY contains only the mandatory keys AND the key amount is set to the smallest possible value '0.01' AND type is set to 'expense' from enum AND category is set to the shortest possible string has FAILED
Reason:
Testing scenario "Add a new transaction. Response: Transaction created successfully"
API: POST /api/transactions -> 201

  >> RESPONSE.BODY.transaction.__v
  
      R2003: Unknown property
      Documentation: https://docs.specmatic.io/rules#r2003
      Summary: A property was found that is not defined in the specification
  
      Property "__v" in the response was not in the specification



--------------------
  Skipping Scenario: POST /api/transactions -> 400 (requestContentType application/json, responseContentType application/json)
  - T00004: Generative Disabled
  Documentation: https://docs.specmatic.io/rules#t00004
  Summary: This operation was skipped because it requires schema resiliency to be enabled
  
  - T00002: Examples Required
  Documentation: https://docs.specmatic.io/rules#t00002
  Summary: This operation requires examples to run, but none were provided
  

--------------------
  Skipping Scenario: POST /api/transactions -> 401 (requestContentType application/json, responseContentType application/json)
  T00002: Examples Required
  Documentation: https://docs.specmatic.io/rules#t00002
  Summary: This operation requires examples to run, but none were provided
  

--------------------
  Request to http://host.docker.internal:5000 at 2026-6-21 5:18:59.924
    GET /api/transactions
    Authorization: Bearer eyJhbGciOiJIUzI1NiIsInR5cCI6IkpXVCJ9.eyJ1c2VyIjp7ImlkIjoiNmEzNTEwODJkYTFiMTI1YTVjNDY0NGMzIn0sImlhdCI6MTc4MTg2MjgyOSwiZXhwIjoxNzgxODY2NDI5fQ.RLYHwqOjorEdcVRPs6oT2yedh_GIZoG3qPucQAaOduM
    Specmatic-Response-Code: 200
    Host: host.docker.internal:5000
    Accept-Charset: UTF-8
    Accept: */*
    Content-Type: NOT SENT
    
    

  Response at 2026-6-21 5:18:59.958
    200 OK
    X-Powered-By: Express
    Access-Control-Allow-Origin: *
    Content-Type: application/json; charset=utf-8
    Content-Length: 12853
    ETag: W/"3235-Nors8WQKTD1tdPxn92GMEQLeJc0"
    Date: Sun, 21 Jun 2026 05:18:59 GMT
    Connection: keep-alive
    Keep-Alive: timeout=5
    
    {
        "success": true,
        "data": [
            {
                "_id": "6a3774437239ad08158b3fdb",
                "user": "6a351082da1b125a5c4644c3",
                "description": "DTUVP",
                "notes": "SKPMWESXAAFMIIYGUDSDHQKFIGCDDWSGVCVFSQBHIVNXSWRRNWTOCHBORLRDFWACTJANEWNLRVBEQCUDYJBVYVFIIWFUXIYWGSVEEMJQBLPVIPWUNURMWRYPTJSORUWOIAXRSKDRKRJJDUTMYYBAVBIIWCYWAALTFKBBSVTWDBKYMMWFMNYEXXJWWFSJANJUNRUYDAFJKYRTRSAQFIRAPRUPDWRBKLMMELHCAKOGSJSEUIBQEKAWJGXXMYCPQWQMLPCHKALKQLVFBHDMPGOWFHSVRJBNVOULPGIWOJQIYFEKNQXDOAYIUIOVRRGEVAFXRCECDYXUIFJGAISQDQDIEAXXORQWFWCMENKJYKXYPHIGDDOGWETGNXDDDPKDBSBOEJNDVIEDHSKBBOHGUWLPDXCJBIWVNGOIIEFUHPURDGWIWHDKOGJOPBEUTVSUEWROAEAAPISDGWVGRFHQPHQTFFUFDPHHYSAFALSGSPWUVCCKMQUYQDAA",
                "amount": 0.01,
                "type": "expense",
                "category": "NJKRS",
                "date": "2026-06-21T05:18:59.000Z",
                "__v": 0
            },
            {
                "_id": "6a3774437239ad08158b3fd9",
                "user": "6a351082da1b125a5c4644c3",
                "description": "XNSKX",
                "notes": "SKPMWESXAAFMIIYGUDSDHQKFIGCDDWSGVCVFSQBHIVNXSWRRNWTOCHBORLRDFWACTJANEWNLRVBEQCUDYJBVYVFIIWFUXIYWGSVEEMJQBLPVIPWUNURMWRYPTJSORUWOIAXRSKDRKRJJDUTMYYBAVBIIWCYWAALTFKBBSVTWDBKYMMWFMNYEXXJWWFSJANJUNRUYDAFJKYRTRSAQFIRAPRUPDWRBKLMMELHCAKOGSJSEUIBQEKAWJGXXMYCPQWQMLPCHKALKQLVFBHDMPGOWFHSVRJBNVOULPGIWOJQIYFEKNQXDOAYIUIOVRRGEVAFXRCECDYXUIFJGAISQDQDIEAXXORQWFWCMENKJYKXYPHIGDDOGWETGNXDDDPKDBSBOEJNDVIEDHSKBBOHGUWLPDXCJBIWVNGOIIEFUHPURDGWIWHDKOGJOPBEUTVSUEWROAEAAPISDGWVGRFHQPHQTFFUFDPHHYSAFALSGSPWUVCCKMQUYQDAA",
                "amount": 0.01,
                "type": "income",
                "category": "N",
                "date": "2026-06-21T05:18:59.000Z",
                "__v": 0
            },
            {
                "_id": "6a3774437239ad08158b3fdf",
                "user": "6a351082da1b125a5c4644c3",
                "description": "IKHMWIPPRXBIGACBDOIKGWEGHCXNVGORHAJRMGHUKSHKKSKMBKWWLRDKBEUCWYBGRKDSKRARFPBXIJVGBFCMCLQELYCLXXXPLECQUKGDUYOQGDYFBITRWRISVJJTLNKTPXWECHKYWMXMTXFRJWMDXTDXEXFDUHDMPADCRTPVQPCPNQFBJYUUQICTDRSMIBTOYNDWAWOU",
                "notes": "NOADG",
                "amount": 1.00945908090751E308,
                "type": "income",
                "category": "PECLQ",
                "date": "2026-06-21T05:18:59.000Z",
                "__v": 0
            },
            {
                "_id": "6a3774437239ad08158b3fed",
                "user": "6a351082da1b125a5c4644c3",
                "description": "IKHMWIPPRXBIGACBDOIKGWEGHCXNVGORHAJRMGHUKSHKKSKMBKWWLRDKBEUCWYBGRKDSKRARFPBXIJVGBFCMCLQELYCLXXXPLECQUKGDUYOQGDYFBITRWRISVJJTLNKTPXWECHKYWMXMTXFRJWMDXTDXEXFDUHDMPADCRTPVQPCPNQFBJYUUQICTDRSMIBTOYNDWAWOU",
                "notes": "WOVIW",
                "amount": 0.01,
                "type": "expense",
                "category": "V",
                "date": "2026-06-21T05:18:59.000Z",
                "__v": 0
            },
            {
                "_id": "6a3774437239ad08158b3fd3",
                "user": "6a351082da1b125a5c4644c3",
                "description": "YNNPQ",
                "notes": "SKPMWESXAAFMIIYGUDSDHQKFIGCDDWSGVCVFSQBHIVNXSWRRNWTOCHBORLRDFWACTJANEWNLRVBEQCUDYJBVYVFIIWFUXIYWGSVEEMJQBLPVIPWUNURMWRYPTJSORUWOIAXRSKDRKRJJDUTMYYBAVBIIWCYWAALTFKBBSVTWDBKYMMWFMNYEXXJWWFSJANJUNRUYDAFJKYRTRSAQFIRAPRUPDWRBKLMMELHCAKOGSJSEUIBQEKAWJGXXMYCPQWQMLPCHKALKQLVFBHDMPGOWFHSVRJBNVOULPGIWOJQIYFEKNQXDOAYIUIOVRRGEVAFXRCECDYXUIFJGAISQDQDIEAXXORQWFWCMENKJYKXYPHIGDDOGWETGNXDDDPKDBSBOEJNDVIEDHSKBBOHGUWLPDXCJBIWVNGOIIEFUHPURDGWIWHDKOGJOPBEUTVSUEWROAEAAPISDGWVGRFHQPHQTFFUFDPHHYSAFALSGSPWUVCCKMQUYQDAA",
                "amount": 1.178940991389686E308,
                "type": "expense",
                "category": "HYFVQ",
                "date": "2026-06-21T05:18:59.000Z",
                "__v": 0
            },
            {
                "_id": "6a3774437239ad08158b3feb",
                "user": "6a351082da1b125a5c4644c3",
                "description": "IKHMWIPPRXBIGACBDOIKGWEGHCXNVGORHAJRMGHUKSHKKSKMBKWWLRDKBEUCWYBGRKDSKRARFPBXIJVGBFCMCLQELYCLXXXPLECQUKGDUYOQGDYFBITRWRISVJJTLNKTPXWECHKYWMXMTXFRJWMDXTDXEXFDUHDMPADCRTPVQPCPNQFBJYUUQICTDRSMIBTOYNDWAWOU",
                "notes": "AXPLF",
                "amount": 0.01,
                "type": "expense",
                "category": "DRGHE",
                "date": "2026-06-21T05:18:59.000Z",
                "__v": 0
            },
            {
                "_id": "6a3774437239ad08158b3fd7",
                "user": "6a351082da1b125a5c4644c3",
                "description": "FAHNJ",
                "notes": "SKPMWESXAAFMIIYGUDSDHQKFIGCDDWSGVCVFSQBHIVNXSWRRNWTOCHBORLRDFWACTJANEWNLRVBEQCUDYJBVYVFIIWFUXIYWGSVEEMJQBLPVIPWUNURMWRYPTJSORUWOIAXRSKDRKRJJDUTMYYBAVBIIWCYWAALTFKBBSVTWDBKYMMWFMNYEXXJWWFSJANJUNRUYDAFJKYRTRSAQFIRAPRUPDWRBKLMMELHCAKOGSJSEUIBQEKAWJGXXMYCPQWQMLPCHKALKQLVFBHDMPGOWFHSVRJBNVOULPGIWOJQIYFEKNQXDOAYIUIOVRRGEVAFXRCECDYXUIFJGAISQDQDIEAXXORQWFWCMENKJYKXYPHIGDDOGWETGNXDDDPKDBSBOEJNDVIEDHSKBBOHGUWLPDXCJBIWVNGOIIEFUHPURDGWIWHDKOGJOPBEUTVSUEWROAEAAPISDGWVGRFHQPHQTFFUFDPHHYSAFALSGSPWUVCCKMQUYQDAA",
                "amount": 0.01,
                "type": "income",
                "category": "LGCJY",
                "date": "2026-06-21T05:18:59.000Z",
                "__v": 0
            },
            {
                "_id": "6a3774437239ad08158b3ff5",
                "user": "6a351082da1b125a5c4644c3",
                "description": "IKHMWIPPRXBIGACBDOIKGWEGHCXNVGORHAJRMGHUKSHKKSKMBKWWLRDKBEUCWYBGRKDSKRARFPBXIJVGBFCMCLQELYCLXXXPLECQUKGDUYOQGDYFBITRWRISVJJTLNKTPXWECHKYWMXMTXFRJWMDXTDXEXFDUHDMPADCRTPVQPCPNQFBJYUUQICTDRSMIBTOYNDWAWOU",
                "notes": "GMDHVNDKVWVVVGLMNECUFVLYPNSRFHEGOLLVAMPTAREEAHJUDCSDLJLOJPVQFNSQMDAOMBXNEHKQKORATOMVNTIWYICUOUVDEOCOPTURHKWGBJPNGYMOXXTLBGWNTYVFGLHVPQENKHIICLKWYVBJTMYQHIERCNVXEMLLPOUVTSHGDCNAETWLKCHXTIYCIQVJLXHGPFHQXTILPXPTCIJPISIOPTHOOHYQTTJFTMQIGPYDSORKRDWLOCPADQQECDHYNHMLBNELEJBHDAWJLNUUIQAUUNIJQUMENMIVVUPKVIBUCDPFVMPJVRHFMYAHAKKBDJBGQTPIQNVHYQENFAQDWSSYTPANLRDNBXPNDHFREMJYSHDLEJRTWFNOLHGQWNAKJJPTLCMKQWNRTDFWXIVXBSVGULEPAIRLVHMBYEREJDMUDVBLARPCPSBSOXMRHQLCJYOIXSIBDNOSJLGNIVWVJPWDCSSADCVQTDRVYSNCBUVDOFHISPWG",
                "amount": 1.1024280575013066E308,
                "type": "expense",
                "category": "Q",
                "date": "2026-06-21T05:18:59.000Z",
                "__v": 0
            },
            {
                "_id": "6a3774437239ad08158b3fe5",
                "user": "6a351082da1b125a5c4644c3",
                "description": "IKHMWIPPRXBIGACBDOIKGWEGHCXNVGORHAJRMGHUKSHKKSKMBKWWLRDKBEUCWYBGRKDSKRARFPBXIJVGBFCMCLQELYCLXXXPLECQUKGDUYOQGDYFBITRWRISVJJTLNKTPXWECHKYWMXMTXFRJWMDXTDXEXFDUHDMPADCRTPVQPCPNQFBJYUUQICTDRSMIBTOYNDWAWOU",
                "notes": "YUKOP",
                "amount": 4.855605054464262E307,
                "type": "expense",
                "category": "D",
                "date": "2026-06-21T05:18:59.000Z",
                "__v": 0
            },
            {
                "_id": "6a3774437239ad08158b3fe7",
                "user": "6a351082da1b125a5c4644c3",
                "description": "IKHMWIPPRXBIGACBDOIKGWEGHCXNVGORHAJRMGHUKSHKKSKMBKWWLRDKBEUCWYBGRKDSKRARFPBXIJVGBFCMCLQELYCLXXXPLECQUKGDUYOQGDYFBITRWRISVJJTLNKTPXWECHKYWMXMTXFRJWMDXTDXEXFDUHDMPADCRTPVQPCPNQFBJYUUQICTDRSMIBTOYNDWAWOU",
                "notes": "WDBRD",
                "amount": 0.01,
                "type": "income",
                "category": "JPPAD",
                "date": "2026-06-21T05:18:59.000Z",
                "__v": 0
            },
            {
                "_id": "6a3774437239ad08158b3fef",
                "user": "6a351082da1b125a5c4644c3",
                "description": "IKHMWIPPRXBIGACBDOIKGWEGHCXNVGORHAJRMGHUKSHKKSKMBKWWLRDKBEUCWYBGRKDSKRARFPBXIJVGBFCMCLQELYCLXXXPLECQUKGDUYOQGDYFBITRWRISVJJTLNKTPXWECHKYWMXMTXFRJWMDXTDXEXFDUHDMPADCRTPVQPCPNQFBJYUUQICTDRSMIBTOYNDWAWOU",
                "notes": "GMDHVNDKVWVVVGLMNECUFVLYPNSRFHEGOLLVAMPTAREEAHJUDCSDLJLOJPVQFNSQMDAOMBXNEHKQKORATOMVNTIWYICUOUVDEOCOPTURHKWGBJPNGYMOXXTLBGWNTYVFGLHVPQENKHIICLKWYVBJTMYQHIERCNVXEMLLPOUVTSHGDCNAETWLKCHXTIYCIQVJLXHGPFHQXTILPXPTCIJPISIOPTHOOHYQTTJFTMQIGPYDSORKRDWLOCPADQQECDHYNHMLBNELEJBHDAWJLNUUIQAUUNIJQUMENMIVVUPKVIBUCDPFVMPJVRHFMYAHAKKBDJBGQTPIQNVHYQENFAQDWSSYTPANLRDNBXPNDHFREMJYSHDLEJRTWFNOLHGQWNAKJJPTLCMKQWNRTDFWXIVXBSVGULEPAIRLVHMBYEREJDMUDVBLARPCPSBSOXMRHQLCJYOIXSIBDNOSJLGNIVWVJPWDCSSADCVQTDRVYSNCBUVDOFHISPWG",
                "amount": 9.092720679922839E307,
                "type": "income",
                "category": "HPRTP",
                "date": "2026-06-21T05:18:59.000Z",
                "__v": 0
            },
            {
                "_id": "6a3774437239ad08158b3fe1",
                "user": "6a351082da1b125a5c4644c3",
                "description": "IKHMWIPPRXBIGACBDOIKGWEGHCXNVGORHAJRMGHUKSHKKSKMBKWWLRDKBEUCWYBGRKDSKRARFPBXIJVGBFCMCLQELYCLXXXPLECQUKGDUYOQGDYFBITRWRISVJJTLNKTPXWECHKYWMXMTXFRJWMDXTDXEXFDUHDMPADCRTPVQPCPNQFBJYUUQICTDRSMIBTOYNDWAWOU",
                "notes": "YJJLA",
                "amount": 8.641144864017154E307,
                "type": "income",
                "category": "T",
                "date": "2026-06-21T05:18:59.000Z",
                "__v": 0
            },
            {
                "_id": "6a3774437239ad08158b3ff1",
                "user": "6a351082da1b125a5c4644c3",
                "description": "IKHMWIPPRXBIGACBDOIKGWEGHCXNVGORHAJRMGHUKSHKKSKMBKWWLRDKBEUCWYBGRKDSKRARFPBXIJVGBFCMCLQELYCLXXXPLECQUKGDUYOQGDYFBITRWRISVJJTLNKTPXWECHKYWMXMTXFRJWMDXTDXEXFDUHDMPADCRTPVQPCPNQFBJYUUQICTDRSMIBTOYNDWAWOU",
                "notes": "GMDHVNDKVWVVVGLMNECUFVLYPNSRFHEGOLLVAMPTAREEAHJUDCSDLJLOJPVQFNSQMDAOMBXNEHKQKORATOMVNTIWYICUOUVDEOCOPTURHKWGBJPNGYMOXXTLBGWNTYVFGLHVPQENKHIICLKWYVBJTMYQHIERCNVXEMLLPOUVTSHGDCNAETWLKCHXTIYCIQVJLXHGPFHQXTILPXPTCIJPISIOPTHOOHYQTTJFTMQIGPYDSORKRDWLOCPADQQECDHYNHMLBNELEJBHDAWJLNUUIQAUUNIJQUMENMIVVUPKVIBUCDPFVMPJVRHFMYAHAKKBDJBGQTPIQNVHYQENFAQDWSSYTPANLRDNBXPNDHFREMJYSHDLEJRTWFNOLHGQWNAKJJPTLCMKQWNRTDFWXIVXBSVGULEPAIRLVHMBYEREJDMUDVBLARPCPSBSOXMRHQLCJYOIXSIBDNOSJLGNIVWVJPWDCSSADCVQTDRVYSNCBUVDOFHISPWG",
                "amount": 5.215381775551654E307,
                "type": "income",
                "category": "V",
                "date": "2026-06-21T05:18:59.000Z",
                "__v": 0
            },
            {
                "_id": "6a3774437239ad08158b3fdd",
                "user": "6a351082da1b125a5c4644c3",
                "description": "JVQPX",
                "notes": "SKPMWESXAAFMIIYGUDSDHQKFIGCDDWSGVCVFSQBHIVNXSWRRNWTOCHBORLRDFWACTJANEWNLRVBEQCUDYJBVYVFIIWFUXIYWGSVEEMJQBLPVIPWUNURMWRYPTJSORUWOIAXRSKDRKRJJDUTMYYBAVBIIWCYWAALTFKBBSVTWDBKYMMWFMNYEXXJWWFSJANJUNRUYDAFJKYRTRSAQFIRAPRUPDWRBKLMMELHCAKOGSJSEUIBQEKAWJGXXMYCPQWQMLPCHKALKQLVFBHDMPGOWFHSVRJBNVOULPGIWOJQIYFEKNQXDOAYIUIOVRRGEVAFXRCECDYXUIFJGAISQDQDIEAXXORQWFWCMENKJYKXYPHIGDDOGWETGNXDDDPKDBSBOEJNDVIEDHSKBBOHGUWLPDXCJBIWVNGOIIEFUHPURDGWIWHDKOGJOPBEUTVSUEWROAEAAPISDGWVGRFHQPHQTFFUFDPHHYSAFALSGSPWUVCCKMQUYQDAA",
                "amount": 0.01,
                "type": "expense",
                "category": "A",
                "date": "2026-06-21T05:18:59.000Z",
                "__v": 0
            },
            {
                "_id": "6a3774437239ad08158b3ff3",
                "user": "6a351082da1b125a5c4644c3",
                "description": "IKHMWIPPRXBIGACBDOIKGWEGHCXNVGORHAJRMGHUKSHKKSKMBKWWLRDKBEUCWYBGRKDSKRARFPBXIJVGBFCMCLQELYCLXXXPLECQUKGDUYOQGDYFBITRWRISVJJTLNKTPXWECHKYWMXMTXFRJWMDXTDXEXFDUHDMPADCRTPVQPCPNQFBJYUUQICTDRSMIBTOYNDWAWOU",
                "notes": "GMDHVNDKVWVVVGLMNECUFVLYPNSRFHEGOLLVAMPTAREEAHJUDCSDLJLOJPVQFNSQMDAOMBXNEHKQKORATOMVNTIWYICUOUVDEOCOPTURHKWGBJPNGYMOXXTLBGWNTYVFGLHVPQENKHIICLKWYVBJTMYQHIERCNVXEMLLPOUVTSHGDCNAETWLKCHXTIYCIQVJLXHGPFHQXTILPXPTCIJPISIOPTHOOHYQTTJFTMQIGPYDSORKRDWLOCPADQQECDHYNHMLBNELEJBHDAWJLNUUIQAUUNIJQUMENMIVVUPKVIBUCDPFVMPJVRHFMYAHAKKBDJBGQTPIQNVHYQENFAQDWSSYTPANLRDNBXPNDHFREMJYSHDLEJRTWFNOLHGQWNAKJJPTLCMKQWNRTDFWXIVXBSVGULEPAIRLVHMBYEREJDMUDVBLARPCPSBSOXMRHQLCJYOIXSIBDNOSJLGNIVWVJPWDCSSADCVQTDRVYSNCBUVDOFHISPWG",
                "amount": 1.41122819521384E308,
                "type": "expense",
                "category": "UEVPJ",
                "date": "2026-06-21T05:18:59.000Z",
                "__v": 0
            },
            {
                "_id": "6a3774437239ad08158b3ff9",
                "user": "6a351082da1b125a5c4644c3",
                "description": "IKHMWIPPRXBIGACBDOIKGWEGHCXNVGORHAJRMGHUKSHKKSKMBKWWLRDKBEUCWYBGRKDSKRARFPBXIJVGBFCMCLQELYCLXXXPLECQUKGDUYOQGDYFBITRWRISVJJTLNKTPXWECHKYWMXMTXFRJWMDXTDXEXFDUHDMPADCRTPVQPCPNQFBJYUUQICTDRSMIBTOYNDWAWOU",
                "notes": "GMDHVNDKVWVVVGLMNECUFVLYPNSRFHEGOLLVAMPTAREEAHJUDCSDLJLOJPVQFNSQMDAOMBXNEHKQKORATOMVNTIWYICUOUVDEOCOPTURHKWGBJPNGYMOXXTLBGWNTYVFGLHVPQENKHIICLKWYVBJTMYQHIERCNVXEMLLPOUVTSHGDCNAETWLKCHXTIYCIQVJLXHGPFHQXTILPXPTCIJPISIOPTHOOHYQTTJFTMQIGPYDSORKRDWLOCPADQQECDHYNHMLBNELEJBHDAWJLNUUIQAUUNIJQUMENMIVVUPKVIBUCDPFVMPJVRHFMYAHAKKBDJBGQTPIQNVHYQENFAQDWSSYTPANLRDNBXPNDHFREMJYSHDLEJRTWFNOLHGQWNAKJJPTLCMKQWNRTDFWXIVXBSVGULEPAIRLVHMBYEREJDMUDVBLARPCPSBSOXMRHQLCJYOIXSIBDNOSJLGNIVWVJPWDCSSADCVQTDRVYSNCBUVDOFHISPWG",
                "amount": 0.01,
                "type": "income",
                "category": "U",
                "date": "2026-06-21T05:18:59.000Z",
                "__v": 0
            },
            {
                "_id": "6a3774437239ad08158b3ff7",
                "user": "6a351082da1b125a5c4644c3",
                "description": "IKHMWIPPRXBIGACBDOIKGWEGHCXNVGORHAJRMGHUKSHKKSKMBKWWLRDKBEUCWYBGRKDSKRARFPBXIJVGBFCMCLQELYCLXXXPLECQUKGDUYOQGDYFBITRWRISVJJTLNKTPXWECHKYWMXMTXFRJWMDXTDXEXFDUHDMPADCRTPVQPCPNQFBJYUUQICTDRSMIBTOYNDWAWOU",
                "notes": "GMDHVNDKVWVVVGLMNECUFVLYPNSRFHEGOLLVAMPTAREEAHJUDCSDLJLOJPVQFNSQMDAOMBXNEHKQKORATOMVNTIWYICUOUVDEOCOPTURHKWGBJPNGYMOXXTLBGWNTYVFGLHVPQENKHIICLKWYVBJTMYQHIERCNVXEMLLPOUVTSHGDCNAETWLKCHXTIYCIQVJLXHGPFHQXTILPXPTCIJPISIOPTHOOHYQTTJFTMQIGPYDSORKRDWLOCPADQQECDHYNHMLBNELEJBHDAWJLNUUIQAUUNIJQUMENMIVVUPKVIBUCDPFVMPJVRHFMYAHAKKBDJBGQTPIQNVHYQENFAQDWSSYTPANLRDNBXPNDHFREMJYSHDLEJRTWFNOLHGQWNAKJJPTLCMKQWNRTDFWXIVXBSVGULEPAIRLVHMBYEREJDMUDVBLARPCPSBSOXMRHQLCJYOIXSIBDNOSJLGNIVWVJPWDCSSADCVQTDRVYSNCBUVDOFHISPWG",
                "amount": 0.01,
                "type": "income",
                "category": "JXFKB",
                "date": "2026-06-21T05:18:59.000Z",
                "__v": 0
            },
            {
                "_id": "6a3774437239ad08158b3fe9",
                "user": "6a351082da1b125a5c4644c3",
                "description": "IKHMWIPPRXBIGACBDOIKGWEGHCXNVGORHAJRMGHUKSHKKSKMBKWWLRDKBEUCWYBGRKDSKRARFPBXIJVGBFCMCLQELYCLXXXPLECQUKGDUYOQGDYFBITRWRISVJJTLNKTPXWECHKYWMXMTXFRJWMDXTDXEXFDUHDMPADCRTPVQPCPNQFBJYUUQICTDRSMIBTOYNDWAWOU",
                "notes": "TQEOP",
                "amount": 0.01,
                "type": "income",
                "category": "V",
                "date": "2026-06-21T05:18:59.000Z",
                "__v": 0
            },
            {
                "_id": "6a3774437239ad08158b3fe3",
                "user": "6a351082da1b125a5c4644c3",
                "description": "IKHMWIPPRXBIGACBDOIKGWEGHCXNVGORHAJRMGHUKSHKKSKMBKWWLRDKBEUCWYBGRKDSKRARFPBXIJVGBFCMCLQELYCLXXXPLECQUKGDUYOQGDYFBITRWRISVJJTLNKTPXWECHKYWMXMTXFRJWMDXTDXEXFDUHDMPADCRTPVQPCPNQFBJYUUQICTDRSMIBTOYNDWAWOU",
                "notes": "HFINC",
                "amount": 1.477697898804773E308,
                "type": "expense",
                "category": "VBBKT",
                "date": "2026-06-21T05:18:59.000Z",
                "__v": 0
            },
            {
                "_id": "6a3774437239ad08158b3fd5",
                "user": "6a351082da1b125a5c4644c3",
                "description": "JAHJM",
                "notes": "SKPMWESXAAFMIIYGUDSDHQKFIGCDDWSGVCVFSQBHIVNXSWRRNWTOCHBORLRDFWACTJANEWNLRVBEQCUDYJBVYVFIIWFUXIYWGSVEEMJQBLPVIPWUNURMWRYPTJSORUWOIAXRSKDRKRJJDUTMYYBAVBIIWCYWAALTFKBBSVTWDBKYMMWFMNYEXXJWWFSJANJUNRUYDAFJKYRTRSAQFIRAPRUPDWRBKLMMELHCAKOGSJSEUIBQEKAWJGXXMYCPQWQMLPCHKALKQLVFBHDMPGOWFHSVRJBNVOULPGIWOJQIYFEKNQXDOAYIUIOVRRGEVAFXRCECDYXUIFJGAISQDQDIEAXXORQWFWCMENKJYKXYPHIGDDOGWETGNXDDDPKDBSBOEJNDVIEDHSKBBOHGUWLPDXCJBIWVNGOIIEFUHPURDGWIWHDKOGJOPBEUTVSUEWROAEAAPISDGWVGRFHQPHQTFFUFDPHHYSAFALSGSPWUVCCKMQUYQDAA",
                "amount": 1.6063364697220762E308,
                "type": "expense",
                "category": "R",
                "date": "2026-06-21T05:18:59.000Z",
                "__v": 0
            }
        ],
        "page": 1,
        "limit": 20,
        "total": 210,
        "totalPages": 11
    }

Scenario: GET /api/transactions -> 200 with the request from the example 'test_get_transactions_200' has FAILED
Reason:
Testing scenario "Get user transactions. Response: Transactions retrieved successfully"
API: GET /api/transactions -> 200

  >> RESPONSE.BODY.transactions
  
      R2001: Missing required property
      Documentation: https://docs.specmatic.io/rules#r2001
      Summary: A required property defined in the specification is missing
  
      Specification expected mandatory property "transactions" to be present but was missing from the response
  
  >> RESPONSE.BODY.data
  
      R2003: Unknown property
      Documentation: https://docs.specmatic.io/rules#r2003
      Summary: A property was found that is not defined in the specification
  
      Property "data" in the response was not in the specification
  
  >> RESPONSE.BODY.page
  
      R2003: Unknown property
      Documentation: https://docs.specmatic.io/rules#r2003
      Summary: A property was found that is not defined in the specification
  
      Property "page" in the response was not in the specification
  
  >> RESPONSE.BODY.limit
  
      R2003: Unknown property
      Documentation: https://docs.specmatic.io/rules#r2003
      Summary: A property was found that is not defined in the specification
  
      Property "limit" in the response was not in the specification
  
  >> RESPONSE.BODY.total
  
      R2003: Unknown property
      Documentation: https://docs.specmatic.io/rules#r2003
      Summary: A property was found that is not defined in the specification
  
      Property "total" in the response was not in the specification
  
  >> RESPONSE.BODY.totalPages
  
      R2003: Unknown property
      Documentation: https://docs.specmatic.io/rules#r2003
      Summary: A property was found that is not defined in the specification
  
      Property "totalPages" in the response was not in the specification



--------------------
  Skipping Scenario: GET /api/transactions -> 401 (responseContentType application/json)
  T00002: Examples Required
  Documentation: https://docs.specmatic.io/rules#t00002
  Summary: This operation requires examples to run, but none were provided
  

--------------------
  Request to http://host.docker.internal:5000 at 2026-6-21 5:18:59.973
    GET /api/transactions/summary
    Authorization: Bearer TTNVD
    Specmatic-Response-Code: 200
    Host: host.docker.internal:5000
    Accept-Charset: UTF-8
    Accept: */*
    Content-Type: NOT SENT
    
    

  Response at 2026-6-21 5:19:0.26
    200 OK
    X-Powered-By: Express
    Access-Control-Allow-Origin: *
    Content-Type: application/json; charset=utf-8
    Content-Length: 8967
    ETag: W/"2307-25IsfFzlir06Y+tbtUG/LCHXnwo"
    Date: Sun, 21 Jun 2026 05:19:00 GMT
    Connection: keep-alive
    Keep-Alive: timeout=5
    
    {
        "totalIncome": null,
        "totalExpenses": null,
        "netBalance": null,
        "categoryTotals": [
            {
                "category": "V",
                "total": null
            },
            {
                "category": "G",
                "total": null
            },
            {
                "category": "D",
                "total": null
            },
            {
                "category": "N",
                "total": null
            },
            {
                "category": "Q",
                "total": null
            },
            {
                "category": "T",
                "total": null
            },
            {
                "category": "R",
                "total": null
            },
            {
                "category": "J",
                "total": null
            },
            {
                "category": "F",
                "total": null
            },
            {
                "category": "QNPLF",
                "total": 1.7595355763623683E308
            },
            {
                "category": "KXHDC",
                "total": 1.7443713641407981E308
            },
            {
                "category": "WHTPG",
                "total": 1.7358172384010264E308
            },
            {
                "category": "NWYSJ",
                "total": 1.7157019638212306E308
            },
            {
                "category": "P",
                "total": 1.6943648432499787E308
            },
            {
                "category": "WXBXD",
                "total": 1.6835902895896985E308
            },
            {
                "category": "UHRLO",
                "total": 1.6236471321033571E308
            },
            {
                "category": "OOGBA",
                "total": 1.6129495841667488E308
            },
            {
                "category": "O",
                "total": 1.5708167613759176E308
            },
            {
                "category": "VGLHQ",
                "total": 1.5020457906163383E308
            },
            {
                "category": "VBBKT",
                "total": 1.477697898804773E308
            },
            {
                "category": "AXLWS",
                "total": 1.4411166075432888E308
            },
            {
                "category": "C",
                "total": 1.4338893022499765E308
            },
            {
                "category": "UEVPJ",
                "total": 1.41122819521384E308
            },
            {
                "category": "EKXAY",
                "total": 1.3700239912092584E308
            },
            {
                "category": "VDXUL",
                "total": 1.3107179200934239E308
            },
            {
                "category": "UQYDP",
                "total": 1.3085506258393355E308
            },
            {
                "category": "YVJEM",
                "total": 1.3081064817487354E308
            },
            {
                "category": "I",
                "total": 1.2572606907818094E308
            },
            {
                "category": "TCRRV",
                "total": 1.2561250779398664E308
            },
            {
                "category": "HYFVQ",
                "total": 1.178940991389686E308
            },
            {
                "category": "X",
                "total": 1.1468350865967181E308
            },
            {
                "category": "TQYRB",
                "total": 1.1066966207559047E308
            },
            {
                "category": "PECLQ",
                "total": 1.00945908090751E308
            },
            {
                "category": "SQWLC",
                "total": 9.998249924508087E307
            },
            {
                "category": "DIKUI",
                "total": 9.725377996862557E307
            },
            {
                "category": "WPBMO",
                "total": 9.318556755183826E307
            },
            {
                "category": "RKGVE",
                "total": 9.292565349101615E307
            },
            {
                "category": "MNNPF",
                "total": 9.099254085634042E307
            },
            {
                "category": "HPRTP",
                "total": 9.092720679922839E307
            },
            {
                "category": "COQYA",
                "total": 8.793140774416424E307
            },
            {
                "category": "U",
                "total": 8.287376797884448E307
            },
            {
                "category": "H",
                "total": 8.038334539493211E307
            },
            {
                "category": "VVARD",
                "total": 7.939141226577525E307
            },
            {
                "category": "UUITH",
                "total": 7.916569993724976E307
            },
            {
                "category": "MVVRL",
                "total": 7.754120043484491E307
            },
            {
                "category": "K",
                "total": 7.178871228291419E307
            },
            {
                "category": "EXQJF",
                "total": 6.744790181422189E307
            },
            {
                "category": "Y",
                "total": 6.729858339781453E307
            },
            {
                "category": "EPWWA",
                "total": 6.714082077037094E307
            },
            {
                "category": "WQYTV",
                "total": 6.713529478074295E307
            },
            {
                "category": "WFYSC",
                "total": 6.616375931837319E307
            },
            {
                "category": "L",
                "total": 6.510179104327758E307
            },
            {
                "category": "BBGUB",
                "total": 5.931117096044095E307
            },
            {
                "category": "TKDOK",
                "total": 5.693403995224872E307
            },
            {
                "category": "W",
                "total": 5.569244752873072E307
            },
            {
                "category": "DURGT",
                "total": 5.154515036262151E307
            },
            {
                "category": "MXOCU",
                "total": 5.076580269913773E307
            },
            {
                "category": "M",
                "total": 4.788210700404748E307
            },
            {
                "category": "XEQXY",
                "total": 4.743558427908577E307
            },
            {
                "category": "IKQTY",
                "total": 4.513917425387955E307
            },
            {
                "category": "GHNLK",
                "total": 3.672134177610313E307
            },
            {
                "category": "LSRFG",
                "total": 3.345751476851936E307
            },
            {
                "category": "UAFHG",
                "total": 3.185630480504901E307
            },
            {
                "category": "TIGGX",
                "total": 2.4858460944757027E307
            },
            {
                "category": "SQQFG",
                "total": 2.3659762414889224E307
            },
            {
                "category": "MOBYU",
                "total": 2.307207808626681E307
            },
            {
                "category": "CROKD",
                "total": 2.2389603275251036E307
            },
            {
                "category": "WJCFX",
                "total": 1.1242867798820791E307
            },
            {
                "category": "BRQTN",
                "total": 1.0808193003397867E307
            },
            {
                "category": "GEFAM",
                "total": 4.3037440081872075E306
            },
            {
                "category": "LRNSL",
                "total": 2.6465949977750432E306
            },
            {
                "category": "A",
                "total": 0.04
            },
            {
                "category": "S",
                "total": 0.03
            },
            {
                "category": "B",
                "total": 0.02
            },
            {
                "category": "GXJUD",
                "total": 0.01
            },
            {
                "category": "KTEOF",
                "total": 0.01
            },
            {
                "category": "HMKFM",
                "total": 0.01
            },
            {
                "category": "RAUHM",
                "total": 0.01
            },
            {
                "category": "LTXRI",
                "total": 0.01
            },
            {
                "category": "NJKRS",
                "total": 0.01
            },
            {
                "category": "TTEUE",
                "total": 0.01
            },
            {
                "category": "WBNVL",
                "total": 0.01
            },
            {
                "category": "XSHEX",
                "total": 0.01
            },
            {
                "category": "KORFN",
                "total": 0.01
            },
            {
                "category": "DDDSL",
                "total": 0.01
            },
            {
                "category": "E",
                "total": 0.01
            },
            {
                "category": "CMIII",
                "total": 0.01
            },
            {
                "category": "UYDOP",
                "total": 0.01
            },
            {
                "category": "EYDJL",
                "total": 0.01
            },
            {
                "category": "RULSG",
                "total": 0.01
            },
            {
                "category": "BHSIA",
                "total": 0.01
            },
            {
                "category": "WMDQB",
                "total": 0.01
            },
            {
                "category": "JXFKB",
                "total": 0.01
            },
            {
                "category": "GEWRW",
                "total": 0.01
            },
            {
                "category": "NYLCV",
                "total": 0.01
            },
            {
                "category": "TYOQG",
                "total": 0.01
            },
            {
                "category": "LGCJY",
                "total": 0.01
            },
            {
                "category": "UNURG",
                "total": 0.01
            },
            {
                "category": "LCRUT",
                "total": 0.01
            },
            {
                "category": "DRGHE",
                "total": 0.01
            },
            {
                "category": "ECMBQ",
                "total": 0.01
            },
            {
                "category": "RLYPH",
                "total": 0.01
            },
            {
                "category": "RAGDK",
                "total": 0.01
            },
            {
                "category": "VAQDA",
                "total": 0.01
            },
            {
                "category": "OQSVD",
                "total": 0.01
            },
            {
                "category": "EDYYE",
                "total": 0.01
            },
            {
                "category": "RKUMX",
                "total": 0.01
            },
            {
                "category": "BOAAM",
                "total": 0.01
            },
            {
                "category": "TCNQO",
                "total": 0.01
            },
            {
                "category": "NYTQQ",
                "total": 0.01
            },
            {
                "category": "DKKIH",
                "total": 0.01
            },
            {
                "category": "XXUXS",
                "total": 0.01
            },
            {
                "category": "FYIND",
                "total": 0.01
            },
            {
                "category": "RDJUC",
                "total": 0.01
            },
            {
                "category": "TYKVK",
                "total": 0.01
            },
            {
                "category": "NGCFA",
                "total": 0.01
            },
            {
                "category": "DVIUM",
                "total": 0.01
            },
            {
                "category": "VDTJH",
                "total": 0.01
            },
            {
                "category": "JPPAD",
                "total": 0.01
            },
            {
                "category": "SNOFG",
                "total": 0.01
            },
            {
                "category": "IIJSB",
                "total": 0.01
            },
            {
                "category": "EVILV",
                "total": 0.01
            },
            {
                "category": "IRTEH",
                "total": 0.01
            },
            {
                "category": "EBWOY",
                "total": 0.01
            },
            {
                "category": "UWETP",
                "total": 0.01
            }
        ],
        "recentActivity": [
            {
                "_id": "6a3774437239ad08158b3fd7",
                "user": "6a351082da1b125a5c4644c3",
                "description": "FAHNJ",
                "notes": "SKPMWESXAAFMIIYGUDSDHQKFIGCDDWSGVCVFSQBHIVNXSWRRNWTOCHBORLRDFWACTJANEWNLRVBEQCUDYJBVYVFIIWFUXIYWGSVEEMJQBLPVIPWUNURMWRYPTJSORUWOIAXRSKDRKRJJDUTMYYBAVBIIWCYWAALTFKBBSVTWDBKYMMWFMNYEXXJWWFSJANJUNRUYDAFJKYRTRSAQFIRAPRUPDWRBKLMMELHCAKOGSJSEUIBQEKAWJGXXMYCPQWQMLPCHKALKQLVFBHDMPGOWFHSVRJBNVOULPGIWOJQIYFEKNQXDOAYIUIOVRRGEVAFXRCECDYXUIFJGAISQDQDIEAXXORQWFWCMENKJYKXYPHIGDDOGWETGNXDDDPKDBSBOEJNDVIEDHSKBBOHGUWLPDXCJBIWVNGOIIEFUHPURDGWIWHDKOGJOPBEUTVSUEWROAEAAPISDGWVGRFHQPHQTFFUFDPHHYSAFALSGSPWUVCCKMQUYQDAA",
                "amount": 0.01,
                "type": "income",
                "category": "LGCJY",
                "date": "2026-06-21T05:18:59.000Z",
                "__v": 0
            },
            {
                "_id": "6a3774437239ad08158b3fd5",
                "user": "6a351082da1b125a5c4644c3",
                "description": "JAHJM",
                "notes": "SKPMWESXAAFMIIYGUDSDHQKFIGCDDWSGVCVFSQBHIVNXSWRRNWTOCHBORLRDFWACTJANEWNLRVBEQCUDYJBVYVFIIWFUXIYWGSVEEMJQBLPVIPWUNURMWRYPTJSORUWOIAXRSKDRKRJJDUTMYYBAVBIIWCYWAALTFKBBSVTWDBKYMMWFMNYEXXJWWFSJANJUNRUYDAFJKYRTRSAQFIRAPRUPDWRBKLMMELHCAKOGSJSEUIBQEKAWJGXXMYCPQWQMLPCHKALKQLVFBHDMPGOWFHSVRJBNVOULPGIWOJQIYFEKNQXDOAYIUIOVRRGEVAFXRCECDYXUIFJGAISQDQDIEAXXORQWFWCMENKJYKXYPHIGDDOGWETGNXDDDPKDBSBOEJNDVIEDHSKBBOHGUWLPDXCJBIWVNGOIIEFUHPURDGWIWHDKOGJOPBEUTVSUEWROAEAAPISDGWVGRFHQPHQTFFUFDPHHYSAFALSGSPWUVCCKMQUYQDAA",
                "amount": 1.6063364697220762E308,
                "type": "expense",
                "category": "R",
                "date": "2026-06-21T05:18:59.000Z",
                "__v": 0
            },
            {
                "_id": "6a3774437239ad08158b3fdb",
                "user": "6a351082da1b125a5c4644c3",
                "description": "DTUVP",
                "notes": "SKPMWESXAAFMIIYGUDSDHQKFIGCDDWSGVCVFSQBHIVNXSWRRNWTOCHBORLRDFWACTJANEWNLRVBEQCUDYJBVYVFIIWFUXIYWGSVEEMJQBLPVIPWUNURMWRYPTJSORUWOIAXRSKDRKRJJDUTMYYBAVBIIWCYWAALTFKBBSVTWDBKYMMWFMNYEXXJWWFSJANJUNRUYDAFJKYRTRSAQFIRAPRUPDWRBKLMMELHCAKOGSJSEUIBQEKAWJGXXMYCPQWQMLPCHKALKQLVFBHDMPGOWFHSVRJBNVOULPGIWOJQIYFEKNQXDOAYIUIOVRRGEVAFXRCECDYXUIFJGAISQDQDIEAXXORQWFWCMENKJYKXYPHIGDDOGWETGNXDDDPKDBSBOEJNDVIEDHSKBBOHGUWLPDXCJBIWVNGOIIEFUHPURDGWIWHDKOGJOPBEUTVSUEWROAEAAPISDGWVGRFHQPHQTFFUFDPHHYSAFALSGSPWUVCCKMQUYQDAA",
                "amount": 0.01,
                "type": "expense",
                "category": "NJKRS",
                "date": "2026-06-21T05:18:59.000Z",
                "__v": 0
            },
            {
                "_id": "6a3774437239ad08158b3fd9",
                "user": "6a351082da1b125a5c4644c3",
                "description": "XNSKX",
                "notes": "SKPMWESXAAFMIIYGUDSDHQKFIGCDDWSGVCVFSQBHIVNXSWRRNWTOCHBORLRDFWACTJANEWNLRVBEQCUDYJBVYVFIIWFUXIYWGSVEEMJQBLPVIPWUNURMWRYPTJSORUWOIAXRSKDRKRJJDUTMYYBAVBIIWCYWAALTFKBBSVTWDBKYMMWFMNYEXXJWWFSJANJUNRUYDAFJKYRTRSAQFIRAPRUPDWRBKLMMELHCAKOGSJSEUIBQEKAWJGXXMYCPQWQMLPCHKALKQLVFBHDMPGOWFHSVRJBNVOULPGIWOJQIYFEKNQXDOAYIUIOVRRGEVAFXRCECDYXUIFJGAISQDQDIEAXXORQWFWCMENKJYKXYPHIGDDOGWETGNXDDDPKDBSBOEJNDVIEDHSKBBOHGUWLPDXCJBIWVNGOIIEFUHPURDGWIWHDKOGJOPBEUTVSUEWROAEAAPISDGWVGRFHQPHQTFFUFDPHHYSAFALSGSPWUVCCKMQUYQDAA",
                "amount": 0.01,
                "type": "income",
                "category": "N",
                "date": "2026-06-21T05:18:59.000Z",
                "__v": 0
            },
            {
                "_id": "6a3774437239ad08158b3fd3",
                "user": "6a351082da1b125a5c4644c3",
                "description": "YNNPQ",
                "notes": "SKPMWESXAAFMIIYGUDSDHQKFIGCDDWSGVCVFSQBHIVNXSWRRNWTOCHBORLRDFWACTJANEWNLRVBEQCUDYJBVYVFIIWFUXIYWGSVEEMJQBLPVIPWUNURMWRYPTJSORUWOIAXRSKDRKRJJDUTMYYBAVBIIWCYWAALTFKBBSVTWDBKYMMWFMNYEXXJWWFSJANJUNRUYDAFJKYRTRSAQFIRAPRUPDWRBKLMMELHCAKOGSJSEUIBQEKAWJGXXMYCPQWQMLPCHKALKQLVFBHDMPGOWFHSVRJBNVOULPGIWOJQIYFEKNQXDOAYIUIOVRRGEVAFXRCECDYXUIFJGAISQDQDIEAXXORQWFWCMENKJYKXYPHIGDDOGWETGNXDDDPKDBSBOEJNDVIEDHSKBBOHGUWLPDXCJBIWVNGOIIEFUHPURDGWIWHDKOGJOPBEUTVSUEWROAEAAPISDGWVGRFHQPHQTFFUFDPHHYSAFALSGSPWUVCCKMQUYQDAA",
                "amount": 1.178940991389686E308,
                "type": "expense",
                "category": "HYFVQ",
                "date": "2026-06-21T05:18:59.000Z",
                "__v": 0
            }
        ],
        "monthlyTrends": [
            {
                "year": 2026,
                "month": 6,
                "income": null,
                "expense": null,
                "net": null
            }
        ]
    }

Scenario: GET /api/transactions/summary -> 200 has FAILED
Reason:
Testing scenario "Get transaction summary. Response: Transaction summary retrieved successfully"
API: GET /api/transactions/summary -> 200

  >> RESPONSE.BODY.totalIncome
  
      R2003: Unknown property
      Documentation: https://docs.specmatic.io/rules#r2003
      Summary: A property was found that is not defined in the specification
  
      Property "totalIncome" in the response was not in the specification
  
  >> RESPONSE.BODY.totalExpenses
  
      R2003: Unknown property
      Documentation: https://docs.specmatic.io/rules#r2003
      Summary: A property was found that is not defined in the specification
  
      Property "totalExpenses" in the response was not in the specification
  
  >> RESPONSE.BODY.netBalance
  
      R2003: Unknown property
      Documentation: https://docs.specmatic.io/rules#r2003
      Summary: A property was found that is not defined in the specification
  
      Property "netBalance" in the response was not in the specification
  
  >> RESPONSE.BODY.categoryTotals
  
      R2003: Unknown property
      Documentation: https://docs.specmatic.io/rules#r2003
      Summary: A property was found that is not defined in the specification
  
      Property "categoryTotals" in the response was not in the specification
  
  >> RESPONSE.BODY.recentActivity
  
      R2003: Unknown property
      Documentation: https://docs.specmatic.io/rules#r2003
      Summary: A property was found that is not defined in the specification
  
      Property "recentActivity" in the response was not in the specification
  
  >> RESPONSE.BODY.monthlyTrends
  
      R2003: Unknown property
      Documentation: https://docs.specmatic.io/rules#r2003
      Summary: A property was found that is not defined in the specification
  
      Property "monthlyTrends" in the response was not in the specification



--------------------
  Skipping Scenario: GET /api/transactions/summary -> 401 (responseContentType application/json)
  T00002: Examples Required
  Documentation: https://docs.specmatic.io/rules#t00002
  Summary: This operation requires examples to run, but none were provided
  

--------------------
  Request to http://host.docker.internal:5000 at 2026-6-21 5:19:0.50
    PUT /api/transactions/GEXQD
    Authorization: Bearer PKNOM
    Specmatic-Response-Code: 200
    Host: host.docker.internal:5000
    Accept-Charset: UTF-8
    Accept: */*
    Content-Type: application/json
    
    {
        "description": "IMNXP",
        "notes": "NTUXG",
        "amount": 1.7630093681753184E308,
        "type": "income",
        "category": "FPSRI",
        "date": "2026-06-21T05:19:00Z"
    }

  Response at 2026-6-21 5:19:0.64
    400 Bad Request
    X-Powered-By: Express
    Access-Control-Allow-Origin: *
    Content-Type: application/json; charset=utf-8
    Content-Length: 32
    ETag: W/"20-buv/DdFoASll8v4Fs3z7TK2FX+I"
    Date: Sun, 21 Jun 2026 05:19:00 GMT
    Connection: keep-alive
    Keep-Alive: timeout=5
    
    {
        "msg": "Invalid transaction id"
    }

Scenario: PUT /api/transactions/(id:string) -> 200 with a request where REQUEST.BODY contains all the keys AND the key amount is set to a value within the specified bounds AND type is set to 'income' from enum has FAILED
Reason:
Testing scenario "Update a transaction. Response: Transaction updated successfully"
API: PUT /api/transactions/(id:string) -> 200

  >> RESPONSE.STATUS
  
      R0002: HTTP status mismatch
      Documentation: https://docs.specmatic.io/rules#r0002
      Summary: The HTTP status code does not match the expected status code defined in the specification
  
      Specification expected status 200 but response contained status 400



--------------------
  Request to http://host.docker.internal:5000 at 2026-6-21 5:19:0.71
    PUT /api/transactions/MLNDS
    Authorization: Bearer WCJPH
    Specmatic-Response-Code: 200
    Host: host.docker.internal:5000
    Accept-Charset: UTF-8
    Accept: */*
    Content-Type: application/json
    
    {
        "description": "YAVJBIQBOUYCSXUDQPBYWURKOTTCRESUQSYDTNHXXAHPBJRQVRNTQTJOYLWCTHODYAJFVATWWGCIILPIGJTODLQUGLTQTCIGNWMMSJADYUOVVGMTPDNNTTRTLYBXXREMUQCFXKTHAGJETHCOFGTPXXRDMJUWEXTVNJAMYLGHBCIORJRMQKXLMTBFVWNTEMRNUSRYDRJY",
        "notes": "AMKIFFMRQKRGGYGEHQXCQJBFTSHSFBWPARBAPPSQBFJCQDNKBMMWFWGWWKJGMJWREDTIFQUTNKPPJJVPNLLOELYAMAJTOHQFABOGJJOOOIGYLMUAGVIIGYMXTCNTYLHEVVBDXMXATOEWXWOXCODQYGSEVIHFRPEALHHJAORXOJBXSRMGYRRTEEBLKMIWETODWOFIJPERUFPPJPYVPIDUJVFCKAIXFGOINPCERRHJMFMUQHHGJMDBKCWGRLHFLLTFYKPAIFHKMLRSGPSHSALILQWRYYGMJDNMPEXWUEUBEHKBWRHBNOGVUBLLUSMBCPMJCPIRUAOSXTWMUIVEKFCKTVDEJCBENATJPLHXVMHKBNBCBMHAOSYAQGIYQGKCCHELKEGUQFVAOTVQGRAXWKBXETQEATQOWGJCCERICCTLPDVTUGQDKTGKFDVCANXTSCAGDMJHSLYBMMMPILSYHFIJGCNJXDAOJLBYPKAMHJVLVTFQCOBVOGJP",
        "amount": 0.01,
        "type": "expense",
        "category": "H",
        "date": "2026-06-21T05:19:00Z"
    }

  Response at 2026-6-21 5:19:0.85
    400 Bad Request
    X-Powered-By: Express
    Access-Control-Allow-Origin: *
    Content-Type: application/json; charset=utf-8
    Content-Length: 32
    ETag: W/"20-buv/DdFoASll8v4Fs3z7TK2FX+I"
    Date: Sun, 21 Jun 2026 05:19:00 GMT
    Connection: keep-alive
    Keep-Alive: timeout=5
    
    {
        "msg": "Invalid transaction id"
    }

Scenario: PUT /api/transactions/(id:string) -> 200 with a request where REQUEST.BODY contains all the keys AND the key description is set to the longest possible string AND notes is set to the longest possible string AND amount is set to the smallest possible value '0.01' AND type is set to 'expense' from enum AND category is set to the shortest possible string has FAILED
Reason:
Testing scenario "Update a transaction. Response: Transaction updated successfully"
API: PUT /api/transactions/(id:string) -> 200

  >> RESPONSE.STATUS
  
      R0002: HTTP status mismatch
      Documentation: https://docs.specmatic.io/rules#r0002
      Summary: The HTTP status code does not match the expected status code defined in the specification
  
      Specification expected status 200 but response contained status 400



--------------------
  Request to http://host.docker.internal:5000 at 2026-6-21 5:19:0.93
    PUT /api/transactions/TBQNR
    Authorization: Bearer VRGUP
    Specmatic-Response-Code: 200
    Host: host.docker.internal:5000
    Accept-Charset: UTF-8
    Accept: */*
    Content-Type: application/json
    
    {
        "description": "USHNF",
        "notes": "BPGGB",
        "amount": 9.807972981005985E307,
        "type": "income",
        "category": "Q",
        "date": "2026-06-21T05:19:00Z"
    }

  Response at 2026-6-21 5:19:0.108
    400 Bad Request
    X-Powered-By: Express
    Access-Control-Allow-Origin: *
    Content-Type: application/json; charset=utf-8
    Content-Length: 32
    ETag: W/"20-buv/DdFoASll8v4Fs3z7TK2FX+I"
    Date: Sun, 21 Jun 2026 05:19:00 GMT
    Connection: keep-alive
    Keep-Alive: timeout=5
    
    {
        "msg": "Invalid transaction id"
    }

Scenario: PUT /api/transactions/(id:string) -> 200 with a request where REQUEST.BODY contains all the keys AND the key amount is set to a value within the specified bounds AND type is set to 'income' from enum AND category is set to the shortest possible string has FAILED
Reason:
Testing scenario "Update a transaction. Response: Transaction updated successfully"
API: PUT /api/transactions/(id:string) -> 200

  >> RESPONSE.STATUS
  
      R0002: HTTP status mismatch
      Documentation: https://docs.specmatic.io/rules#r0002
      Summary: The HTTP status code does not match the expected status code defined in the specification
  
      Specification expected status 200 but response contained status 400



--------------------
  Request to http://host.docker.internal:5000 at 2026-6-21 5:19:0.117
    PUT /api/transactions/BEFAL
    Authorization: Bearer FEESB
    Specmatic-Response-Code: 200
    Host: host.docker.internal:5000
    Accept-Charset: UTF-8
    Accept: */*
    Content-Type: application/json
    
    {
        "description": "BJQBI",
        "notes": "WRWVL",
        "amount": 9.27687296012663E307,
        "type": "expense",
        "category": "EWSAB",
        "date": "2026-06-21T05:19:00Z"
    }

  Response at 2026-6-21 5:19:0.133
    400 Bad Request
    X-Powered-By: Express
    Access-Control-Allow-Origin: *
    Content-Type: application/json; charset=utf-8
    Content-Length: 32
    ETag: W/"20-buv/DdFoASll8v4Fs3z7TK2FX+I"
    Date: Sun, 21 Jun 2026 05:19:00 GMT
    Connection: keep-alive
    Keep-Alive: timeout=5
    
    {
        "msg": "Invalid transaction id"
    }

Scenario: PUT /api/transactions/(id:string) -> 200 with a request where REQUEST.BODY contains all the keys AND the key amount is set to a value within the specified bounds AND type is set to 'expense' from enum has FAILED
Reason:
Testing scenario "Update a transaction. Response: Transaction updated successfully"
API: PUT /api/transactions/(id:string) -> 200

  >> RESPONSE.STATUS
  
      R0002: HTTP status mismatch
      Documentation: https://docs.specmatic.io/rules#r0002
      Summary: The HTTP status code does not match the expected status code defined in the specification
  
      Specification expected status 200 but response contained status 400



--------------------
  Request to http://host.docker.internal:5000 at 2026-6-21 5:19:0.141
    PUT /api/transactions/CUGPT
    Authorization: Bearer NRAPI
    Specmatic-Response-Code: 200
    Host: host.docker.internal:5000
    Accept-Charset: UTF-8
    Accept: */*
    Content-Type: application/json
    
    {
        "description": "HQPTQ",
        "notes": "DXPBA",
        "amount": 2.7748715576552624E307,
        "type": "expense",
        "category": "N",
        "date": "2026-06-21T05:19:00Z"
    }

  Response at 2026-6-21 5:19:0.160
    400 Bad Request
    X-Powered-By: Express
    Access-Control-Allow-Origin: *
    Content-Type: application/json; charset=utf-8
    Content-Length: 32
    ETag: W/"20-buv/DdFoASll8v4Fs3z7TK2FX+I"
    Date: Sun, 21 Jun 2026 05:19:00 GMT
    Connection: keep-alive
    Keep-Alive: timeout=5
    
    {
        "msg": "Invalid transaction id"
    }

Scenario: PUT /api/transactions/(id:string) -> 200 with a request where REQUEST.BODY contains all the keys AND the key amount is set to a value within the specified bounds AND type is set to 'expense' from enum AND category is set to the shortest possible string has FAILED
Reason:
Testing scenario "Update a transaction. Response: Transaction updated successfully"
API: PUT /api/transactions/(id:string) -> 200

  >> RESPONSE.STATUS
  
      R0002: HTTP status mismatch
      Documentation: https://docs.specmatic.io/rules#r0002
      Summary: The HTTP status code does not match the expected status code defined in the specification
  
      Specification expected status 200 but response contained status 400



--------------------
  Request to http://host.docker.internal:5000 at 2026-6-21 5:19:0.168
    PUT /api/transactions/LFUKO
    Authorization: Bearer AJDMU
    Specmatic-Response-Code: 200
    Host: host.docker.internal:5000
    Accept-Charset: UTF-8
    Accept: */*
    Content-Type: application/json
    
    {
        "description": "WXTAQ",
        "notes": "QDTIY",
        "amount": 0.01,
        "type": "income",
        "category": "PFLJU",
        "date": "2026-06-21T05:19:00Z"
    }

  Response at 2026-6-21 5:19:0.185
    400 Bad Request
    X-Powered-By: Express
    Access-Control-Allow-Origin: *
    Content-Type: application/json; charset=utf-8
    Content-Length: 32
    ETag: W/"20-buv/DdFoASll8v4Fs3z7TK2FX+I"
    Date: Sun, 21 Jun 2026 05:19:00 GMT
    Connection: keep-alive
    Keep-Alive: timeout=5
    
    {
        "msg": "Invalid transaction id"
    }

Scenario: PUT /api/transactions/(id:string) -> 200 with a request where REQUEST.BODY contains all the keys AND the key amount is set to the smallest possible value '0.01' AND type is set to 'income' from enum has FAILED
Reason:
Testing scenario "Update a transaction. Response: Transaction updated successfully"
API: PUT /api/transactions/(id:string) -> 200

  >> RESPONSE.STATUS
  
      R0002: HTTP status mismatch
      Documentation: https://docs.specmatic.io/rules#r0002
      Summary: The HTTP status code does not match the expected status code defined in the specification
  
      Specification expected status 200 but response contained status 400



--------------------
  Request to http://host.docker.internal:5000 at 2026-6-21 5:19:0.192
    PUT /api/transactions/PVYPM
    Authorization: Bearer IASCH
    Specmatic-Response-Code: 200
    Host: host.docker.internal:5000
    Accept-Charset: UTF-8
    Accept: */*
    Content-Type: application/json
    
    {
        "description": "KIXLA",
        "notes": "DLHRN",
        "amount": 0.01,
        "type": "income",
        "category": "Y",
        "date": "2026-06-21T05:19:00Z"
    }

  Response at 2026-6-21 5:19:0.207
    400 Bad Request
    X-Powered-By: Express
    Access-Control-Allow-Origin: *
    Content-Type: application/json; charset=utf-8
    Content-Length: 32
    ETag: W/"20-buv/DdFoASll8v4Fs3z7TK2FX+I"
    Date: Sun, 21 Jun 2026 05:19:00 GMT
    Connection: keep-alive
    Keep-Alive: timeout=5
    
    {
        "msg": "Invalid transaction id"
    }

Scenario: PUT /api/transactions/(id:string) -> 200 with a request where REQUEST.BODY contains all the keys AND the key amount is set to the smallest possible value '0.01' AND type is set to 'income' from enum AND category is set to the shortest possible string has FAILED
Reason:
Testing scenario "Update a transaction. Response: Transaction updated successfully"
API: PUT /api/transactions/(id:string) -> 200

  >> RESPONSE.STATUS
  
      R0002: HTTP status mismatch
      Documentation: https://docs.specmatic.io/rules#r0002
      Summary: The HTTP status code does not match the expected status code defined in the specification
  
      Specification expected status 200 but response contained status 400



--------------------
  Request to http://host.docker.internal:5000 at 2026-6-21 5:19:0.217
    PUT /api/transactions/XDUGY
    Authorization: Bearer NNILM
    Specmatic-Response-Code: 200
    Host: host.docker.internal:5000
    Accept-Charset: UTF-8
    Accept: */*
    Content-Type: application/json
    
    {
        "description": "CNOAT",
        "notes": "GNENI",
        "amount": 0.01,
        "type": "expense",
        "category": "PENTV",
        "date": "2026-06-21T05:19:00Z"
    }

  Response at 2026-6-21 5:19:0.230
    400 Bad Request
    X-Powered-By: Express
    Access-Control-Allow-Origin: *
    Content-Type: application/json; charset=utf-8
    Content-Length: 32
    ETag: W/"20-buv/DdFoASll8v4Fs3z7TK2FX+I"
    Date: Sun, 21 Jun 2026 05:19:00 GMT
    Connection: keep-alive
    Keep-Alive: timeout=5
    
    {
        "msg": "Invalid transaction id"
    }

Scenario: PUT /api/transactions/(id:string) -> 200 with a request where REQUEST.BODY contains all the keys AND the key amount is set to the smallest possible value '0.01' AND type is set to 'expense' from enum has FAILED
Reason:
Testing scenario "Update a transaction. Response: Transaction updated successfully"
API: PUT /api/transactions/(id:string) -> 200

  >> RESPONSE.STATUS
  
      R0002: HTTP status mismatch
      Documentation: https://docs.specmatic.io/rules#r0002
      Summary: The HTTP status code does not match the expected status code defined in the specification
  
      Specification expected status 200 but response contained status 400



--------------------
  Request to http://host.docker.internal:5000 at 2026-6-21 5:19:0.238
    PUT /api/transactions/VRBDP
    Authorization: Bearer ENOVM
    Specmatic-Response-Code: 200
    Host: host.docker.internal:5000
    Accept-Charset: UTF-8
    Accept: */*
    Content-Type: application/json
    
    {
        "description": "BSWSU",
        "notes": "INTSW",
        "amount": 0.01,
        "type": "expense",
        "category": "N",
        "date": "2026-06-21T05:19:00Z"
    }

  Response at 2026-6-21 5:19:0.252
    400 Bad Request
    X-Powered-By: Express
    Access-Control-Allow-Origin: *
    Content-Type: application/json; charset=utf-8
    Content-Length: 32
    ETag: W/"20-buv/DdFoASll8v4Fs3z7TK2FX+I"
    Date: Sun, 21 Jun 2026 05:19:00 GMT
    Connection: keep-alive
    Keep-Alive: timeout=5
    
    {
        "msg": "Invalid transaction id"
    }

Scenario: PUT /api/transactions/(id:string) -> 200 with a request where REQUEST.BODY contains all the keys AND the key amount is set to the smallest possible value '0.01' AND type is set to 'expense' from enum AND category is set to the shortest possible string has FAILED
Reason:
Testing scenario "Update a transaction. Response: Transaction updated successfully"
API: PUT /api/transactions/(id:string) -> 200

  >> RESPONSE.STATUS
  
      R0002: HTTP status mismatch
      Documentation: https://docs.specmatic.io/rules#r0002
      Summary: The HTTP status code does not match the expected status code defined in the specification
  
      Specification expected status 200 but response contained status 400



--------------------
  Request to http://host.docker.internal:5000 at 2026-6-21 5:19:0.258
    PUT /api/transactions/UXMYG
    Authorization: Bearer YXYSH
    Specmatic-Response-Code: 200
    Host: host.docker.internal:5000
    Accept-Charset: UTF-8
    Accept: */*
    Content-Type: application/json
    
    {
        "description": "UQADK",
        "notes": "KHVSXMDJQDBSHPTYFRYCSTMTHUDWKGVEFJUWKYIDCQXCRKGMYWSIOGVGVHPRPPOYYWNGNPJBFGRNVULKJHEURAMGSVHPGVTDNGGONLMVDINDCQNWGEIWMLSUDHGGMYUSRMGSLLDPCOYLFNUXRPCNAOBIDUTMFHOSDTXAATPGYYXGHYOKICQOHLUEUQSPUMRBRFNINOFVXHJLABBGYSMSKAGVBCLKQNDHDKJPXCUHADSUMPRWLLAVJFUNEBLBQODRPQBBTVLNBXGSBLGFMLMTRWELCNOKIFWECYLUCFCPVSQDEDTQFOJPPYBMCLKEVDQFGAAWVFJHJDRBPACYNCPJCLYRFNAQVLFQLWOELLNKQVRDORRVANPXMGAHXONOQKFHEFHIPQLILDLNANRVWJOBAUQYLCJUFTWOGRBFTWNRRHJDEBTMLGGVOHIDKKHTLNXJYJKAHSJCFFFJUCVKMCVSWVOSEKEUWFFNYYXMPFQKNCGXPTEWWHDB",
        "amount": 2.3515171605524097E306,
        "type": "income",
        "category": "DFLNL",
        "date": "2026-06-21T05:19:00Z"
    }

  Response at 2026-6-21 5:19:0.272
    400 Bad Request
    X-Powered-By: Express
    Access-Control-Allow-Origin: *
    Content-Type: application/json; charset=utf-8
    Content-Length: 32
    ETag: W/"20-buv/DdFoASll8v4Fs3z7TK2FX+I"
    Date: Sun, 21 Jun 2026 05:19:00 GMT
    Connection: keep-alive
    Keep-Alive: timeout=5
    
    {
        "msg": "Invalid transaction id"
    }

Scenario: PUT /api/transactions/(id:string) -> 200 with a request where REQUEST.BODY contains all the keys AND the key notes is set to the longest possible string AND amount is set to a value within the specified bounds AND type is set to 'income' from enum has FAILED
Reason:
Testing scenario "Update a transaction. Response: Transaction updated successfully"
API: PUT /api/transactions/(id:string) -> 200

  >> RESPONSE.STATUS
  
      R0002: HTTP status mismatch
      Documentation: https://docs.specmatic.io/rules#r0002
      Summary: The HTTP status code does not match the expected status code defined in the specification
  
      Specification expected status 200 but response contained status 400



--------------------
  Request to http://host.docker.internal:5000 at 2026-6-21 5:19:0.279
    PUT /api/transactions/TLDGA
    Authorization: Bearer HBCLL
    Specmatic-Response-Code: 200
    Host: host.docker.internal:5000
    Accept-Charset: UTF-8
    Accept: */*
    Content-Type: application/json
    
    {
        "description": "QMYGT",
        "notes": "KHVSXMDJQDBSHPTYFRYCSTMTHUDWKGVEFJUWKYIDCQXCRKGMYWSIOGVGVHPRPPOYYWNGNPJBFGRNVULKJHEURAMGSVHPGVTDNGGONLMVDINDCQNWGEIWMLSUDHGGMYUSRMGSLLDPCOYLFNUXRPCNAOBIDUTMFHOSDTXAATPGYYXGHYOKICQOHLUEUQSPUMRBRFNINOFVXHJLABBGYSMSKAGVBCLKQNDHDKJPXCUHADSUMPRWLLAVJFUNEBLBQODRPQBBTVLNBXGSBLGFMLMTRWELCNOKIFWECYLUCFCPVSQDEDTQFOJPPYBMCLKEVDQFGAAWVFJHJDRBPACYNCPJCLYRFNAQVLFQLWOELLNKQVRDORRVANPXMGAHXONOQKFHEFHIPQLILDLNANRVWJOBAUQYLCJUFTWOGRBFTWNRRHJDEBTMLGGVOHIDKKHTLNXJYJKAHSJCFFFJUCVKMCVSWVOSEKEUWFFNYYXMPFQKNCGXPTEWWHDB",
        "amount": 3.556382982148442E307,
        "type": "income",
        "category": "S",
        "date": "2026-06-21T05:19:00Z"
    }

  Response at 2026-6-21 5:19:0.294
    400 Bad Request
    X-Powered-By: Express
    Access-Control-Allow-Origin: *
    Content-Type: application/json; charset=utf-8
    Content-Length: 32
    ETag: W/"20-buv/DdFoASll8v4Fs3z7TK2FX+I"
    Date: Sun, 21 Jun 2026 05:19:00 GMT
    Connection: keep-alive
    Keep-Alive: timeout=5
    
    {
        "msg": "Invalid transaction id"
    }

Scenario: PUT /api/transactions/(id:string) -> 200 with a request where REQUEST.BODY contains all the keys AND the key notes is set to the longest possible string AND amount is set to a value within the specified bounds AND type is set to 'income' from enum AND category is set to the shortest possible string has FAILED
Reason:
Testing scenario "Update a transaction. Response: Transaction updated successfully"
API: PUT /api/transactions/(id:string) -> 200

  >> RESPONSE.STATUS
  
      R0002: HTTP status mismatch
      Documentation: https://docs.specmatic.io/rules#r0002
      Summary: The HTTP status code does not match the expected status code defined in the specification
  
      Specification expected status 200 but response contained status 400



--------------------
  Request to http://host.docker.internal:5000 at 2026-6-21 5:19:0.304
    PUT /api/transactions/OVDYW
    Authorization: Bearer NABTL
    Specmatic-Response-Code: 200
    Host: host.docker.internal:5000
    Accept-Charset: UTF-8
    Accept: */*
    Content-Type: application/json
    
    {
        "description": "GCTUU",
        "notes": "KHVSXMDJQDBSHPTYFRYCSTMTHUDWKGVEFJUWKYIDCQXCRKGMYWSIOGVGVHPRPPOYYWNGNPJBFGRNVULKJHEURAMGSVHPGVTDNGGONLMVDINDCQNWGEIWMLSUDHGGMYUSRMGSLLDPCOYLFNUXRPCNAOBIDUTMFHOSDTXAATPGYYXGHYOKICQOHLUEUQSPUMRBRFNINOFVXHJLABBGYSMSKAGVBCLKQNDHDKJPXCUHADSUMPRWLLAVJFUNEBLBQODRPQBBTVLNBXGSBLGFMLMTRWELCNOKIFWECYLUCFCPVSQDEDTQFOJPPYBMCLKEVDQFGAAWVFJHJDRBPACYNCPJCLYRFNAQVLFQLWOELLNKQVRDORRVANPXMGAHXONOQKFHEFHIPQLILDLNANRVWJOBAUQYLCJUFTWOGRBFTWNRRHJDEBTMLGGVOHIDKKHTLNXJYJKAHSJCFFFJUCVKMCVSWVOSEKEUWFFNYYXMPFQKNCGXPTEWWHDB",
        "amount": 1.7266393230364074E307,
        "type": "expense",
        "category": "HHXTR",
        "date": "2026-06-21T05:19:00Z"
    }

  Response at 2026-6-21 5:19:0.322
    400 Bad Request
    X-Powered-By: Express
    Access-Control-Allow-Origin: *
    Content-Type: application/json; charset=utf-8
    Content-Length: 32
    ETag: W/"20-buv/DdFoASll8v4Fs3z7TK2FX+I"
    Date: Sun, 21 Jun 2026 05:19:00 GMT
    Connection: keep-alive
    Keep-Alive: timeout=5
    
    {
        "msg": "Invalid transaction id"
    }

Scenario: PUT /api/transactions/(id:string) -> 200 with a request where REQUEST.BODY contains all the keys AND the key notes is set to the longest possible string AND amount is set to a value within the specified bounds AND type is set to 'expense' from enum has FAILED
Reason:
Testing scenario "Update a transaction. Response: Transaction updated successfully"
API: PUT /api/transactions/(id:string) -> 200

  >> RESPONSE.STATUS
  
      R0002: HTTP status mismatch
      Documentation: https://docs.specmatic.io/rules#r0002
      Summary: The HTTP status code does not match the expected status code defined in the specification
  
      Specification expected status 200 but response contained status 400



--------------------
  Request to http://host.docker.internal:5000 at 2026-6-21 5:19:0.331
    PUT /api/transactions/YBRNV
    Authorization: Bearer HPIMP
    Specmatic-Response-Code: 200
    Host: host.docker.internal:5000
    Accept-Charset: UTF-8
    Accept: */*
    Content-Type: application/json
    
    {
        "description": "RKSOU",
        "notes": "KHVSXMDJQDBSHPTYFRYCSTMTHUDWKGVEFJUWKYIDCQXCRKGMYWSIOGVGVHPRPPOYYWNGNPJBFGRNVULKJHEURAMGSVHPGVTDNGGONLMVDINDCQNWGEIWMLSUDHGGMYUSRMGSLLDPCOYLFNUXRPCNAOBIDUTMFHOSDTXAATPGYYXGHYOKICQOHLUEUQSPUMRBRFNINOFVXHJLABBGYSMSKAGVBCLKQNDHDKJPXCUHADSUMPRWLLAVJFUNEBLBQODRPQBBTVLNBXGSBLGFMLMTRWELCNOKIFWECYLUCFCPVSQDEDTQFOJPPYBMCLKEVDQFGAAWVFJHJDRBPACYNCPJCLYRFNAQVLFQLWOELLNKQVRDORRVANPXMGAHXONOQKFHEFHIPQLILDLNANRVWJOBAUQYLCJUFTWOGRBFTWNRRHJDEBTMLGGVOHIDKKHTLNXJYJKAHSJCFFFJUCVKMCVSWVOSEKEUWFFNYYXMPFQKNCGXPTEWWHDB",
        "amount": 7.133224101392456E306,
        "type": "expense",
        "category": "H",
        "date": "2026-06-21T05:19:00Z"
    }

  Response at 2026-6-21 5:19:0.348
    400 Bad Request
    X-Powered-By: Express
    Access-Control-Allow-Origin: *
    Content-Type: application/json; charset=utf-8
    Content-Length: 32
    ETag: W/"20-buv/DdFoASll8v4Fs3z7TK2FX+I"
    Date: Sun, 21 Jun 2026 05:19:00 GMT
    Connection: keep-alive
    Keep-Alive: timeout=5
    
    {
        "msg": "Invalid transaction id"
    }

Scenario: PUT /api/transactions/(id:string) -> 200 with a request where REQUEST.BODY contains all the keys AND the key notes is set to the longest possible string AND amount is set to a value within the specified bounds AND type is set to 'expense' from enum AND category is set to the shortest possible string has FAILED
Reason:
Testing scenario "Update a transaction. Response: Transaction updated successfully"
API: PUT /api/transactions/(id:string) -> 200

  >> RESPONSE.STATUS
  
      R0002: HTTP status mismatch
      Documentation: https://docs.specmatic.io/rules#r0002
      Summary: The HTTP status code does not match the expected status code defined in the specification
  
      Specification expected status 200 but response contained status 400



--------------------
  Request to http://host.docker.internal:5000 at 2026-6-21 5:19:0.367
    PUT /api/transactions/PSELE
    Authorization: Bearer JEQTT
    Specmatic-Response-Code: 200
    Host: host.docker.internal:5000
    Accept-Charset: UTF-8
    Accept: */*
    Content-Type: application/json
    
    {
        "description": "RXEHJ",
        "notes": "KHVSXMDJQDBSHPTYFRYCSTMTHUDWKGVEFJUWKYIDCQXCRKGMYWSIOGVGVHPRPPOYYWNGNPJBFGRNVULKJHEURAMGSVHPGVTDNGGONLMVDINDCQNWGEIWMLSUDHGGMYUSRMGSLLDPCOYLFNUXRPCNAOBIDUTMFHOSDTXAATPGYYXGHYOKICQOHLUEUQSPUMRBRFNINOFVXHJLABBGYSMSKAGVBCLKQNDHDKJPXCUHADSUMPRWLLAVJFUNEBLBQODRPQBBTVLNBXGSBLGFMLMTRWELCNOKIFWECYLUCFCPVSQDEDTQFOJPPYBMCLKEVDQFGAAWVFJHJDRBPACYNCPJCLYRFNAQVLFQLWOELLNKQVRDORRVANPXMGAHXONOQKFHEFHIPQLILDLNANRVWJOBAUQYLCJUFTWOGRBFTWNRRHJDEBTMLGGVOHIDKKHTLNXJYJKAHSJCFFFJUCVKMCVSWVOSEKEUWFFNYYXMPFQKNCGXPTEWWHDB",
        "amount": 0.01,
        "type": "income",
        "category": "WGHWQ",
        "date": "2026-06-21T05:19:00Z"
    }

  Response at 2026-6-21 5:19:0.384
    400 Bad Request
    X-Powered-By: Express
    Access-Control-Allow-Origin: *
    Content-Type: application/json; charset=utf-8
    Content-Length: 32
    ETag: W/"20-buv/DdFoASll8v4Fs3z7TK2FX+I"
    Date: Sun, 21 Jun 2026 05:19:00 GMT
    Connection: keep-alive
    Keep-Alive: timeout=5
    
    {
        "msg": "Invalid transaction id"
    }

Scenario: PUT /api/transactions/(id:string) -> 200 with a request where REQUEST.BODY contains all the keys AND the key notes is set to the longest possible string AND amount is set to the smallest possible value '0.01' AND type is set to 'income' from enum has FAILED
Reason:
Testing scenario "Update a transaction. Response: Transaction updated successfully"
API: PUT /api/transactions/(id:string) -> 200

  >> RESPONSE.STATUS
  
      R0002: HTTP status mismatch
      Documentation: https://docs.specmatic.io/rules#r0002
      Summary: The HTTP status code does not match the expected status code defined in the specification
  
      Specification expected status 200 but response contained status 400



--------------------
  Request to http://host.docker.internal:5000 at 2026-6-21 5:19:0.390
    PUT /api/transactions/SMEIL
    Authorization: Bearer UYCPN
    Specmatic-Response-Code: 200
    Host: host.docker.internal:5000
    Accept-Charset: UTF-8
    Accept: */*
    Content-Type: application/json
    
    {
        "description": "QEAPW",
        "notes": "KHVSXMDJQDBSHPTYFRYCSTMTHUDWKGVEFJUWKYIDCQXCRKGMYWSIOGVGVHPRPPOYYWNGNPJBFGRNVULKJHEURAMGSVHPGVTDNGGONLMVDINDCQNWGEIWMLSUDHGGMYUSRMGSLLDPCOYLFNUXRPCNAOBIDUTMFHOSDTXAATPGYYXGHYOKICQOHLUEUQSPUMRBRFNINOFVXHJLABBGYSMSKAGVBCLKQNDHDKJPXCUHADSUMPRWLLAVJFUNEBLBQODRPQBBTVLNBXGSBLGFMLMTRWELCNOKIFWECYLUCFCPVSQDEDTQFOJPPYBMCLKEVDQFGAAWVFJHJDRBPACYNCPJCLYRFNAQVLFQLWOELLNKQVRDORRVANPXMGAHXONOQKFHEFHIPQLILDLNANRVWJOBAUQYLCJUFTWOGRBFTWNRRHJDEBTMLGGVOHIDKKHTLNXJYJKAHSJCFFFJUCVKMCVSWVOSEKEUWFFNYYXMPFQKNCGXPTEWWHDB",
        "amount": 0.01,
        "type": "income",
        "category": "G",
        "date": "2026-06-21T05:19:00Z"
    }

  Response at 2026-6-21 5:19:0.409
    400 Bad Request
    X-Powered-By: Express
    Access-Control-Allow-Origin: *
    Content-Type: application/json; charset=utf-8
    Content-Length: 32
    ETag: W/"20-buv/DdFoASll8v4Fs3z7TK2FX+I"
    Date: Sun, 21 Jun 2026 05:19:00 GMT
    Connection: keep-alive
    Keep-Alive: timeout=5
    
    {
        "msg": "Invalid transaction id"
    }

Scenario: PUT /api/transactions/(id:string) -> 200 with a request where REQUEST.BODY contains all the keys AND the key notes is set to the longest possible string AND amount is set to the smallest possible value '0.01' AND type is set to 'income' from enum AND category is set to the shortest possible string has FAILED
Reason:
Testing scenario "Update a transaction. Response: Transaction updated successfully"
API: PUT /api/transactions/(id:string) -> 200

  >> RESPONSE.STATUS
  
      R0002: HTTP status mismatch
      Documentation: https://docs.specmatic.io/rules#r0002
      Summary: The HTTP status code does not match the expected status code defined in the specification
  
      Specification expected status 200 but response contained status 400



--------------------
  Request to http://host.docker.internal:5000 at 2026-6-21 5:19:0.418
    PUT /api/transactions/GEUJW
    Authorization: Bearer ENLKJ
    Specmatic-Response-Code: 200
    Host: host.docker.internal:5000
    Accept-Charset: UTF-8
    Accept: */*
    Content-Type: application/json
    
    {
        "description": "EGXXY",
        "notes": "KHVSXMDJQDBSHPTYFRYCSTMTHUDWKGVEFJUWKYIDCQXCRKGMYWSIOGVGVHPRPPOYYWNGNPJBFGRNVULKJHEURAMGSVHPGVTDNGGONLMVDINDCQNWGEIWMLSUDHGGMYUSRMGSLLDPCOYLFNUXRPCNAOBIDUTMFHOSDTXAATPGYYXGHYOKICQOHLUEUQSPUMRBRFNINOFVXHJLABBGYSMSKAGVBCLKQNDHDKJPXCUHADSUMPRWLLAVJFUNEBLBQODRPQBBTVLNBXGSBLGFMLMTRWELCNOKIFWECYLUCFCPVSQDEDTQFOJPPYBMCLKEVDQFGAAWVFJHJDRBPACYNCPJCLYRFNAQVLFQLWOELLNKQVRDORRVANPXMGAHXONOQKFHEFHIPQLILDLNANRVWJOBAUQYLCJUFTWOGRBFTWNRRHJDEBTMLGGVOHIDKKHTLNXJYJKAHSJCFFFJUCVKMCVSWVOSEKEUWFFNYYXMPFQKNCGXPTEWWHDB",
        "amount": 0.01,
        "type": "expense",
        "category": "RIRJG",
        "date": "2026-06-21T05:19:00Z"
    }

  Response at 2026-6-21 5:19:0.433
    400 Bad Request
    X-Powered-By: Express
    Access-Control-Allow-Origin: *
    Content-Type: application/json; charset=utf-8
    Content-Length: 32
    ETag: W/"20-buv/DdFoASll8v4Fs3z7TK2FX+I"
    Date: Sun, 21 Jun 2026 05:19:00 GMT
    Connection: keep-alive
    Keep-Alive: timeout=5
    
    {
        "msg": "Invalid transaction id"
    }

Scenario: PUT /api/transactions/(id:string) -> 200 with a request where REQUEST.BODY contains all the keys AND the key notes is set to the longest possible string AND amount is set to the smallest possible value '0.01' AND type is set to 'expense' from enum has FAILED
Reason:
Testing scenario "Update a transaction. Response: Transaction updated successfully"
API: PUT /api/transactions/(id:string) -> 200

  >> RESPONSE.STATUS
  
      R0002: HTTP status mismatch
      Documentation: https://docs.specmatic.io/rules#r0002
      Summary: The HTTP status code does not match the expected status code defined in the specification
  
      Specification expected status 200 but response contained status 400



--------------------
  Request to http://host.docker.internal:5000 at 2026-6-21 5:19:0.440
    PUT /api/transactions/WUDJU
    Authorization: Bearer DSYIA
    Specmatic-Response-Code: 200
    Host: host.docker.internal:5000
    Accept-Charset: UTF-8
    Accept: */*
    Content-Type: application/json
    
    {
        "description": "LSQQA",
        "notes": "KHVSXMDJQDBSHPTYFRYCSTMTHUDWKGVEFJUWKYIDCQXCRKGMYWSIOGVGVHPRPPOYYWNGNPJBFGRNVULKJHEURAMGSVHPGVTDNGGONLMVDINDCQNWGEIWMLSUDHGGMYUSRMGSLLDPCOYLFNUXRPCNAOBIDUTMFHOSDTXAATPGYYXGHYOKICQOHLUEUQSPUMRBRFNINOFVXHJLABBGYSMSKAGVBCLKQNDHDKJPXCUHADSUMPRWLLAVJFUNEBLBQODRPQBBTVLNBXGSBLGFMLMTRWELCNOKIFWECYLUCFCPVSQDEDTQFOJPPYBMCLKEVDQFGAAWVFJHJDRBPACYNCPJCLYRFNAQVLFQLWOELLNKQVRDORRVANPXMGAHXONOQKFHEFHIPQLILDLNANRVWJOBAUQYLCJUFTWOGRBFTWNRRHJDEBTMLGGVOHIDKKHTLNXJYJKAHSJCFFFJUCVKMCVSWVOSEKEUWFFNYYXMPFQKNCGXPTEWWHDB",
        "amount": 0.01,
        "type": "expense",
        "category": "M",
        "date": "2026-06-21T05:19:00Z"
    }

  Response at 2026-6-21 5:19:0.454
    400 Bad Request
    X-Powered-By: Express
    Access-Control-Allow-Origin: *
    Content-Type: application/json; charset=utf-8
    Content-Length: 32
    ETag: W/"20-buv/DdFoASll8v4Fs3z7TK2FX+I"
    Date: Sun, 21 Jun 2026 05:19:00 GMT
    Connection: keep-alive
    Keep-Alive: timeout=5
    
    {
        "msg": "Invalid transaction id"
    }

Scenario: PUT /api/transactions/(id:string) -> 200 with a request where REQUEST.BODY contains all the keys AND the key notes is set to the longest possible string AND amount is set to the smallest possible value '0.01' AND type is set to 'expense' from enum AND category is set to the shortest possible string has FAILED
Reason:
Testing scenario "Update a transaction. Response: Transaction updated successfully"
API: PUT /api/transactions/(id:string) -> 200

  >> RESPONSE.STATUS
  
      R0002: HTTP status mismatch
      Documentation: https://docs.specmatic.io/rules#r0002
      Summary: The HTTP status code does not match the expected status code defined in the specification
  
      Specification expected status 200 but response contained status 400



--------------------
  Request to http://host.docker.internal:5000 at 2026-6-21 5:19:0.464
    PUT /api/transactions/FOGLA
    Authorization: Bearer SRPJK
    Specmatic-Response-Code: 200
    Host: host.docker.internal:5000
    Accept-Charset: UTF-8
    Accept: */*
    Content-Type: application/json
    
    {
        "description": "DUOIYSMVEJAUGODOBNQKNCYPESWXETNCXKSIWICCULTRDAGSLLSPKDSWDKPIAHVWDNEXRYRLCROIKKVVKQKQGIHLSWJJETLXRSBBUWLJIHTTSWBLMSPLSMOWWNAEIKDXTWOPUDHMRERAWALVNJREWBFEEUIQGBNOOHRGOAXRGKLPIKTEPVAPOHXCROEEQMQRTPECCMMV",
        "notes": "UDLTR",
        "amount": 8.679466187516711E307,
        "type": "income",
        "category": "QFPEX",
        "date": "2026-06-21T05:19:00Z"
    }

  Response at 2026-6-21 5:19:0.478
    400 Bad Request
    X-Powered-By: Express
    Access-Control-Allow-Origin: *
    Content-Type: application/json; charset=utf-8
    Content-Length: 32
    ETag: W/"20-buv/DdFoASll8v4Fs3z7TK2FX+I"
    Date: Sun, 21 Jun 2026 05:19:00 GMT
    Connection: keep-alive
    Keep-Alive: timeout=5
    
    {
        "msg": "Invalid transaction id"
    }

Scenario: PUT /api/transactions/(id:string) -> 200 with a request where REQUEST.BODY contains all the keys AND the key description is set to the longest possible string AND amount is set to a value within the specified bounds AND type is set to 'income' from enum has FAILED
Reason:
Testing scenario "Update a transaction. Response: Transaction updated successfully"
API: PUT /api/transactions/(id:string) -> 200

  >> RESPONSE.STATUS
  
      R0002: HTTP status mismatch
      Documentation: https://docs.specmatic.io/rules#r0002
      Summary: The HTTP status code does not match the expected status code defined in the specification
  
      Specification expected status 200 but response contained status 400



--------------------
  Request to http://host.docker.internal:5000 at 2026-6-21 5:19:0.487
    PUT /api/transactions/XHNWM
    Authorization: Bearer SUWRE
    Specmatic-Response-Code: 200
    Host: host.docker.internal:5000
    Accept-Charset: UTF-8
    Accept: */*
    Content-Type: application/json
    
    {
        "description": "DUOIYSMVEJAUGODOBNQKNCYPESWXETNCXKSIWICCULTRDAGSLLSPKDSWDKPIAHVWDNEXRYRLCROIKKVVKQKQGIHLSWJJETLXRSBBUWLJIHTTSWBLMSPLSMOWWNAEIKDXTWOPUDHMRERAWALVNJREWBFEEUIQGBNOOHRGOAXRGKLPIKTEPVAPOHXCROEEQMQRTPECCMMV",
        "notes": "EVTPP",
        "amount": 1.188610036646808E308,
        "type": "income",
        "category": "R",
        "date": "2026-06-21T05:19:00Z"
    }

  Response at 2026-6-21 5:19:0.502
    400 Bad Request
    X-Powered-By: Express
    Access-Control-Allow-Origin: *
    Content-Type: application/json; charset=utf-8
    Content-Length: 32
    ETag: W/"20-buv/DdFoASll8v4Fs3z7TK2FX+I"
    Date: Sun, 21 Jun 2026 05:19:00 GMT
    Connection: keep-alive
    Keep-Alive: timeout=5
    
    {
        "msg": "Invalid transaction id"
    }

Scenario: PUT /api/transactions/(id:string) -> 200 with a request where REQUEST.BODY contains all the keys AND the key description is set to the longest possible string AND amount is set to a value within the specified bounds AND type is set to 'income' from enum AND category is set to the shortest possible string has FAILED
Reason:
Testing scenario "Update a transaction. Response: Transaction updated successfully"
API: PUT /api/transactions/(id:string) -> 200

  >> RESPONSE.STATUS
  
      R0002: HTTP status mismatch
      Documentation: https://docs.specmatic.io/rules#r0002
      Summary: The HTTP status code does not match the expected status code defined in the specification
  
      Specification expected status 200 but response contained status 400



--------------------
  Request to http://host.docker.internal:5000 at 2026-6-21 5:19:0.509
    PUT /api/transactions/UHDCN
    Authorization: Bearer PRLXB
    Specmatic-Response-Code: 200
    Host: host.docker.internal:5000
    Accept-Charset: UTF-8
    Accept: */*
    Content-Type: application/json
    
    {
        "description": "DUOIYSMVEJAUGODOBNQKNCYPESWXETNCXKSIWICCULTRDAGSLLSPKDSWDKPIAHVWDNEXRYRLCROIKKVVKQKQGIHLSWJJETLXRSBBUWLJIHTTSWBLMSPLSMOWWNAEIKDXTWOPUDHMRERAWALVNJREWBFEEUIQGBNOOHRGOAXRGKLPIKTEPVAPOHXCROEEQMQRTPECCMMV",
        "notes": "FMEMM",
        "amount": 1.7839175031290248E308,
        "type": "expense",
        "category": "FCLXB",
        "date": "2026-06-21T05:19:00Z"
    }

  Response at 2026-6-21 5:19:0.523
    400 Bad Request
    X-Powered-By: Express
    Access-Control-Allow-Origin: *
    Content-Type: application/json; charset=utf-8
    Content-Length: 32
    ETag: W/"20-buv/DdFoASll8v4Fs3z7TK2FX+I"
    Date: Sun, 21 Jun 2026 05:19:00 GMT
    Connection: keep-alive
    Keep-Alive: timeout=5
    
    {
        "msg": "Invalid transaction id"
    }

Scenario: PUT /api/transactions/(id:string) -> 200 with a request where REQUEST.BODY contains all the keys AND the key description is set to the longest possible string AND amount is set to a value within the specified bounds AND type is set to 'expense' from enum has FAILED
Reason:
Testing scenario "Update a transaction. Response: Transaction updated successfully"
API: PUT /api/transactions/(id:string) -> 200

  >> RESPONSE.STATUS
  
      R0002: HTTP status mismatch
      Documentation: https://docs.specmatic.io/rules#r0002
      Summary: The HTTP status code does not match the expected status code defined in the specification
  
      Specification expected status 200 but response contained status 400



--------------------
  Request to http://host.docker.internal:5000 at 2026-6-21 5:19:0.533
    PUT /api/transactions/NQGJX
    Authorization: Bearer GPRGS
    Specmatic-Response-Code: 200
    Host: host.docker.internal:5000
    Accept-Charset: UTF-8
    Accept: */*
    Content-Type: application/json
    
    {
        "description": "DUOIYSMVEJAUGODOBNQKNCYPESWXETNCXKSIWICCULTRDAGSLLSPKDSWDKPIAHVWDNEXRYRLCROIKKVVKQKQGIHLSWJJETLXRSBBUWLJIHTTSWBLMSPLSMOWWNAEIKDXTWOPUDHMRERAWALVNJREWBFEEUIQGBNOOHRGOAXRGKLPIKTEPVAPOHXCROEEQMQRTPECCMMV",
        "notes": "VBNWF",
        "amount": 1.011858340787408E308,
        "type": "expense",
        "category": "H",
        "date": "2026-06-21T05:19:00Z"
    }

  Response at 2026-6-21 5:19:0.560
    400 Bad Request
    X-Powered-By: Express
    Access-Control-Allow-Origin: *
    Content-Type: application/json; charset=utf-8
    Content-Length: 32
    ETag: W/"20-buv/DdFoASll8v4Fs3z7TK2FX+I"
    Date: Sun, 21 Jun 2026 05:19:00 GMT
    Connection: keep-alive
    Keep-Alive: timeout=5
    
    {
        "msg": "Invalid transaction id"
    }

Scenario: PUT /api/transactions/(id:string) -> 200 with a request where REQUEST.BODY contains all the keys AND the key description is set to the longest possible string AND amount is set to a value within the specified bounds AND type is set to 'expense' from enum AND category is set to the shortest possible string has FAILED
Reason:
Testing scenario "Update a transaction. Response: Transaction updated successfully"
API: PUT /api/transactions/(id:string) -> 200

  >> RESPONSE.STATUS
  
      R0002: HTTP status mismatch
      Documentation: https://docs.specmatic.io/rules#r0002
      Summary: The HTTP status code does not match the expected status code defined in the specification
  
      Specification expected status 200 but response contained status 400



--------------------
  Request to http://host.docker.internal:5000 at 2026-6-21 5:19:0.568
    PUT /api/transactions/JASSR
    Authorization: Bearer EYKKK
    Specmatic-Response-Code: 200
    Host: host.docker.internal:5000
    Accept-Charset: UTF-8
    Accept: */*
    Content-Type: application/json
    
    {
        "description": "DUOIYSMVEJAUGODOBNQKNCYPESWXETNCXKSIWICCULTRDAGSLLSPKDSWDKPIAHVWDNEXRYRLCROIKKVVKQKQGIHLSWJJETLXRSBBUWLJIHTTSWBLMSPLSMOWWNAEIKDXTWOPUDHMRERAWALVNJREWBFEEUIQGBNOOHRGOAXRGKLPIKTEPVAPOHXCROEEQMQRTPECCMMV",
        "notes": "ONHRF",
        "amount": 0.01,
        "type": "income",
        "category": "YKYJA",
        "date": "2026-06-21T05:19:00Z"
    }

  Response at 2026-6-21 5:19:0.584
    400 Bad Request
    X-Powered-By: Express
    Access-Control-Allow-Origin: *
    Content-Type: application/json; charset=utf-8
    Content-Length: 32
    ETag: W/"20-buv/DdFoASll8v4Fs3z7TK2FX+I"
    Date: Sun, 21 Jun 2026 05:19:00 GMT
    Connection: keep-alive
    Keep-Alive: timeout=5
    
    {
        "msg": "Invalid transaction id"
    }

Scenario: PUT /api/transactions/(id:string) -> 200 with a request where REQUEST.BODY contains all the keys AND the key description is set to the longest possible string AND amount is set to the smallest possible value '0.01' AND type is set to 'income' from enum has FAILED
Reason:
Testing scenario "Update a transaction. Response: Transaction updated successfully"
API: PUT /api/transactions/(id:string) -> 200

  >> RESPONSE.STATUS
  
      R0002: HTTP status mismatch
      Documentation: https://docs.specmatic.io/rules#r0002
      Summary: The HTTP status code does not match the expected status code defined in the specification
  
      Specification expected status 200 but response contained status 400



--------------------
  Request to http://host.docker.internal:5000 at 2026-6-21 5:19:0.590
    PUT /api/transactions/LKCRC
    Authorization: Bearer FYTCV
    Specmatic-Response-Code: 200
    Host: host.docker.internal:5000
    Accept-Charset: UTF-8
    Accept: */*
    Content-Type: application/json
    
    {
        "description": "DUOIYSMVEJAUGODOBNQKNCYPESWXETNCXKSIWICCULTRDAGSLLSPKDSWDKPIAHVWDNEXRYRLCROIKKVVKQKQGIHLSWJJETLXRSBBUWLJIHTTSWBLMSPLSMOWWNAEIKDXTWOPUDHMRERAWALVNJREWBFEEUIQGBNOOHRGOAXRGKLPIKTEPVAPOHXCROEEQMQRTPECCMMV",
        "notes": "CSGPD",
        "amount": 0.01,
        "type": "income",
        "category": "B",
        "date": "2026-06-21T05:19:00Z"
    }

  Response at 2026-6-21 5:19:0.608
    400 Bad Request
    X-Powered-By: Express
    Access-Control-Allow-Origin: *
    Content-Type: application/json; charset=utf-8
    Content-Length: 32
    ETag: W/"20-buv/DdFoASll8v4Fs3z7TK2FX+I"
    Date: Sun, 21 Jun 2026 05:19:00 GMT
    Connection: keep-alive
    Keep-Alive: timeout=5
    
    {
        "msg": "Invalid transaction id"
    }

Scenario: PUT /api/transactions/(id:string) -> 200 with a request where REQUEST.BODY contains all the keys AND the key description is set to the longest possible string AND amount is set to the smallest possible value '0.01' AND type is set to 'income' from enum AND category is set to the shortest possible string has FAILED
Reason:
Testing scenario "Update a transaction. Response: Transaction updated successfully"
API: PUT /api/transactions/(id:string) -> 200

  >> RESPONSE.STATUS
  
      R0002: HTTP status mismatch
      Documentation: https://docs.specmatic.io/rules#r0002
      Summary: The HTTP status code does not match the expected status code defined in the specification
  
      Specification expected status 200 but response contained status 400



--------------------
  Request to http://host.docker.internal:5000 at 2026-6-21 5:19:0.615
    PUT /api/transactions/NFYOU
    Authorization: Bearer QCLCN
    Specmatic-Response-Code: 200
    Host: host.docker.internal:5000
    Accept-Charset: UTF-8
    Accept: */*
    Content-Type: application/json
    
    {
        "description": "DUOIYSMVEJAUGODOBNQKNCYPESWXETNCXKSIWICCULTRDAGSLLSPKDSWDKPIAHVWDNEXRYRLCROIKKVVKQKQGIHLSWJJETLXRSBBUWLJIHTTSWBLMSPLSMOWWNAEIKDXTWOPUDHMRERAWALVNJREWBFEEUIQGBNOOHRGOAXRGKLPIKTEPVAPOHXCROEEQMQRTPECCMMV",
        "notes": "HHQYJ",
        "amount": 0.01,
        "type": "expense",
        "category": "CSOPM",
        "date": "2026-06-21T05:19:00Z"
    }

  Response at 2026-6-21 5:19:0.634
    400 Bad Request
    X-Powered-By: Express
    Access-Control-Allow-Origin: *
    Content-Type: application/json; charset=utf-8
    Content-Length: 32
    ETag: W/"20-buv/DdFoASll8v4Fs3z7TK2FX+I"
    Date: Sun, 21 Jun 2026 05:19:00 GMT
    Connection: keep-alive
    Keep-Alive: timeout=5
    
    {
        "msg": "Invalid transaction id"
    }

Scenario: PUT /api/transactions/(id:string) -> 200 with a request where REQUEST.BODY contains all the keys AND the key description is set to the longest possible string AND amount is set to the smallest possible value '0.01' AND type is set to 'expense' from enum has FAILED
Reason:
Testing scenario "Update a transaction. Response: Transaction updated successfully"
API: PUT /api/transactions/(id:string) -> 200

  >> RESPONSE.STATUS
  
      R0002: HTTP status mismatch
      Documentation: https://docs.specmatic.io/rules#r0002
      Summary: The HTTP status code does not match the expected status code defined in the specification
  
      Specification expected status 200 but response contained status 400



--------------------
  Request to http://host.docker.internal:5000 at 2026-6-21 5:19:0.640
    PUT /api/transactions/YWMJF
    Authorization: Bearer TUOMP
    Specmatic-Response-Code: 200
    Host: host.docker.internal:5000
    Accept-Charset: UTF-8
    Accept: */*
    Content-Type: application/json
    
    {
        "description": "DUOIYSMVEJAUGODOBNQKNCYPESWXETNCXKSIWICCULTRDAGSLLSPKDSWDKPIAHVWDNEXRYRLCROIKKVVKQKQGIHLSWJJETLXRSBBUWLJIHTTSWBLMSPLSMOWWNAEIKDXTWOPUDHMRERAWALVNJREWBFEEUIQGBNOOHRGOAXRGKLPIKTEPVAPOHXCROEEQMQRTPECCMMV",
        "notes": "WBUWA",
        "amount": 0.01,
        "type": "expense",
        "category": "U",
        "date": "2026-06-21T05:19:00Z"
    }

  Response at 2026-6-21 5:19:0.656
    400 Bad Request
    X-Powered-By: Express
    Access-Control-Allow-Origin: *
    Content-Type: application/json; charset=utf-8
    Content-Length: 32
    ETag: W/"20-buv/DdFoASll8v4Fs3z7TK2FX+I"
    Date: Sun, 21 Jun 2026 05:19:00 GMT
    Connection: keep-alive
    Keep-Alive: timeout=5
    
    {
        "msg": "Invalid transaction id"
    }

Scenario: PUT /api/transactions/(id:string) -> 200 with a request where REQUEST.BODY contains all the keys AND the key description is set to the longest possible string AND amount is set to the smallest possible value '0.01' AND type is set to 'expense' from enum AND category is set to the shortest possible string has FAILED
Reason:
Testing scenario "Update a transaction. Response: Transaction updated successfully"
API: PUT /api/transactions/(id:string) -> 200

  >> RESPONSE.STATUS
  
      R0002: HTTP status mismatch
      Documentation: https://docs.specmatic.io/rules#r0002
      Summary: The HTTP status code does not match the expected status code defined in the specification
  
      Specification expected status 200 but response contained status 400



--------------------
  Request to http://host.docker.internal:5000 at 2026-6-21 5:19:0.667
    PUT /api/transactions/WDDNG
    Authorization: Bearer LFDSR
    Specmatic-Response-Code: 200
    Host: host.docker.internal:5000
    Accept-Charset: UTF-8
    Accept: */*
    Content-Type: application/json
    
    {
        "description": "DUOIYSMVEJAUGODOBNQKNCYPESWXETNCXKSIWICCULTRDAGSLLSPKDSWDKPIAHVWDNEXRYRLCROIKKVVKQKQGIHLSWJJETLXRSBBUWLJIHTTSWBLMSPLSMOWWNAEIKDXTWOPUDHMRERAWALVNJREWBFEEUIQGBNOOHRGOAXRGKLPIKTEPVAPOHXCROEEQMQRTPECCMMV",
        "notes": "VDDSKJICFJYOVGEDYHXPTJXEVCGUKMIIXTVWRPLMMUGWBOXCPJHWDVHGCTBDWVNEXPEXMVGOMRTEVGOLPUJYHVWODNQQIDEPCDTBDAGUABFYKGRIGLXMWRAQJNJYNMCIGVUPSPHLEDPJXJADPSYEATBRFNAPPFFTOMUKYVYYBNJKHRTDCOFOYCPJRBDAGBUWUFARTDXLWYFQUGDKLMFNFVFWQNXUAUHRMMJPQGWHWSARUOJORVIRVTGEDLWTCQLRHJXBTFOLALWWFQCTIQPSQFUMLHNFXMXJPGHEWSNOKPLFJYDKTICCKUCEPLWYTOKTLCYBVVCPWHBLHGJOGKTAAOOTDSNEKBAWFVVBAIDNHOIMOXSXRYKUNMBDYKVUMOQLDSGPRKWNFTLWLDGTQLASOPRKXRYBGPFYJNSNCJQFOPWBGMLYGKLMBMHGECNBPIIBQYEOABJEQRUOIAKRXPTVPYEOXVUQNAIBWIGNFRVBWAGXLQSNMLRE",
        "amount": 8.793582163545132E307,
        "type": "income",
        "category": "YRTAJ",
        "date": "2026-06-21T05:19:00Z"
    }

  Response at 2026-6-21 5:19:0.682
    400 Bad Request
    X-Powered-By: Express
    Access-Control-Allow-Origin: *
    Content-Type: application/json; charset=utf-8
    Content-Length: 32
    ETag: W/"20-buv/DdFoASll8v4Fs3z7TK2FX+I"
    Date: Sun, 21 Jun 2026 05:19:00 GMT
    Connection: keep-alive
    Keep-Alive: timeout=5
    
    {
        "msg": "Invalid transaction id"
    }

Scenario: PUT /api/transactions/(id:string) -> 200 with a request where REQUEST.BODY contains all the keys AND the key description is set to the longest possible string AND notes is set to the longest possible string AND amount is set to a value within the specified bounds AND type is set to 'income' from enum has FAILED
Reason:
Testing scenario "Update a transaction. Response: Transaction updated successfully"
API: PUT /api/transactions/(id:string) -> 200

  >> RESPONSE.STATUS
  
      R0002: HTTP status mismatch
      Documentation: https://docs.specmatic.io/rules#r0002
      Summary: The HTTP status code does not match the expected status code defined in the specification
  
      Specification expected status 200 but response contained status 400



--------------------
  Request to http://host.docker.internal:5000 at 2026-6-21 5:19:0.689
    PUT /api/transactions/SJLHY
    Authorization: Bearer VOTOG
    Specmatic-Response-Code: 200
    Host: host.docker.internal:5000
    Accept-Charset: UTF-8
    Accept: */*
    Content-Type: application/json
    
    {
        "description": "DUOIYSMVEJAUGODOBNQKNCYPESWXETNCXKSIWICCULTRDAGSLLSPKDSWDKPIAHVWDNEXRYRLCROIKKVVKQKQGIHLSWJJETLXRSBBUWLJIHTTSWBLMSPLSMOWWNAEIKDXTWOPUDHMRERAWALVNJREWBFEEUIQGBNOOHRGOAXRGKLPIKTEPVAPOHXCROEEQMQRTPECCMMV",
        "notes": "VDDSKJICFJYOVGEDYHXPTJXEVCGUKMIIXTVWRPLMMUGWBOXCPJHWDVHGCTBDWVNEXPEXMVGOMRTEVGOLPUJYHVWODNQQIDEPCDTBDAGUABFYKGRIGLXMWRAQJNJYNMCIGVUPSPHLEDPJXJADPSYEATBRFNAPPFFTOMUKYVYYBNJKHRTDCOFOYCPJRBDAGBUWUFARTDXLWYFQUGDKLMFNFVFWQNXUAUHRMMJPQGWHWSARUOJORVIRVTGEDLWTCQLRHJXBTFOLALWWFQCTIQPSQFUMLHNFXMXJPGHEWSNOKPLFJYDKTICCKUCEPLWYTOKTLCYBVVCPWHBLHGJOGKTAAOOTDSNEKBAWFVVBAIDNHOIMOXSXRYKUNMBDYKVUMOQLDSGPRKWNFTLWLDGTQLASOPRKXRYBGPFYJNSNCJQFOPWBGMLYGKLMBMHGECNBPIIBQYEOABJEQRUOIAKRXPTVPYEOXVUQNAIBWIGNFRVBWAGXLQSNMLRE",
        "amount": 6.437295390989915E307,
        "type": "income",
        "category": "N",
        "date": "2026-06-21T05:19:00Z"
    }

  Response at 2026-6-21 5:19:0.705
    400 Bad Request
    X-Powered-By: Express
    Access-Control-Allow-Origin: *
    Content-Type: application/json; charset=utf-8
    Content-Length: 32
    ETag: W/"20-buv/DdFoASll8v4Fs3z7TK2FX+I"
    Date: Sun, 21 Jun 2026 05:19:00 GMT
    Connection: keep-alive
    Keep-Alive: timeout=5
    
    {
        "msg": "Invalid transaction id"
    }

Scenario: PUT /api/transactions/(id:string) -> 200 with a request where REQUEST.BODY contains all the keys AND the key description is set to the longest possible string AND notes is set to the longest possible string AND amount is set to a value within the specified bounds AND type is set to 'income' from enum AND category is set to the shortest possible string has FAILED
Reason:
Testing scenario "Update a transaction. Response: Transaction updated successfully"
API: PUT /api/transactions/(id:string) -> 200

  >> RESPONSE.STATUS
  
      R0002: HTTP status mismatch
      Documentation: https://docs.specmatic.io/rules#r0002
      Summary: The HTTP status code does not match the expected status code defined in the specification
  
      Specification expected status 200 but response contained status 400



--------------------
  Request to http://host.docker.internal:5000 at 2026-6-21 5:19:0.712
    PUT /api/transactions/MQGRR
    Authorization: Bearer YCOEH
    Specmatic-Response-Code: 200
    Host: host.docker.internal:5000
    Accept-Charset: UTF-8
    Accept: */*
    Content-Type: application/json
    
    {
        "description": "DUOIYSMVEJAUGODOBNQKNCYPESWXETNCXKSIWICCULTRDAGSLLSPKDSWDKPIAHVWDNEXRYRLCROIKKVVKQKQGIHLSWJJETLXRSBBUWLJIHTTSWBLMSPLSMOWWNAEIKDXTWOPUDHMRERAWALVNJREWBFEEUIQGBNOOHRGOAXRGKLPIKTEPVAPOHXCROEEQMQRTPECCMMV",
        "notes": "VDDSKJICFJYOVGEDYHXPTJXEVCGUKMIIXTVWRPLMMUGWBOXCPJHWDVHGCTBDWVNEXPEXMVGOMRTEVGOLPUJYHVWODNQQIDEPCDTBDAGUABFYKGRIGLXMWRAQJNJYNMCIGVUPSPHLEDPJXJADPSYEATBRFNAPPFFTOMUKYVYYBNJKHRTDCOFOYCPJRBDAGBUWUFARTDXLWYFQUGDKLMFNFVFWQNXUAUHRMMJPQGWHWSARUOJORVIRVTGEDLWTCQLRHJXBTFOLALWWFQCTIQPSQFUMLHNFXMXJPGHEWSNOKPLFJYDKTICCKUCEPLWYTOKTLCYBVVCPWHBLHGJOGKTAAOOTDSNEKBAWFVVBAIDNHOIMOXSXRYKUNMBDYKVUMOQLDSGPRKWNFTLWLDGTQLASOPRKXRYBGPFYJNSNCJQFOPWBGMLYGKLMBMHGECNBPIIBQYEOABJEQRUOIAKRXPTVPYEOXVUQNAIBWIGNFRVBWAGXLQSNMLRE",
        "amount": 1.6973485912083297E308,
        "type": "expense",
        "category": "RJEFD",
        "date": "2026-06-21T05:19:00Z"
    }

  Response at 2026-6-21 5:19:0.735
    400 Bad Request
    X-Powered-By: Express
    Access-Control-Allow-Origin: *
    Content-Type: application/json; charset=utf-8
    Content-Length: 32
    ETag: W/"20-buv/DdFoASll8v4Fs3z7TK2FX+I"
    Date: Sun, 21 Jun 2026 05:19:00 GMT
    Connection: keep-alive
    Keep-Alive: timeout=5
    
    {
        "msg": "Invalid transaction id"
    }

Scenario: PUT /api/transactions/(id:string) -> 200 with a request where REQUEST.BODY contains all the keys AND the key description is set to the longest possible string AND notes is set to the longest possible string AND amount is set to a value within the specified bounds AND type is set to 'expense' from enum has FAILED
Reason:
Testing scenario "Update a transaction. Response: Transaction updated successfully"
API: PUT /api/transactions/(id:string) -> 200

  >> RESPONSE.STATUS
  
      R0002: HTTP status mismatch
      Documentation: https://docs.specmatic.io/rules#r0002
      Summary: The HTTP status code does not match the expected status code defined in the specification
  
      Specification expected status 200 but response contained status 400



--------------------
  Request to http://host.docker.internal:5000 at 2026-6-21 5:19:0.741
    PUT /api/transactions/PHASK
    Authorization: Bearer NGFOD
    Specmatic-Response-Code: 200
    Host: host.docker.internal:5000
    Accept-Charset: UTF-8
    Accept: */*
    Content-Type: application/json
    
    {
        "description": "DUOIYSMVEJAUGODOBNQKNCYPESWXETNCXKSIWICCULTRDAGSLLSPKDSWDKPIAHVWDNEXRYRLCROIKKVVKQKQGIHLSWJJETLXRSBBUWLJIHTTSWBLMSPLSMOWWNAEIKDXTWOPUDHMRERAWALVNJREWBFEEUIQGBNOOHRGOAXRGKLPIKTEPVAPOHXCROEEQMQRTPECCMMV",
        "notes": "VDDSKJICFJYOVGEDYHXPTJXEVCGUKMIIXTVWRPLMMUGWBOXCPJHWDVHGCTBDWVNEXPEXMVGOMRTEVGOLPUJYHVWODNQQIDEPCDTBDAGUABFYKGRIGLXMWRAQJNJYNMCIGVUPSPHLEDPJXJADPSYEATBRFNAPPFFTOMUKYVYYBNJKHRTDCOFOYCPJRBDAGBUWUFARTDXLWYFQUGDKLMFNFVFWQNXUAUHRMMJPQGWHWSARUOJORVIRVTGEDLWTCQLRHJXBTFOLALWWFQCTIQPSQFUMLHNFXMXJPGHEWSNOKPLFJYDKTICCKUCEPLWYTOKTLCYBVVCPWHBLHGJOGKTAAOOTDSNEKBAWFVVBAIDNHOIMOXSXRYKUNMBDYKVUMOQLDSGPRKWNFTLWLDGTQLASOPRKXRYBGPFYJNSNCJQFOPWBGMLYGKLMBMHGECNBPIIBQYEOABJEQRUOIAKRXPTVPYEOXVUQNAIBWIGNFRVBWAGXLQSNMLRE",
        "amount": 1.5744348424145477E308,
        "type": "expense",
        "category": "H",
        "date": "2026-06-21T05:19:00Z"
    }

  Response at 2026-6-21 5:19:0.755
    400 Bad Request
    X-Powered-By: Express
    Access-Control-Allow-Origin: *
    Content-Type: application/json; charset=utf-8
    Content-Length: 32
    ETag: W/"20-buv/DdFoASll8v4Fs3z7TK2FX+I"
    Date: Sun, 21 Jun 2026 05:19:00 GMT
    Connection: keep-alive
    Keep-Alive: timeout=5
    
    {
        "msg": "Invalid transaction id"
    }

Scenario: PUT /api/transactions/(id:string) -> 200 with a request where REQUEST.BODY contains all the keys AND the key description is set to the longest possible string AND notes is set to the longest possible string AND amount is set to a value within the specified bounds AND type is set to 'expense' from enum AND category is set to the shortest possible string has FAILED
Reason:
Testing scenario "Update a transaction. Response: Transaction updated successfully"
API: PUT /api/transactions/(id:string) -> 200

  >> RESPONSE.STATUS
  
      R0002: HTTP status mismatch
      Documentation: https://docs.specmatic.io/rules#r0002
      Summary: The HTTP status code does not match the expected status code defined in the specification
  
      Specification expected status 200 but response contained status 400



--------------------
  Request to http://host.docker.internal:5000 at 2026-6-21 5:19:0.761
    PUT /api/transactions/CXWWU
    Authorization: Bearer NAMVN
    Specmatic-Response-Code: 200
    Host: host.docker.internal:5000
    Accept-Charset: UTF-8
    Accept: */*
    Content-Type: application/json
    
    {
        "description": "DUOIYSMVEJAUGODOBNQKNCYPESWXETNCXKSIWICCULTRDAGSLLSPKDSWDKPIAHVWDNEXRYRLCROIKKVVKQKQGIHLSWJJETLXRSBBUWLJIHTTSWBLMSPLSMOWWNAEIKDXTWOPUDHMRERAWALVNJREWBFEEUIQGBNOOHRGOAXRGKLPIKTEPVAPOHXCROEEQMQRTPECCMMV",
        "notes": "VDDSKJICFJYOVGEDYHXPTJXEVCGUKMIIXTVWRPLMMUGWBOXCPJHWDVHGCTBDWVNEXPEXMVGOMRTEVGOLPUJYHVWODNQQIDEPCDTBDAGUABFYKGRIGLXMWRAQJNJYNMCIGVUPSPHLEDPJXJADPSYEATBRFNAPPFFTOMUKYVYYBNJKHRTDCOFOYCPJRBDAGBUWUFARTDXLWYFQUGDKLMFNFVFWQNXUAUHRMMJPQGWHWSARUOJORVIRVTGEDLWTCQLRHJXBTFOLALWWFQCTIQPSQFUMLHNFXMXJPGHEWSNOKPLFJYDKTICCKUCEPLWYTOKTLCYBVVCPWHBLHGJOGKTAAOOTDSNEKBAWFVVBAIDNHOIMOXSXRYKUNMBDYKVUMOQLDSGPRKWNFTLWLDGTQLASOPRKXRYBGPFYJNSNCJQFOPWBGMLYGKLMBMHGECNBPIIBQYEOABJEQRUOIAKRXPTVPYEOXVUQNAIBWIGNFRVBWAGXLQSNMLRE",
        "amount": 0.01,
        "type": "income",
        "category": "IGJKE",
        "date": "2026-06-21T05:19:00Z"
    }

  Response at 2026-6-21 5:19:0.776
    400 Bad Request
    X-Powered-By: Express
    Access-Control-Allow-Origin: *
    Content-Type: application/json; charset=utf-8
    Content-Length: 32
    ETag: W/"20-buv/DdFoASll8v4Fs3z7TK2FX+I"
    Date: Sun, 21 Jun 2026 05:19:00 GMT
    Connection: keep-alive
    Keep-Alive: timeout=5
    
    {
        "msg": "Invalid transaction id"
    }

Scenario: PUT /api/transactions/(id:string) -> 200 with a request where REQUEST.BODY contains all the keys AND the key description is set to the longest possible string AND notes is set to the longest possible string AND amount is set to the smallest possible value '0.01' AND type is set to 'income' from enum has FAILED
Reason:
Testing scenario "Update a transaction. Response: Transaction updated successfully"
API: PUT /api/transactions/(id:string) -> 200

  >> RESPONSE.STATUS
  
      R0002: HTTP status mismatch
      Documentation: https://docs.specmatic.io/rules#r0002
      Summary: The HTTP status code does not match the expected status code defined in the specification
  
      Specification expected status 200 but response contained status 400



--------------------
  Request to http://host.docker.internal:5000 at 2026-6-21 5:19:0.783
    PUT /api/transactions/XKOJC
    Authorization: Bearer IMVRF
    Specmatic-Response-Code: 200
    Host: host.docker.internal:5000
    Accept-Charset: UTF-8
    Accept: */*
    Content-Type: application/json
    
    {
        "description": "DUOIYSMVEJAUGODOBNQKNCYPESWXETNCXKSIWICCULTRDAGSLLSPKDSWDKPIAHVWDNEXRYRLCROIKKVVKQKQGIHLSWJJETLXRSBBUWLJIHTTSWBLMSPLSMOWWNAEIKDXTWOPUDHMRERAWALVNJREWBFEEUIQGBNOOHRGOAXRGKLPIKTEPVAPOHXCROEEQMQRTPECCMMV",
        "notes": "VDDSKJICFJYOVGEDYHXPTJXEVCGUKMIIXTVWRPLMMUGWBOXCPJHWDVHGCTBDWVNEXPEXMVGOMRTEVGOLPUJYHVWODNQQIDEPCDTBDAGUABFYKGRIGLXMWRAQJNJYNMCIGVUPSPHLEDPJXJADPSYEATBRFNAPPFFTOMUKYVYYBNJKHRTDCOFOYCPJRBDAGBUWUFARTDXLWYFQUGDKLMFNFVFWQNXUAUHRMMJPQGWHWSARUOJORVIRVTGEDLWTCQLRHJXBTFOLALWWFQCTIQPSQFUMLHNFXMXJPGHEWSNOKPLFJYDKTICCKUCEPLWYTOKTLCYBVVCPWHBLHGJOGKTAAOOTDSNEKBAWFVVBAIDNHOIMOXSXRYKUNMBDYKVUMOQLDSGPRKWNFTLWLDGTQLASOPRKXRYBGPFYJNSNCJQFOPWBGMLYGKLMBMHGECNBPIIBQYEOABJEQRUOIAKRXPTVPYEOXVUQNAIBWIGNFRVBWAGXLQSNMLRE",
        "amount": 0.01,
        "type": "income",
        "category": "N",
        "date": "2026-06-21T05:19:00Z"
    }

  Response at 2026-6-21 5:19:0.799
    400 Bad Request
    X-Powered-By: Express
    Access-Control-Allow-Origin: *
    Content-Type: application/json; charset=utf-8
    Content-Length: 32
    ETag: W/"20-buv/DdFoASll8v4Fs3z7TK2FX+I"
    Date: Sun, 21 Jun 2026 05:19:00 GMT
    Connection: keep-alive
    Keep-Alive: timeout=5
    
    {
        "msg": "Invalid transaction id"
    }

Scenario: PUT /api/transactions/(id:string) -> 200 with a request where REQUEST.BODY contains all the keys AND the key description is set to the longest possible string AND notes is set to the longest possible string AND amount is set to the smallest possible value '0.01' AND type is set to 'income' from enum AND category is set to the shortest possible string has FAILED
Reason:
Testing scenario "Update a transaction. Response: Transaction updated successfully"
API: PUT /api/transactions/(id:string) -> 200

  >> RESPONSE.STATUS
  
      R0002: HTTP status mismatch
      Documentation: https://docs.specmatic.io/rules#r0002
      Summary: The HTTP status code does not match the expected status code defined in the specification
  
      Specification expected status 200 but response contained status 400



--------------------
  Request to http://host.docker.internal:5000 at 2026-6-21 5:19:0.805
    PUT /api/transactions/AAKJG
    Authorization: Bearer RGYNH
    Specmatic-Response-Code: 200
    Host: host.docker.internal:5000
    Accept-Charset: UTF-8
    Accept: */*
    Content-Type: application/json
    
    {
        "description": "DUOIYSMVEJAUGODOBNQKNCYPESWXETNCXKSIWICCULTRDAGSLLSPKDSWDKPIAHVWDNEXRYRLCROIKKVVKQKQGIHLSWJJETLXRSBBUWLJIHTTSWBLMSPLSMOWWNAEIKDXTWOPUDHMRERAWALVNJREWBFEEUIQGBNOOHRGOAXRGKLPIKTEPVAPOHXCROEEQMQRTPECCMMV",
        "notes": "VDDSKJICFJYOVGEDYHXPTJXEVCGUKMIIXTVWRPLMMUGWBOXCPJHWDVHGCTBDWVNEXPEXMVGOMRTEVGOLPUJYHVWODNQQIDEPCDTBDAGUABFYKGRIGLXMWRAQJNJYNMCIGVUPSPHLEDPJXJADPSYEATBRFNAPPFFTOMUKYVYYBNJKHRTDCOFOYCPJRBDAGBUWUFARTDXLWYFQUGDKLMFNFVFWQNXUAUHRMMJPQGWHWSARUOJORVIRVTGEDLWTCQLRHJXBTFOLALWWFQCTIQPSQFUMLHNFXMXJPGHEWSNOKPLFJYDKTICCKUCEPLWYTOKTLCYBVVCPWHBLHGJOGKTAAOOTDSNEKBAWFVVBAIDNHOIMOXSXRYKUNMBDYKVUMOQLDSGPRKWNFTLWLDGTQLASOPRKXRYBGPFYJNSNCJQFOPWBGMLYGKLMBMHGECNBPIIBQYEOABJEQRUOIAKRXPTVPYEOXVUQNAIBWIGNFRVBWAGXLQSNMLRE",
        "amount": 0.01,
        "type": "expense",
        "category": "OUCJQ",
        "date": "2026-06-21T05:19:00Z"
    }

  Response at 2026-6-21 5:19:0.820
    400 Bad Request
    X-Powered-By: Express
    Access-Control-Allow-Origin: *
    Content-Type: application/json; charset=utf-8
    Content-Length: 32
    ETag: W/"20-buv/DdFoASll8v4Fs3z7TK2FX+I"
    Date: Sun, 21 Jun 2026 05:19:00 GMT
    Connection: keep-alive
    Keep-Alive: timeout=5
    
    {
        "msg": "Invalid transaction id"
    }

Scenario: PUT /api/transactions/(id:string) -> 200 with a request where REQUEST.BODY contains all the keys AND the key description is set to the longest possible string AND notes is set to the longest possible string AND amount is set to the smallest possible value '0.01' AND type is set to 'expense' from enum has FAILED
Reason:
Testing scenario "Update a transaction. Response: Transaction updated successfully"
API: PUT /api/transactions/(id:string) -> 200

  >> RESPONSE.STATUS
  
      R0002: HTTP status mismatch
      Documentation: https://docs.specmatic.io/rules#r0002
      Summary: The HTTP status code does not match the expected status code defined in the specification
  
      Specification expected status 200 but response contained status 400



--------------------
  Request to http://host.docker.internal:5000 at 2026-6-21 5:19:0.826
    PUT /api/transactions/EYSFF
    Authorization: Bearer LIGTH
    Specmatic-Response-Code: 200
    Host: host.docker.internal:5000
    Accept-Charset: UTF-8
    Accept: */*
    Content-Type: application/json
    
    {
        "description": "DUOIYSMVEJAUGODOBNQKNCYPESWXETNCXKSIWICCULTRDAGSLLSPKDSWDKPIAHVWDNEXRYRLCROIKKVVKQKQGIHLSWJJETLXRSBBUWLJIHTTSWBLMSPLSMOWWNAEIKDXTWOPUDHMRERAWALVNJREWBFEEUIQGBNOOHRGOAXRGKLPIKTEPVAPOHXCROEEQMQRTPECCMMV",
        "notes": "VDDSKJICFJYOVGEDYHXPTJXEVCGUKMIIXTVWRPLMMUGWBOXCPJHWDVHGCTBDWVNEXPEXMVGOMRTEVGOLPUJYHVWODNQQIDEPCDTBDAGUABFYKGRIGLXMWRAQJNJYNMCIGVUPSPHLEDPJXJADPSYEATBRFNAPPFFTOMUKYVYYBNJKHRTDCOFOYCPJRBDAGBUWUFARTDXLWYFQUGDKLMFNFVFWQNXUAUHRMMJPQGWHWSARUOJORVIRVTGEDLWTCQLRHJXBTFOLALWWFQCTIQPSQFUMLHNFXMXJPGHEWSNOKPLFJYDKTICCKUCEPLWYTOKTLCYBVVCPWHBLHGJOGKTAAOOTDSNEKBAWFVVBAIDNHOIMOXSXRYKUNMBDYKVUMOQLDSGPRKWNFTLWLDGTQLASOPRKXRYBGPFYJNSNCJQFOPWBGMLYGKLMBMHGECNBPIIBQYEOABJEQRUOIAKRXPTVPYEOXVUQNAIBWIGNFRVBWAGXLQSNMLRE",
        "amount": 0.01,
        "type": "expense",
        "category": "Q",
        "date": "2026-06-21T05:19:00Z"
    }

  Response at 2026-6-21 5:19:0.842
    400 Bad Request
    X-Powered-By: Express
    Access-Control-Allow-Origin: *
    Content-Type: application/json; charset=utf-8
    Content-Length: 32
    ETag: W/"20-buv/DdFoASll8v4Fs3z7TK2FX+I"
    Date: Sun, 21 Jun 2026 05:19:00 GMT
    Connection: keep-alive
    Keep-Alive: timeout=5
    
    {
        "msg": "Invalid transaction id"
    }

Scenario: PUT /api/transactions/(id:string) -> 200 with a request where REQUEST.BODY contains all the keys AND the key description is set to the longest possible string AND notes is set to the longest possible string AND amount is set to the smallest possible value '0.01' AND type is set to 'expense' from enum AND category is set to the shortest possible string has FAILED
Reason:
Testing scenario "Update a transaction. Response: Transaction updated successfully"
API: PUT /api/transactions/(id:string) -> 200

  >> RESPONSE.STATUS
  
      R0002: HTTP status mismatch
      Documentation: https://docs.specmatic.io/rules#r0002
      Summary: The HTTP status code does not match the expected status code defined in the specification
  
      Specification expected status 200 but response contained status 400



--------------------
  Request to http://host.docker.internal:5000 at 2026-6-21 5:19:0.849
    PUT /api/transactions/HMDQB
    Authorization: Bearer UULYR
    Specmatic-Response-Code: 200
    Host: host.docker.internal:5000
    Accept-Charset: UTF-8
    Accept: */*
    Content-Type: application/json
    
    {}

  Response at 2026-6-21 5:19:0.862
    400 Bad Request
    X-Powered-By: Express
    Access-Control-Allow-Origin: *
    Content-Type: application/json; charset=utf-8
    Content-Length: 39
    ETag: W/"27-Cf4luqOQVttefujo/ahVHAv5gC0"
    Date: Sun, 21 Jun 2026 05:19:00 GMT
    Connection: keep-alive
    Keep-Alive: timeout=5
    
    {
        "msg": "No fields provided for update"
    }

Scenario: PUT /api/transactions/(id:string) -> 200 with a request where REQUEST.BODY contains only the mandatory keys has FAILED
Reason:
Testing scenario "Update a transaction. Response: Transaction updated successfully"
API: PUT /api/transactions/(id:string) -> 200

  >> RESPONSE.STATUS
  
      R0002: HTTP status mismatch
      Documentation: https://docs.specmatic.io/rules#r0002
      Summary: The HTTP status code does not match the expected status code defined in the specification
  
      Specification expected status 200 but response contained status 400



--------------------
  Skipping Scenario: PUT /api/transactions/(id:string) -> 400 (requestContentType application/json, responseContentType application/json)
  - T00004: Generative Disabled
  Documentation: https://docs.specmatic.io/rules#t00004
  Summary: This operation was skipped because it requires schema resiliency to be enabled
  
  - T00002: Examples Required
  Documentation: https://docs.specmatic.io/rules#t00002
  Summary: This operation requires examples to run, but none were provided
  

--------------------
  Skipping Scenario: PUT /api/transactions/(id:string) -> 404 (requestContentType application/json, responseContentType application/json)
  T00002: Examples Required
  Documentation: https://docs.specmatic.io/rules#t00002
  Summary: This operation requires examples to run, but none were provided
  

--------------------
  Request to http://host.docker.internal:5000 at 2026-6-21 5:19:0.870
    DELETE /api/transactions/BHBIG
    Authorization: Bearer QBWBH
    Specmatic-Response-Code: 200
    Host: host.docker.internal:5000
    Accept-Charset: UTF-8
    Accept: */*
    Content-Type: NOT SENT
    
    

  Response at 2026-6-21 5:19:0.890
    400 Bad Request
    X-Powered-By: Express
    Access-Control-Allow-Origin: *
    Content-Type: application/json; charset=utf-8
    Content-Length: 32
    ETag: W/"20-buv/DdFoASll8v4Fs3z7TK2FX+I"
    Date: Sun, 21 Jun 2026 05:19:00 GMT
    Connection: keep-alive
    Keep-Alive: timeout=5
    
    {
        "msg": "Invalid transaction id"
    }

Scenario: DELETE /api/transactions/(id:string) -> 200 has FAILED
Reason:
Testing scenario "Delete a transaction. Response: Transaction deleted successfully"
API: DELETE /api/transactions/(id:string) -> 200

  >> RESPONSE.STATUS
  
      R0002: HTTP status mismatch
      Documentation: https://docs.specmatic.io/rules#r0002
      Summary: The HTTP status code does not match the expected status code defined in the specification
  
      Specification expected status 200 but response contained status 400



--------------------
  Skipping Scenario: DELETE /api/transactions/(id:string) -> 404 (responseContentType application/json)
  T00002: Examples Required
  Documentation: https://docs.specmatic.io/rules#t00002
  Summary: This operation requires examples to run, but none were provided
  

--------------------
  Request to http://host.docker.internal:5000 at 2026-6-21 5:19:0.902
    POST /api/ai/chat
    Authorization: Bearer eyJhbGciOiJIUzI1NiIsInR5cCI6IkpXVCJ9.eyJ1c2VyIjp7ImlkIjoiNmEzNTEwODJkYTFiMTI1YTVjNDY0NGMzIn0sImlhdCI6MTc4MTg2MjgyOSwiZXhwIjoxNzgxODY2NDI5fQ.RLYHwqOjorEdcVRPs6oT2yedh_GIZoG3qPucQAaOduM
    Specmatic-Response-Code: 200
    Host: host.docker.internal:5000
    Accept-Charset: UTF-8
    Accept: */*
    Content-Type: application/json
    
    {
        "message": "How should I budget my expenses?"
    }

  Response at 2026-6-21 5:19:1.857
    200 OK
    X-Powered-By: Express
    Access-Control-Allow-Origin: *
    Content-Type: application/json; charset=utf-8
    Content-Length: 398
    ETag: W/"18e-wpS4qMbDSaPioyH33wC/LHmRh4U"
    Date: Sun, 21 Jun 2026 05:19:01 GMT
    Connection: keep-alive
    Keep-Alive: timeout=5
    
    {
        "success": true,
        "reply": "Here's a tailored money management insight based on your current data:\nTotal spent this period: ?Infinity against total goals of ?0.00.\nNo categories are overspent or near limits ? good control so far!\nYou have not added investments yet. Starting with a diversified low-cost index fund and building an emergency fund (3-6 months expenses) is a common first step."
    }

Scenario: POST /api/ai/chat -> 200 with the request from the example 'test_ai_chat_200' has SUCCEEDED


--------------------
  Skipping Scenario: POST /api/ai/chat -> 400 (requestContentType application/json, responseContentType application/json)
  - T00004: Generative Disabled
  Documentation: https://docs.specmatic.io/rules#t00004
  Summary: This operation was skipped because it requires schema resiliency to be enabled
  
  - T00002: Examples Required
  Documentation: https://docs.specmatic.io/rules#t00002
  Summary: This operation requires examples to run, but none were provided
  

--------------------
  Skipping Scenario: POST /api/ai/chat -> 401 (requestContentType application/json, responseContentType application/json)
  T00002: Examples Required
  Documentation: https://docs.specmatic.io/rules#t00002
  Summary: This operation requires examples to run, but none were provided
  
Could not load report configuration, coverage will be calculated but no coverage threshold will be enforced

|--------------------------------------------------------------------------------------------------------------------------------|
| SPECMATIC API COVERAGE SUMMARY                                                                                                 |
|--------------------------------------------------------------------------------------------------------------------------------|
| coverage | path                      | method | requestContentType | response | responseContentType | remarks         | result |
|----------|---------------------------|--------|--------------------|----------|---------------------|-----------------|--------|
| 50%      | /api/auth/register        | POST   | application/json   | 201      | application/json    | covered         | 8p     |
|          |                           |        |                    | 400      | application/json    | not tested      |        |
| 50%      | /api/auth/login           | POST   | application/json   | 200      | application/json    | covered         | 3p     |
|          |                           |        |                    | 401      | application/json    | not tested      |        |
| 0%       | /api/auth/google          | POST   | application/json   | 200      | application/json    | not implemented | 1f     |
|          |                           |        |                    | 400      | application/json    | not tested      |        |
| 0%       | /api/users/me             | GET    | NA                 | 200      | application/json    | not implemented | 1f     |
|          |                           |        |                    | 401      | application/json    | not tested      |        |
| 33%      | /api/users                | POST   | application/json   | 201      | application/json    | covered         | 20p    |
|          |                           |        |                    | 400      | application/json    | not tested      |        |
|          |                           |        |                    | 403      | application/json    | not tested      |        |
|          |                           | GET    | NA                 | 200      | application/json    | covered         | 1p     |
|          |                           |        |                    | 401      | application/json    | not tested      |        |
|          |                           |        |                    | 403      | application/json    | not tested      |        |
| 0%       | /api/users/{id}           | PATCH  | application/json   | 200      | application/json    | not implemented | 21f    |
|          |                           |        |                    | 400      | application/json    | not tested      |        |
|          |                           |        |                    | 403      | application/json    | not tested      |        |
|          |                           |        |                    | 404      | application/json    | not tested      |        |
| 40%      | /api/transactions         | POST   | application/json   | 201      | application/json    | covered         | 42f    |
|          |                           |        |                    | 400      | application/json    | not tested      |        |
|          |                           |        |                    | 401      | application/json    | not tested      |        |
|          |                           | GET    | NA                 | 200      | application/json    | covered         | 1f     |
|          |                           |        |                    | 401      | application/json    | not tested      |        |
| 50%      | /api/transactions/summary | GET    | NA                 | 200      | application/json    | covered         | 1f     |
|          |                           |        |                    | 401      | application/json    | not tested      |        |
| 0%       | /api/transactions/{id}    | PUT    | application/json   | 200      | application/json    | not implemented | 34f    |
|          |                           |        |                    | 400      | application/json    | not tested      |        |
|          |                           |        |                    | 404      | application/json    | not tested      |        |
|          |                           | DELETE | NA                 | 200      | application/json    | not implemented | 1f     |
|          |                           |        |                    | 404      | application/json    | not tested      |        |
| 33%      | /api/ai/chat              | POST   | application/json   | 200      | application/json    | covered         | 1p     |
|          |                           |        |                    | 400      | application/json    | not tested      |        |
|          |                           |        |                    | 401      | application/json    | not tested      |        |
|--------------------------------------------------------------------------------------------------------------------------------|
| * = Operation not eligible for coverage                                                                                        |
| ! = Operation excluded from the run due to a filter                                                                            |
| p = passed tests                                                                                                               |
| f = failed tests                                                                                                               |
| w = wip tests                                                                                                                  |
|                                                                                                                                |
| 24% API Coverage reported from 33 operations eligible for coverage                                                             |
| 24% Absolute Coverage (includes excluded operations that were not tested)                                                      |
|--------------------------------------------------------------------------------------------------------------------------------|

5 operations found in the spec are not implemented.

Generating CTRF report using  coverageReportOperations...
Generating report for 135 tests and 33 coverage operations...
Using new report generation method that accepts coverage report operations.
Generating HTML report in build/reports/specmatic/test/html/index.html



Unsuccessful Scenarios:
  "Scenario: POST /api/auth/google -> 200 with a request where REQUEST.BODY contains all the keys FAILED"
        Reason:
    Testing scenario "Google OAuth login. Response: User logged in with Google successfully"
    API: POST /api/auth/google -> 200
  
      >> RESPONSE.STATUS
  
          R0002: HTTP status mismatch
          Documentation: https://docs.specmatic.io/rules#r0002
          Summary: The HTTP status code does not match the expected status code defined in the specification
  
          Specification expected status 200 but response contained status 400

  "Scenario: GET /api/users/me -> 200 with the request from the example 'test_get_user_profile_200' FAILED"
        Reason:
    Testing scenario "Get current user profile. Response: User profile retrieved successfully"
    API: GET /api/users/me -> 200
  
      >> RESPONSE.STATUS
  
          R0002: HTTP status mismatch
          Documentation: https://docs.specmatic.io/rules#r0002
          Summary: The HTTP status code does not match the expected status code defined in the specification
  
          Specification expected status 200 but response contained status 404

  "Scenario: PATCH /api/users/(id:string) -> 200 with a request where REQUEST.BODY contains all the keys AND the key role is set to 'viewer' from enum AND status is set to 'active' from enum FAILED"
        Reason:
    Testing scenario "Update user (admin only). Response: User updated successfully"
    API: PATCH /api/users/(id:string) -> 200
  
      >> RESPONSE.STATUS
  
          R0002: HTTP status mismatch
          Documentation: https://docs.specmatic.io/rules#r0002
          Summary: The HTTP status code does not match the expected status code defined in the specification
  
          Specification expected status 200 but response contained status 500

  "Scenario: PATCH /api/users/(id:string) -> 200 with a request where REQUEST.BODY contains all the keys AND the key name is set to the shortest possible string AND role is set to 'analyst' from enum AND status is set to 'inactive' from enum FAILED"
        Reason:
    Testing scenario "Update user (admin only). Response: User updated successfully"
    API: PATCH /api/users/(id:string) -> 200
  
      >> RESPONSE.STATUS
  
          R0002: HTTP status mismatch
          Documentation: https://docs.specmatic.io/rules#r0002
          Summary: The HTTP status code does not match the expected status code defined in the specification
  
          Specification expected status 200 but response contained status 500

  "Scenario: PATCH /api/users/(id:string) -> 200 with a request where REQUEST.BODY contains all the keys AND the key name is set to the longest possible string AND role is set to 'admin' from enum AND status is set to 'active' from enum FAILED"
        Reason:
    Testing scenario "Update user (admin only). Response: User updated successfully"
    API: PATCH /api/users/(id:string) -> 200
  
      >> RESPONSE.STATUS
  
          R0002: HTTP status mismatch
          Documentation: https://docs.specmatic.io/rules#r0002
          Summary: The HTTP status code does not match the expected status code defined in the specification
  
          Specification expected status 200 but response contained status 500

  "Scenario: PATCH /api/users/(id:string) -> 200 with a request where REQUEST.BODY contains all the keys AND the key role is set to 'viewer' from enum AND status is set to 'inactive' from enum FAILED"
        Reason:
    Testing scenario "Update user (admin only). Response: User updated successfully"
    API: PATCH /api/users/(id:string) -> 200
  
      >> RESPONSE.STATUS
  
          R0002: HTTP status mismatch
          Documentation: https://docs.specmatic.io/rules#r0002
          Summary: The HTTP status code does not match the expected status code defined in the specification
  
          Specification expected status 200 but response contained status 500

  "Scenario: PATCH /api/users/(id:string) -> 200 with a request where REQUEST.BODY contains all the keys AND the key role is set to 'analyst' from enum AND status is set to 'active' from enum FAILED"
        Reason:
    Testing scenario "Update user (admin only). Response: User updated successfully"
    API: PATCH /api/users/(id:string) -> 200
  
      >> RESPONSE.STATUS
  
          R0002: HTTP status mismatch
          Documentation: https://docs.specmatic.io/rules#r0002
          Summary: The HTTP status code does not match the expected status code defined in the specification
  
          Specification expected status 200 but response contained status 500

  "Scenario: PATCH /api/users/(id:string) -> 200 with a request where REQUEST.BODY contains all the keys AND the key role is set to 'analyst' from enum AND status is set to 'inactive' from enum FAILED"
        Reason:
    Testing scenario "Update user (admin only). Response: User updated successfully"
    API: PATCH /api/users/(id:string) -> 200
  
      >> RESPONSE.STATUS
  
          R0002: HTTP status mismatch
          Documentation: https://docs.specmatic.io/rules#r0002
          Summary: The HTTP status code does not match the expected status code defined in the specification
  
          Specification expected status 200 but response contained status 500

  "Scenario: PATCH /api/users/(id:string) -> 200 with a request where REQUEST.BODY contains all the keys AND the key role is set to 'admin' from enum AND status is set to 'active' from enum FAILED"
        Reason:
    Testing scenario "Update user (admin only). Response: User updated successfully"
    API: PATCH /api/users/(id:string) -> 200
  
      >> RESPONSE.STATUS
  
          R0002: HTTP status mismatch
          Documentation: https://docs.specmatic.io/rules#r0002
          Summary: The HTTP status code does not match the expected status code defined in the specification
  
          Specification expected status 200 but response contained status 500

  "Scenario: PATCH /api/users/(id:string) -> 200 with a request where REQUEST.BODY contains all the keys AND the key role is set to 'admin' from enum AND status is set to 'inactive' from enum FAILED"
        Reason:
    Testing scenario "Update user (admin only). Response: User updated successfully"
    API: PATCH /api/users/(id:string) -> 200
  
      >> RESPONSE.STATUS
  
          R0002: HTTP status mismatch
          Documentation: https://docs.specmatic.io/rules#r0002
          Summary: The HTTP status code does not match the expected status code defined in the specification
  
          Specification expected status 200 but response contained status 500

  "Scenario: PATCH /api/users/(id:string) -> 200 with a request where REQUEST.BODY contains all the keys AND the key name is set to the shortest possible string AND role is set to 'viewer' from enum AND status is set to 'active' from enum FAILED"
        Reason:
    Testing scenario "Update user (admin only). Response: User updated successfully"
    API: PATCH /api/users/(id:string) -> 200
  
      >> RESPONSE.STATUS
  
          R0002: HTTP status mismatch
          Documentation: https://docs.specmatic.io/rules#r0002
          Summary: The HTTP status code does not match the expected status code defined in the specification
  
          Specification expected status 200 but response contained status 500

  "Scenario: PATCH /api/users/(id:string) -> 200 with a request where REQUEST.BODY contains all the keys AND the key name is set to the shortest possible string AND role is set to 'viewer' from enum AND status is set to 'inactive' from enum FAILED"
        Reason:
    Testing scenario "Update user (admin only). Response: User updated successfully"
    API: PATCH /api/users/(id:string) -> 200
  
      >> RESPONSE.STATUS
  
          R0002: HTTP status mismatch
          Documentation: https://docs.specmatic.io/rules#r0002
          Summary: The HTTP status code does not match the expected status code defined in the specification
  
          Specification expected status 200 but response contained status 500

  "Scenario: PATCH /api/users/(id:string) -> 200 with a request where REQUEST.BODY contains all the keys AND the key name is set to the shortest possible string AND role is set to 'analyst' from enum AND status is set to 'active' from enum FAILED"
        Reason:
    Testing scenario "Update user (admin only). Response: User updated successfully"
    API: PATCH /api/users/(id:string) -> 200
  
      >> RESPONSE.STATUS
  
          R0002: HTTP status mismatch
          Documentation: https://docs.specmatic.io/rules#r0002
          Summary: The HTTP status code does not match the expected status code defined in the specification
  
          Specification expected status 200 but response contained status 500

  "Scenario: PATCH /api/users/(id:string) -> 200 with a request where REQUEST.BODY contains all the keys AND the key name is set to the shortest possible string AND role is set to 'analyst' from enum AND status is set to 'inactive' from enum FAILED"
        Reason:
    Testing scenario "Update user (admin only). Response: User updated successfully"
    API: PATCH /api/users/(id:string) -> 200
  
      >> RESPONSE.STATUS
  
          R0002: HTTP status mismatch
          Documentation: https://docs.specmatic.io/rules#r0002
          Summary: The HTTP status code does not match the expected status code defined in the specification
  
          Specification expected status 200 but response contained status 500

  "Scenario: PATCH /api/users/(id:string) -> 200 with a request where REQUEST.BODY contains all the keys AND the key name is set to the shortest possible string AND role is set to 'admin' from enum AND status is set to 'active' from enum FAILED"
        Reason:
    Testing scenario "Update user (admin only). Response: User updated successfully"
    API: PATCH /api/users/(id:string) -> 200
  
      >> RESPONSE.STATUS
  
          R0002: HTTP status mismatch
          Documentation: https://docs.specmatic.io/rules#r0002
          Summary: The HTTP status code does not match the expected status code defined in the specification
  
          Specification expected status 200 but response contained status 500

  "Scenario: PATCH /api/users/(id:string) -> 200 with a request where REQUEST.BODY contains all the keys AND the key name is set to the shortest possible string AND role is set to 'admin' from enum AND status is set to 'inactive' from enum FAILED"
        Reason:
    Testing scenario "Update user (admin only). Response: User updated successfully"
    API: PATCH /api/users/(id:string) -> 200
  
      >> RESPONSE.STATUS
  
          R0002: HTTP status mismatch
          Documentation: https://docs.specmatic.io/rules#r0002
          Summary: The HTTP status code does not match the expected status code defined in the specification
  
          Specification expected status 200 but response contained status 500

  "Scenario: PATCH /api/users/(id:string) -> 200 with a request where REQUEST.BODY contains all the keys AND the key name is set to the longest possible string AND role is set to 'viewer' from enum AND status is set to 'active' from enum FAILED"
        Reason:
    Testing scenario "Update user (admin only). Response: User updated successfully"
    API: PATCH /api/users/(id:string) -> 200
  
      >> RESPONSE.STATUS
  
          R0002: HTTP status mismatch
          Documentation: https://docs.specmatic.io/rules#r0002
          Summary: The HTTP status code does not match the expected status code defined in the specification
  
          Specification expected status 200 but response contained status 500

  "Scenario: PATCH /api/users/(id:string) -> 200 with a request where REQUEST.BODY contains all the keys AND the key name is set to the longest possible string AND role is set to 'viewer' from enum AND status is set to 'inactive' from enum FAILED"
        Reason:
    Testing scenario "Update user (admin only). Response: User updated successfully"
    API: PATCH /api/users/(id:string) -> 200
  
      >> RESPONSE.STATUS
  
          R0002: HTTP status mismatch
          Documentation: https://docs.specmatic.io/rules#r0002
          Summary: The HTTP status code does not match the expected status code defined in the specification
  
          Specification expected status 200 but response contained status 500

  "Scenario: PATCH /api/users/(id:string) -> 200 with a request where REQUEST.BODY contains all the keys AND the key name is set to the longest possible string AND role is set to 'analyst' from enum AND status is set to 'active' from enum FAILED"
        Reason:
    Testing scenario "Update user (admin only). Response: User updated successfully"
    API: PATCH /api/users/(id:string) -> 200
  
      >> RESPONSE.STATUS
  
          R0002: HTTP status mismatch
          Documentation: https://docs.specmatic.io/rules#r0002
          Summary: The HTTP status code does not match the expected status code defined in the specification
  
          Specification expected status 200 but response contained status 500

  "Scenario: PATCH /api/users/(id:string) -> 200 with a request where REQUEST.BODY contains all the keys AND the key name is set to the longest possible string AND role is set to 'analyst' from enum AND status is set to 'inactive' from enum FAILED"
        Reason:
    Testing scenario "Update user (admin only). Response: User updated successfully"
    API: PATCH /api/users/(id:string) -> 200
  
      >> RESPONSE.STATUS
  
          R0002: HTTP status mismatch
          Documentation: https://docs.specmatic.io/rules#r0002
          Summary: The HTTP status code does not match the expected status code defined in the specification
  
          Specification expected status 200 but response contained status 500

  "Scenario: PATCH /api/users/(id:string) -> 200 with a request where REQUEST.BODY contains all the keys AND the key name is set to the longest possible string AND role is set to 'admin' from enum AND status is set to 'active' from enum FAILED"
        Reason:
    Testing scenario "Update user (admin only). Response: User updated successfully"
    API: PATCH /api/users/(id:string) -> 200
  
      >> RESPONSE.STATUS
  
          R0002: HTTP status mismatch
          Documentation: https://docs.specmatic.io/rules#r0002
          Summary: The HTTP status code does not match the expected status code defined in the specification
  
          Specification expected status 200 but response contained status 500

  "Scenario: PATCH /api/users/(id:string) -> 200 with a request where REQUEST.BODY contains all the keys AND the key name is set to the longest possible string AND role is set to 'admin' from enum AND status is set to 'inactive' from enum FAILED"
        Reason:
    Testing scenario "Update user (admin only). Response: User updated successfully"
    API: PATCH /api/users/(id:string) -> 200
  
      >> RESPONSE.STATUS
  
          R0002: HTTP status mismatch
          Documentation: https://docs.specmatic.io/rules#r0002
          Summary: The HTTP status code does not match the expected status code defined in the specification
  
          Specification expected status 200 but response contained status 500

  "Scenario: PATCH /api/users/(id:string) -> 200 with a request where REQUEST.BODY contains only the mandatory keys FAILED"
        Reason:
    Testing scenario "Update user (admin only). Response: User updated successfully"
    API: PATCH /api/users/(id:string) -> 200
  
      >> RESPONSE.STATUS
  
          R0002: HTTP status mismatch
          Documentation: https://docs.specmatic.io/rules#r0002
          Summary: The HTTP status code does not match the expected status code defined in the specification
  
          Specification expected status 200 but response contained status 500

  "Scenario: POST /api/transactions -> 201 with a request where REQUEST.BODY contains all the keys AND the key amount is set to a value within the specified bounds AND type is set to 'income' from enum FAILED"
        Reason:
    Testing scenario "Add a new transaction. Response: Transaction created successfully"
    API: POST /api/transactions -> 201
  
      >> RESPONSE.BODY.transaction.__v
  
          R2003: Unknown property
          Documentation: https://docs.specmatic.io/rules#r2003
          Summary: A property was found that is not defined in the specification
  
          Property "__v" in the response was not in the specification

  "Scenario: POST /api/transactions -> 201 with a request where REQUEST.BODY contains all the keys AND the key description is set to the longest possible string AND notes is set to the longest possible string AND amount is set to the smallest possible value '0.01' AND type is set to 'expense' from enum AND category is set to the shortest possible string FAILED"
        Reason:
    Testing scenario "Add a new transaction. Response: Transaction created successfully"
    API: POST /api/transactions -> 201
  
      >> RESPONSE.BODY.transaction.__v
  
          R2003: Unknown property
          Documentation: https://docs.specmatic.io/rules#r2003
          Summary: A property was found that is not defined in the specification
  
          Property "__v" in the response was not in the specification

  "Scenario: POST /api/transactions -> 201 with a request where REQUEST.BODY contains all the keys AND the key amount is set to a value within the specified bounds AND type is set to 'income' from enum AND category is set to the shortest possible string FAILED"
        Reason:
    Testing scenario "Add a new transaction. Response: Transaction created successfully"
    API: POST /api/transactions -> 201
  
      >> RESPONSE.BODY.transaction.__v
  
          R2003: Unknown property
          Documentation: https://docs.specmatic.io/rules#r2003
          Summary: A property was found that is not defined in the specification
  
          Property "__v" in the response was not in the specification

  "Scenario: POST /api/transactions -> 201 with a request where REQUEST.BODY contains all the keys AND the key amount is set to a value within the specified bounds AND type is set to 'expense' from enum FAILED"
        Reason:
    Testing scenario "Add a new transaction. Response: Transaction created successfully"
    API: POST /api/transactions -> 201
  
      >> RESPONSE.BODY.transaction.__v
  
          R2003: Unknown property
          Documentation: https://docs.specmatic.io/rules#r2003
          Summary: A property was found that is not defined in the specification
  
          Property "__v" in the response was not in the specification

  "Scenario: POST /api/transactions -> 201 with a request where REQUEST.BODY contains all the keys AND the key amount is set to a value within the specified bounds AND type is set to 'expense' from enum AND category is set to the shortest possible string FAILED"
        Reason:
    Testing scenario "Add a new transaction. Response: Transaction created successfully"
    API: POST /api/transactions -> 201
  
      >> RESPONSE.BODY.transaction.__v
  
          R2003: Unknown property
          Documentation: https://docs.specmatic.io/rules#r2003
          Summary: A property was found that is not defined in the specification
  
          Property "__v" in the response was not in the specification

  "Scenario: POST /api/transactions -> 201 with a request where REQUEST.BODY contains all the keys AND the key amount is set to the smallest possible value '0.01' AND type is set to 'income' from enum FAILED"
        Reason:
    Testing scenario "Add a new transaction. Response: Transaction created successfully"
    API: POST /api/transactions -> 201
  
      >> RESPONSE.BODY.transaction.__v
  
          R2003: Unknown property
          Documentation: https://docs.specmatic.io/rules#r2003
          Summary: A property was found that is not defined in the specification
  
          Property "__v" in the response was not in the specification

  "Scenario: POST /api/transactions -> 201 with a request where REQUEST.BODY contains all the keys AND the key amount is set to the smallest possible value '0.01' AND type is set to 'income' from enum AND category is set to the shortest possible string FAILED"
        Reason:
    Testing scenario "Add a new transaction. Response: Transaction created successfully"
    API: POST /api/transactions -> 201
  
      >> RESPONSE.BODY.transaction.__v
  
          R2003: Unknown property
          Documentation: https://docs.specmatic.io/rules#r2003
          Summary: A property was found that is not defined in the specification
  
          Property "__v" in the response was not in the specification

  "Scenario: POST /api/transactions -> 201 with a request where REQUEST.BODY contains all the keys AND the key amount is set to the smallest possible value '0.01' AND type is set to 'expense' from enum FAILED"
        Reason:
    Testing scenario "Add a new transaction. Response: Transaction created successfully"
    API: POST /api/transactions -> 201
  
      >> RESPONSE.BODY.transaction.__v
  
          R2003: Unknown property
          Documentation: https://docs.specmatic.io/rules#r2003
          Summary: A property was found that is not defined in the specification
  
          Property "__v" in the response was not in the specification

  "Scenario: POST /api/transactions -> 201 with a request where REQUEST.BODY contains all the keys AND the key amount is set to the smallest possible value '0.01' AND type is set to 'expense' from enum AND category is set to the shortest possible string FAILED"
        Reason:
    Testing scenario "Add a new transaction. Response: Transaction created successfully"
    API: POST /api/transactions -> 201
  
      >> RESPONSE.BODY.transaction.__v
  
          R2003: Unknown property
          Documentation: https://docs.specmatic.io/rules#r2003
          Summary: A property was found that is not defined in the specification
  
          Property "__v" in the response was not in the specification

  "Scenario: POST /api/transactions -> 201 with a request where REQUEST.BODY contains all the keys AND the key notes is set to the longest possible string AND amount is set to a value within the specified bounds AND type is set to 'income' from enum FAILED"
        Reason:
    Testing scenario "Add a new transaction. Response: Transaction created successfully"
    API: POST /api/transactions -> 201
  
      >> RESPONSE.BODY.transaction.__v
  
          R2003: Unknown property
          Documentation: https://docs.specmatic.io/rules#r2003
          Summary: A property was found that is not defined in the specification
  
          Property "__v" in the response was not in the specification

  "Scenario: POST /api/transactions -> 201 with a request where REQUEST.BODY contains all the keys AND the key notes is set to the longest possible string AND amount is set to a value within the specified bounds AND type is set to 'income' from enum AND category is set to the shortest possible string FAILED"
        Reason:
    Testing scenario "Add a new transaction. Response: Transaction created successfully"
    API: POST /api/transactions -> 201
  
      >> RESPONSE.BODY.transaction.__v
  
          R2003: Unknown property
          Documentation: https://docs.specmatic.io/rules#r2003
          Summary: A property was found that is not defined in the specification
  
          Property "__v" in the response was not in the specification

  "Scenario: POST /api/transactions -> 201 with a request where REQUEST.BODY contains all the keys AND the key notes is set to the longest possible string AND amount is set to a value within the specified bounds AND type is set to 'expense' from enum FAILED"
        Reason:
    Testing scenario "Add a new transaction. Response: Transaction created successfully"
    API: POST /api/transactions -> 201
  
      >> RESPONSE.BODY.transaction.__v
  
          R2003: Unknown property
          Documentation: https://docs.specmatic.io/rules#r2003
          Summary: A property was found that is not defined in the specification
  
          Property "__v" in the response was not in the specification

  "Scenario: POST /api/transactions -> 201 with a request where REQUEST.BODY contains all the keys AND the key notes is set to the longest possible string AND amount is set to a value within the specified bounds AND type is set to 'expense' from enum AND category is set to the shortest possible string FAILED"
        Reason:
    Testing scenario "Add a new transaction. Response: Transaction created successfully"
    API: POST /api/transactions -> 201
  
      >> RESPONSE.BODY.transaction.__v
  
          R2003: Unknown property
          Documentation: https://docs.specmatic.io/rules#r2003
          Summary: A property was found that is not defined in the specification
  
          Property "__v" in the response was not in the specification

  "Scenario: POST /api/transactions -> 201 with a request where REQUEST.BODY contains all the keys AND the key notes is set to the longest possible string AND amount is set to the smallest possible value '0.01' AND type is set to 'income' from enum FAILED"
        Reason:
    Testing scenario "Add a new transaction. Response: Transaction created successfully"
    API: POST /api/transactions -> 201
  
      >> RESPONSE.BODY.transaction.__v
  
          R2003: Unknown property
          Documentation: https://docs.specmatic.io/rules#r2003
          Summary: A property was found that is not defined in the specification
  
          Property "__v" in the response was not in the specification

  "Scenario: POST /api/transactions -> 201 with a request where REQUEST.BODY contains all the keys AND the key notes is set to the longest possible string AND amount is set to the smallest possible value '0.01' AND type is set to 'income' from enum AND category is set to the shortest possible string FAILED"
        Reason:
    Testing scenario "Add a new transaction. Response: Transaction created successfully"
    API: POST /api/transactions -> 201
  
      >> RESPONSE.BODY.transaction.__v
  
          R2003: Unknown property
          Documentation: https://docs.specmatic.io/rules#r2003
          Summary: A property was found that is not defined in the specification
  
          Property "__v" in the response was not in the specification

  "Scenario: POST /api/transactions -> 201 with a request where REQUEST.BODY contains all the keys AND the key notes is set to the longest possible string AND amount is set to the smallest possible value '0.01' AND type is set to 'expense' from enum FAILED"
        Reason:
    Testing scenario "Add a new transaction. Response: Transaction created successfully"
    API: POST /api/transactions -> 201
  
      >> RESPONSE.BODY.transaction.__v
  
          R2003: Unknown property
          Documentation: https://docs.specmatic.io/rules#r2003
          Summary: A property was found that is not defined in the specification
  
          Property "__v" in the response was not in the specification

  "Scenario: POST /api/transactions -> 201 with a request where REQUEST.BODY contains all the keys AND the key notes is set to the longest possible string AND amount is set to the smallest possible value '0.01' AND type is set to 'expense' from enum AND category is set to the shortest possible string FAILED"
        Reason:
    Testing scenario "Add a new transaction. Response: Transaction created successfully"
    API: POST /api/transactions -> 201
  
      >> RESPONSE.BODY.transaction.__v
  
          R2003: Unknown property
          Documentation: https://docs.specmatic.io/rules#r2003
          Summary: A property was found that is not defined in the specification
  
          Property "__v" in the response was not in the specification

  "Scenario: POST /api/transactions -> 201 with a request where REQUEST.BODY contains all the keys AND the key description is set to the longest possible string AND amount is set to a value within the specified bounds AND type is set to 'income' from enum FAILED"
        Reason:
    Testing scenario "Add a new transaction. Response: Transaction created successfully"
    API: POST /api/transactions -> 201
  
      >> RESPONSE.BODY.transaction.__v
  
          R2003: Unknown property
          Documentation: https://docs.specmatic.io/rules#r2003
          Summary: A property was found that is not defined in the specification
  
          Property "__v" in the response was not in the specification

  "Scenario: POST /api/transactions -> 201 with a request where REQUEST.BODY contains all the keys AND the key description is set to the longest possible string AND amount is set to a value within the specified bounds AND type is set to 'income' from enum AND category is set to the shortest possible string FAILED"
        Reason:
    Testing scenario "Add a new transaction. Response: Transaction created successfully"
    API: POST /api/transactions -> 201
  
      >> RESPONSE.BODY.transaction.__v
  
          R2003: Unknown property
          Documentation: https://docs.specmatic.io/rules#r2003
          Summary: A property was found that is not defined in the specification
  
          Property "__v" in the response was not in the specification

  "Scenario: POST /api/transactions -> 201 with a request where REQUEST.BODY contains all the keys AND the key description is set to the longest possible string AND amount is set to a value within the specified bounds AND type is set to 'expense' from enum FAILED"
        Reason:
    Testing scenario "Add a new transaction. Response: Transaction created successfully"
    API: POST /api/transactions -> 201
  
      >> RESPONSE.BODY.transaction.__v
  
          R2003: Unknown property
          Documentation: https://docs.specmatic.io/rules#r2003
          Summary: A property was found that is not defined in the specification
  
          Property "__v" in the response was not in the specification

  "Scenario: POST /api/transactions -> 201 with a request where REQUEST.BODY contains all the keys AND the key description is set to the longest possible string AND amount is set to a value within the specified bounds AND type is set to 'expense' from enum AND category is set to the shortest possible string FAILED"
        Reason:
    Testing scenario "Add a new transaction. Response: Transaction created successfully"
    API: POST /api/transactions -> 201
  
      >> RESPONSE.BODY.transaction.__v
  
          R2003: Unknown property
          Documentation: https://docs.specmatic.io/rules#r2003
          Summary: A property was found that is not defined in the specification
  
          Property "__v" in the response was not in the specification

  "Scenario: POST /api/transactions -> 201 with a request where REQUEST.BODY contains all the keys AND the key description is set to the longest possible string AND amount is set to the smallest possible value '0.01' AND type is set to 'income' from enum FAILED"
        Reason:
    Testing scenario "Add a new transaction. Response: Transaction created successfully"
    API: POST /api/transactions -> 201
  
      >> RESPONSE.BODY.transaction.__v
  
          R2003: Unknown property
          Documentation: https://docs.specmatic.io/rules#r2003
          Summary: A property was found that is not defined in the specification
  
          Property "__v" in the response was not in the specification

  "Scenario: POST /api/transactions -> 201 with a request where REQUEST.BODY contains all the keys AND the key description is set to the longest possible string AND amount is set to the smallest possible value '0.01' AND type is set to 'income' from enum AND category is set to the shortest possible string FAILED"
        Reason:
    Testing scenario "Add a new transaction. Response: Transaction created successfully"
    API: POST /api/transactions -> 201
  
      >> RESPONSE.BODY.transaction.__v
  
          R2003: Unknown property
          Documentation: https://docs.specmatic.io/rules#r2003
          Summary: A property was found that is not defined in the specification
  
          Property "__v" in the response was not in the specification

  "Scenario: POST /api/transactions -> 201 with a request where REQUEST.BODY contains all the keys AND the key description is set to the longest possible string AND amount is set to the smallest possible value '0.01' AND type is set to 'expense' from enum FAILED"
        Reason:
    Testing scenario "Add a new transaction. Response: Transaction created successfully"
    API: POST /api/transactions -> 201
  
      >> RESPONSE.BODY.transaction.__v
  
          R2003: Unknown property
          Documentation: https://docs.specmatic.io/rules#r2003
          Summary: A property was found that is not defined in the specification
  
          Property "__v" in the response was not in the specification

  "Scenario: POST /api/transactions -> 201 with a request where REQUEST.BODY contains all the keys AND the key description is set to the longest possible string AND amount is set to the smallest possible value '0.01' AND type is set to 'expense' from enum AND category is set to the shortest possible string FAILED"
        Reason:
    Testing scenario "Add a new transaction. Response: Transaction created successfully"
    API: POST /api/transactions -> 201
  
      >> RESPONSE.BODY.transaction.__v
  
          R2003: Unknown property
          Documentation: https://docs.specmatic.io/rules#r2003
          Summary: A property was found that is not defined in the specification
  
          Property "__v" in the response was not in the specification

  "Scenario: POST /api/transactions -> 201 with a request where REQUEST.BODY contains all the keys AND the key description is set to the longest possible string AND notes is set to the longest possible string AND amount is set to a value within the specified bounds AND type is set to 'income' from enum FAILED"
        Reason:
    Testing scenario "Add a new transaction. Response: Transaction created successfully"
    API: POST /api/transactions -> 201
  
      >> RESPONSE.BODY.transaction.__v
  
          R2003: Unknown property
          Documentation: https://docs.specmatic.io/rules#r2003
          Summary: A property was found that is not defined in the specification
  
          Property "__v" in the response was not in the specification

  "Scenario: POST /api/transactions -> 201 with a request where REQUEST.BODY contains all the keys AND the key description is set to the longest possible string AND notes is set to the longest possible string AND amount is set to a value within the specified bounds AND type is set to 'income' from enum AND category is set to the shortest possible string FAILED"
        Reason:
    Testing scenario "Add a new transaction. Response: Transaction created successfully"
    API: POST /api/transactions -> 201
  
      >> RESPONSE.BODY.transaction.__v
  
          R2003: Unknown property
          Documentation: https://docs.specmatic.io/rules#r2003
          Summary: A property was found that is not defined in the specification
  
          Property "__v" in the response was not in the specification

  "Scenario: POST /api/transactions -> 201 with a request where REQUEST.BODY contains all the keys AND the key description is set to the longest possible string AND notes is set to the longest possible string AND amount is set to a value within the specified bounds AND type is set to 'expense' from enum FAILED"
        Reason:
    Testing scenario "Add a new transaction. Response: Transaction created successfully"
    API: POST /api/transactions -> 201
  
      >> RESPONSE.BODY.transaction.__v
  
          R2003: Unknown property
          Documentation: https://docs.specmatic.io/rules#r2003
          Summary: A property was found that is not defined in the specification
  
          Property "__v" in the response was not in the specification

  "Scenario: POST /api/transactions -> 201 with a request where REQUEST.BODY contains all the keys AND the key description is set to the longest possible string AND notes is set to the longest possible string AND amount is set to a value within the specified bounds AND type is set to 'expense' from enum AND category is set to the shortest possible string FAILED"
        Reason:
    Testing scenario "Add a new transaction. Response: Transaction created successfully"
    API: POST /api/transactions -> 201
  
      >> RESPONSE.BODY.transaction.__v
  
          R2003: Unknown property
          Documentation: https://docs.specmatic.io/rules#r2003
          Summary: A property was found that is not defined in the specification
  
          Property "__v" in the response was not in the specification

  "Scenario: POST /api/transactions -> 201 with a request where REQUEST.BODY contains all the keys AND the key description is set to the longest possible string AND notes is set to the longest possible string AND amount is set to the smallest possible value '0.01' AND type is set to 'income' from enum FAILED"
        Reason:
    Testing scenario "Add a new transaction. Response: Transaction created successfully"
    API: POST /api/transactions -> 201
  
      >> RESPONSE.BODY.transaction.__v
  
          R2003: Unknown property
          Documentation: https://docs.specmatic.io/rules#r2003
          Summary: A property was found that is not defined in the specification
  
          Property "__v" in the response was not in the specification

  "Scenario: POST /api/transactions -> 201 with a request where REQUEST.BODY contains all the keys AND the key description is set to the longest possible string AND notes is set to the longest possible string AND amount is set to the smallest possible value '0.01' AND type is set to 'income' from enum AND category is set to the shortest possible string FAILED"
        Reason:
    Testing scenario "Add a new transaction. Response: Transaction created successfully"
    API: POST /api/transactions -> 201
  
      >> RESPONSE.BODY.transaction.__v
  
          R2003: Unknown property
          Documentation: https://docs.specmatic.io/rules#r2003
          Summary: A property was found that is not defined in the specification
  
          Property "__v" in the response was not in the specification

  "Scenario: POST /api/transactions -> 201 with a request where REQUEST.BODY contains all the keys AND the key description is set to the longest possible string AND notes is set to the longest possible string AND amount is set to the smallest possible value '0.01' AND type is set to 'expense' from enum FAILED"
        Reason:
    Testing scenario "Add a new transaction. Response: Transaction created successfully"
    API: POST /api/transactions -> 201
  
      >> RESPONSE.BODY.transaction.__v
  
          R2003: Unknown property
          Documentation: https://docs.specmatic.io/rules#r2003
          Summary: A property was found that is not defined in the specification
  
          Property "__v" in the response was not in the specification

  "Scenario: POST /api/transactions -> 201 with a request where REQUEST.BODY contains all the keys AND the key description is set to the longest possible string AND notes is set to the longest possible string AND amount is set to the smallest possible value '0.01' AND type is set to 'expense' from enum AND category is set to the shortest possible string FAILED"
        Reason:
    Testing scenario "Add a new transaction. Response: Transaction created successfully"
    API: POST /api/transactions -> 201
  
      >> RESPONSE.BODY.transaction.__v
  
          R2003: Unknown property
          Documentation: https://docs.specmatic.io/rules#r2003
          Summary: A property was found that is not defined in the specification
  
          Property "__v" in the response was not in the specification

  "Scenario: POST /api/transactions -> 201 with a request where REQUEST.BODY contains only the mandatory keys AND the key amount is set to a value within the specified bounds AND type is set to 'income' from enum FAILED"
        Reason:
    Testing scenario "Add a new transaction. Response: Transaction created successfully"
    API: POST /api/transactions -> 201
  
      >> RESPONSE.BODY.transaction.__v
  
          R2003: Unknown property
          Documentation: https://docs.specmatic.io/rules#r2003
          Summary: A property was found that is not defined in the specification
  
          Property "__v" in the response was not in the specification

  "Scenario: POST /api/transactions -> 201 with a request where REQUEST.BODY contains only the mandatory keys AND the key amount is set to the smallest possible value '0.01' AND type is set to 'expense' from enum AND category is set to the shortest possible string FAILED"
        Reason:
    Testing scenario "Add a new transaction. Response: Transaction created successfully"
    API: POST /api/transactions -> 201
  
      >> RESPONSE.BODY.transaction.__v
  
          R2003: Unknown property
          Documentation: https://docs.specmatic.io/rules#r2003
          Summary: A property was found that is not defined in the specification
  
          Property "__v" in the response was not in the specification

  "Scenario: POST /api/transactions -> 201 with a request where REQUEST.BODY contains only the mandatory keys AND the key amount is set to a value within the specified bounds AND type is set to 'income' from enum AND category is set to the shortest possible string FAILED"
        Reason:
    Testing scenario "Add a new transaction. Response: Transaction created successfully"
    API: POST /api/transactions -> 201
  
      >> RESPONSE.BODY.transaction.__v
  
          R2003: Unknown property
          Documentation: https://docs.specmatic.io/rules#r2003
          Summary: A property was found that is not defined in the specification
  
          Property "__v" in the response was not in the specification

  "Scenario: POST /api/transactions -> 201 with a request where REQUEST.BODY contains only the mandatory keys AND the key amount is set to a value within the specified bounds AND type is set to 'expense' from enum FAILED"
        Reason:
    Testing scenario "Add a new transaction. Response: Transaction created successfully"
    API: POST /api/transactions -> 201
  
      >> RESPONSE.BODY.transaction.__v
  
          R2003: Unknown property
          Documentation: https://docs.specmatic.io/rules#r2003
          Summary: A property was found that is not defined in the specification
  
          Property "__v" in the response was not in the specification

  "Scenario: POST /api/transactions -> 201 with a request where REQUEST.BODY contains only the mandatory keys AND the key amount is set to a value within the specified bounds AND type is set to 'expense' from enum AND category is set to the shortest possible string FAILED"
        Reason:
    Testing scenario "Add a new transaction. Response: Transaction created successfully"
    API: POST /api/transactions -> 201
  
      >> RESPONSE.BODY.transaction.__v
  
          R2003: Unknown property
          Documentation: https://docs.specmatic.io/rules#r2003
          Summary: A property was found that is not defined in the specification
  
          Property "__v" in the response was not in the specification

  "Scenario: POST /api/transactions -> 201 with a request where REQUEST.BODY contains only the mandatory keys AND the key amount is set to the smallest possible value '0.01' AND type is set to 'income' from enum FAILED"
        Reason:
    Testing scenario "Add a new transaction. Response: Transaction created successfully"
    API: POST /api/transactions -> 201
  
      >> RESPONSE.BODY.transaction.__v
  
          R2003: Unknown property
          Documentation: https://docs.specmatic.io/rules#r2003
          Summary: A property was found that is not defined in the specification
  
          Property "__v" in the response was not in the specification

  "Scenario: POST /api/transactions -> 201 with a request where REQUEST.BODY contains only the mandatory keys AND the key amount is set to the smallest possible value '0.01' AND type is set to 'income' from enum AND category is set to the shortest possible string FAILED"
        Reason:
    Testing scenario "Add a new transaction. Response: Transaction created successfully"
    API: POST /api/transactions -> 201
  
      >> RESPONSE.BODY.transaction.__v
  
          R2003: Unknown property
          Documentation: https://docs.specmatic.io/rules#r2003
          Summary: A property was found that is not defined in the specification
  
          Property "__v" in the response was not in the specification

  "Scenario: POST /api/transactions -> 201 with a request where REQUEST.BODY contains only the mandatory keys AND the key amount is set to the smallest possible value '0.01' AND type is set to 'expense' from enum FAILED"
        Reason:
    Testing scenario "Add a new transaction. Response: Transaction created successfully"
    API: POST /api/transactions -> 201
  
      >> RESPONSE.BODY.transaction.__v
  
          R2003: Unknown property
          Documentation: https://docs.specmatic.io/rules#r2003
          Summary: A property was found that is not defined in the specification
  
          Property "__v" in the response was not in the specification

  "Scenario: POST /api/transactions -> 201 with a request where REQUEST.BODY contains only the mandatory keys AND the key amount is set to the smallest possible value '0.01' AND type is set to 'expense' from enum AND category is set to the shortest possible string FAILED"
        Reason:
    Testing scenario "Add a new transaction. Response: Transaction created successfully"
    API: POST /api/transactions -> 201
  
      >> RESPONSE.BODY.transaction.__v
  
          R2003: Unknown property
          Documentation: https://docs.specmatic.io/rules#r2003
          Summary: A property was found that is not defined in the specification
  
          Property "__v" in the response was not in the specification

  "Scenario: GET /api/transactions -> 200 with the request from the example 'test_get_transactions_200' FAILED"
        Reason:
    Testing scenario "Get user transactions. Response: Transactions retrieved successfully"
    API: GET /api/transactions -> 200
  
      >> RESPONSE.BODY.transactions
  
          R2001: Missing required property
          Documentation: https://docs.specmatic.io/rules#r2001
          Summary: A required property defined in the specification is missing
  
          Specification expected mandatory property "transactions" to be present but was missing from the response
  
      >> RESPONSE.BODY.data
  
          R2003: Unknown property
          Documentation: https://docs.specmatic.io/rules#r2003
          Summary: A property was found that is not defined in the specification
  
          Property "data" in the response was not in the specification
  
      >> RESPONSE.BODY.page
  
          R2003: Unknown property
          Documentation: https://docs.specmatic.io/rules#r2003
          Summary: A property was found that is not defined in the specification
  
          Property "page" in the response was not in the specification
  
      >> RESPONSE.BODY.limit
  
          R2003: Unknown property
          Documentation: https://docs.specmatic.io/rules#r2003
          Summary: A property was found that is not defined in the specification
  
          Property "limit" in the response was not in the specification
  
      >> RESPONSE.BODY.total
  
          R2003: Unknown property
          Documentation: https://docs.specmatic.io/rules#r2003
          Summary: A property was found that is not defined in the specification
  
          Property "total" in the response was not in the specification
  
      >> RESPONSE.BODY.totalPages
  
          R2003: Unknown property
          Documentation: https://docs.specmatic.io/rules#r2003
          Summary: A property was found that is not defined in the specification
  
          Property "totalPages" in the response was not in the specification

  "Scenario: GET /api/transactions/summary -> 200 FAILED"
        Reason:
    Testing scenario "Get transaction summary. Response: Transaction summary retrieved successfully"
    API: GET /api/transactions/summary -> 200
  
      >> RESPONSE.BODY.totalIncome
  
          R2003: Unknown property
          Documentation: https://docs.specmatic.io/rules#r2003
          Summary: A property was found that is not defined in the specification
  
          Property "totalIncome" in the response was not in the specification
  
      >> RESPONSE.BODY.totalExpenses
  
          R2003: Unknown property
          Documentation: https://docs.specmatic.io/rules#r2003
          Summary: A property was found that is not defined in the specification
  
          Property "totalExpenses" in the response was not in the specification
  
      >> RESPONSE.BODY.netBalance
  
          R2003: Unknown property
          Documentation: https://docs.specmatic.io/rules#r2003
          Summary: A property was found that is not defined in the specification
  
          Property "netBalance" in the response was not in the specification
  
      >> RESPONSE.BODY.categoryTotals
  
          R2003: Unknown property
          Documentation: https://docs.specmatic.io/rules#r2003
          Summary: A property was found that is not defined in the specification
  
          Property "categoryTotals" in the response was not in the specification
  
      >> RESPONSE.BODY.recentActivity
  
          R2003: Unknown property
          Documentation: https://docs.specmatic.io/rules#r2003
          Summary: A property was found that is not defined in the specification
  
          Property "recentActivity" in the response was not in the specification
  
      >> RESPONSE.BODY.monthlyTrends
  
          R2003: Unknown property
          Documentation: https://docs.specmatic.io/rules#r2003
          Summary: A property was found that is not defined in the specification
  
          Property "monthlyTrends" in the response was not in the specification

  "Scenario: PUT /api/transactions/(id:string) -> 200 with a request where REQUEST.BODY contains all the keys AND the key amount is set to a value within the specified bounds AND type is set to 'income' from enum FAILED"
        Reason:
    Testing scenario "Update a transaction. Response: Transaction updated successfully"
    API: PUT /api/transactions/(id:string) -> 200
  
      >> RESPONSE.STATUS
  
          R0002: HTTP status mismatch
          Documentation: https://docs.specmatic.io/rules#r0002
          Summary: The HTTP status code does not match the expected status code defined in the specification
  
          Specification expected status 200 but response contained status 400

  "Scenario: PUT /api/transactions/(id:string) -> 200 with a request where REQUEST.BODY contains all the keys AND the key description is set to the longest possible string AND notes is set to the longest possible string AND amount is set to the smallest possible value '0.01' AND type is set to 'expense' from enum AND category is set to the shortest possible string FAILED"
        Reason:
    Testing scenario "Update a transaction. Response: Transaction updated successfully"
    API: PUT /api/transactions/(id:string) -> 200
  
      >> RESPONSE.STATUS
  
          R0002: HTTP status mismatch
          Documentation: https://docs.specmatic.io/rules#r0002
          Summary: The HTTP status code does not match the expected status code defined in the specification
  
          Specification expected status 200 but response contained status 400

  "Scenario: PUT /api/transactions/(id:string) -> 200 with a request where REQUEST.BODY contains all the keys AND the key amount is set to a value within the specified bounds AND type is set to 'income' from enum AND category is set to the shortest possible string FAILED"
        Reason:
    Testing scenario "Update a transaction. Response: Transaction updated successfully"
    API: PUT /api/transactions/(id:string) -> 200
  
      >> RESPONSE.STATUS
  
          R0002: HTTP status mismatch
          Documentation: https://docs.specmatic.io/rules#r0002
          Summary: The HTTP status code does not match the expected status code defined in the specification
  
          Specification expected status 200 but response contained status 400

  "Scenario: PUT /api/transactions/(id:string) -> 200 with a request where REQUEST.BODY contains all the keys AND the key amount is set to a value within the specified bounds AND type is set to 'expense' from enum FAILED"
        Reason:
    Testing scenario "Update a transaction. Response: Transaction updated successfully"
    API: PUT /api/transactions/(id:string) -> 200
  
      >> RESPONSE.STATUS
  
          R0002: HTTP status mismatch
          Documentation: https://docs.specmatic.io/rules#r0002
          Summary: The HTTP status code does not match the expected status code defined in the specification
  
          Specification expected status 200 but response contained status 400

  "Scenario: PUT /api/transactions/(id:string) -> 200 with a request where REQUEST.BODY contains all the keys AND the key amount is set to a value within the specified bounds AND type is set to 'expense' from enum AND category is set to the shortest possible string FAILED"
        Reason:
    Testing scenario "Update a transaction. Response: Transaction updated successfully"
    API: PUT /api/transactions/(id:string) -> 200
  
      >> RESPONSE.STATUS
  
          R0002: HTTP status mismatch
          Documentation: https://docs.specmatic.io/rules#r0002
          Summary: The HTTP status code does not match the expected status code defined in the specification
  
          Specification expected status 200 but response contained status 400

  "Scenario: PUT /api/transactions/(id:string) -> 200 with a request where REQUEST.BODY contains all the keys AND the key amount is set to the smallest possible value '0.01' AND type is set to 'income' from enum FAILED"
        Reason:
    Testing scenario "Update a transaction. Response: Transaction updated successfully"
    API: PUT /api/transactions/(id:string) -> 200
  
      >> RESPONSE.STATUS
  
          R0002: HTTP status mismatch
          Documentation: https://docs.specmatic.io/rules#r0002
          Summary: The HTTP status code does not match the expected status code defined in the specification
  
          Specification expected status 200 but response contained status 400

  "Scenario: PUT /api/transactions/(id:string) -> 200 with a request where REQUEST.BODY contains all the keys AND the key amount is set to the smallest possible value '0.01' AND type is set to 'income' from enum AND category is set to the shortest possible string FAILED"
        Reason:
    Testing scenario "Update a transaction. Response: Transaction updated successfully"
    API: PUT /api/transactions/(id:string) -> 200
  
      >> RESPONSE.STATUS
  
          R0002: HTTP status mismatch
          Documentation: https://docs.specmatic.io/rules#r0002
          Summary: The HTTP status code does not match the expected status code defined in the specification
  
          Specification expected status 200 but response contained status 400

  "Scenario: PUT /api/transactions/(id:string) -> 200 with a request where REQUEST.BODY contains all the keys AND the key amount is set to the smallest possible value '0.01' AND type is set to 'expense' from enum FAILED"
        Reason:
    Testing scenario "Update a transaction. Response: Transaction updated successfully"
    API: PUT /api/transactions/(id:string) -> 200
  
      >> RESPONSE.STATUS
  
          R0002: HTTP status mismatch
          Documentation: https://docs.specmatic.io/rules#r0002
          Summary: The HTTP status code does not match the expected status code defined in the specification
  
          Specification expected status 200 but response contained status 400

  "Scenario: PUT /api/transactions/(id:string) -> 200 with a request where REQUEST.BODY contains all the keys AND the key amount is set to the smallest possible value '0.01' AND type is set to 'expense' from enum AND category is set to the shortest possible string FAILED"
        Reason:
    Testing scenario "Update a transaction. Response: Transaction updated successfully"
    API: PUT /api/transactions/(id:string) -> 200
  
      >> RESPONSE.STATUS
  
          R0002: HTTP status mismatch
          Documentation: https://docs.specmatic.io/rules#r0002
          Summary: The HTTP status code does not match the expected status code defined in the specification
  
          Specification expected status 200 but response contained status 400

  "Scenario: PUT /api/transactions/(id:string) -> 200 with a request where REQUEST.BODY contains all the keys AND the key notes is set to the longest possible string AND amount is set to a value within the specified bounds AND type is set to 'income' from enum FAILED"
        Reason:
    Testing scenario "Update a transaction. Response: Transaction updated successfully"
    API: PUT /api/transactions/(id:string) -> 200
  
      >> RESPONSE.STATUS
  
          R0002: HTTP status mismatch
          Documentation: https://docs.specmatic.io/rules#r0002
          Summary: The HTTP status code does not match the expected status code defined in the specification
  
          Specification expected status 200 but response contained status 400

  "Scenario: PUT /api/transactions/(id:string) -> 200 with a request where REQUEST.BODY contains all the keys AND the key notes is set to the longest possible string AND amount is set to a value within the specified bounds AND type is set to 'income' from enum AND category is set to the shortest possible string FAILED"
        Reason:
    Testing scenario "Update a transaction. Response: Transaction updated successfully"
    API: PUT /api/transactions/(id:string) -> 200
  
      >> RESPONSE.STATUS
  
          R0002: HTTP status mismatch
          Documentation: https://docs.specmatic.io/rules#r0002
          Summary: The HTTP status code does not match the expected status code defined in the specification
  
          Specification expected status 200 but response contained status 400

  "Scenario: PUT /api/transactions/(id:string) -> 200 with a request where REQUEST.BODY contains all the keys AND the key notes is set to the longest possible string AND amount is set to a value within the specified bounds AND type is set to 'expense' from enum FAILED"
        Reason:
    Testing scenario "Update a transaction. Response: Transaction updated successfully"
    API: PUT /api/transactions/(id:string) -> 200
  
      >> RESPONSE.STATUS
  
          R0002: HTTP status mismatch
          Documentation: https://docs.specmatic.io/rules#r0002
          Summary: The HTTP status code does not match the expected status code defined in the specification
  
          Specification expected status 200 but response contained status 400

  "Scenario: PUT /api/transactions/(id:string) -> 200 with a request where REQUEST.BODY contains all the keys AND the key notes is set to the longest possible string AND amount is set to a value within the specified bounds AND type is set to 'expense' from enum AND category is set to the shortest possible string FAILED"
        Reason:
    Testing scenario "Update a transaction. Response: Transaction updated successfully"
    API: PUT /api/transactions/(id:string) -> 200
  
      >> RESPONSE.STATUS
  
          R0002: HTTP status mismatch
          Documentation: https://docs.specmatic.io/rules#r0002
          Summary: The HTTP status code does not match the expected status code defined in the specification
  
          Specification expected status 200 but response contained status 400

  "Scenario: PUT /api/transactions/(id:string) -> 200 with a request where REQUEST.BODY contains all the keys AND the key notes is set to the longest possible string AND amount is set to the smallest possible value '0.01' AND type is set to 'income' from enum FAILED"
        Reason:
    Testing scenario "Update a transaction. Response: Transaction updated successfully"
    API: PUT /api/transactions/(id:string) -> 200
  
      >> RESPONSE.STATUS
  
          R0002: HTTP status mismatch
          Documentation: https://docs.specmatic.io/rules#r0002
          Summary: The HTTP status code does not match the expected status code defined in the specification
  
          Specification expected status 200 but response contained status 400

  "Scenario: PUT /api/transactions/(id:string) -> 200 with a request where REQUEST.BODY contains all the keys AND the key notes is set to the longest possible string AND amount is set to the smallest possible value '0.01' AND type is set to 'income' from enum AND category is set to the shortest possible string FAILED"
        Reason:
    Testing scenario "Update a transaction. Response: Transaction updated successfully"
    API: PUT /api/transactions/(id:string) -> 200
  
      >> RESPONSE.STATUS
  
          R0002: HTTP status mismatch
          Documentation: https://docs.specmatic.io/rules#r0002
          Summary: The HTTP status code does not match the expected status code defined in the specification
  
          Specification expected status 200 but response contained status 400

  "Scenario: PUT /api/transactions/(id:string) -> 200 with a request where REQUEST.BODY contains all the keys AND the key notes is set to the longest possible string AND amount is set to the smallest possible value '0.01' AND type is set to 'expense' from enum FAILED"
        Reason:
    Testing scenario "Update a transaction. Response: Transaction updated successfully"
    API: PUT /api/transactions/(id:string) -> 200
  
      >> RESPONSE.STATUS
  
          R0002: HTTP status mismatch
          Documentation: https://docs.specmatic.io/rules#r0002
          Summary: The HTTP status code does not match the expected status code defined in the specification
  
          Specification expected status 200 but response contained status 400

  "Scenario: PUT /api/transactions/(id:string) -> 200 with a request where REQUEST.BODY contains all the keys AND the key notes is set to the longest possible string AND amount is set to the smallest possible value '0.01' AND type is set to 'expense' from enum AND category is set to the shortest possible string FAILED"
        Reason:
    Testing scenario "Update a transaction. Response: Transaction updated successfully"
    API: PUT /api/transactions/(id:string) -> 200
  
      >> RESPONSE.STATUS
  
          R0002: HTTP status mismatch
          Documentation: https://docs.specmatic.io/rules#r0002
          Summary: The HTTP status code does not match the expected status code defined in the specification
  
          Specification expected status 200 but response contained status 400

  "Scenario: PUT /api/transactions/(id:string) -> 200 with a request where REQUEST.BODY contains all the keys AND the key description is set to the longest possible string AND amount is set to a value within the specified bounds AND type is set to 'income' from enum FAILED"
        Reason:
    Testing scenario "Update a transaction. Response: Transaction updated successfully"
    API: PUT /api/transactions/(id:string) -> 200
  
      >> RESPONSE.STATUS
  
          R0002: HTTP status mismatch
          Documentation: https://docs.specmatic.io/rules#r0002
          Summary: The HTTP status code does not match the expected status code defined in the specification
  
          Specification expected status 200 but response contained status 400

  "Scenario: PUT /api/transactions/(id:string) -> 200 with a request where REQUEST.BODY contains all the keys AND the key description is set to the longest possible string AND amount is set to a value within the specified bounds AND type is set to 'income' from enum AND category is set to the shortest possible string FAILED"
        Reason:
    Testing scenario "Update a transaction. Response: Transaction updated successfully"
    API: PUT /api/transactions/(id:string) -> 200
  
      >> RESPONSE.STATUS
  
          R0002: HTTP status mismatch
          Documentation: https://docs.specmatic.io/rules#r0002
          Summary: The HTTP status code does not match the expected status code defined in the specification
  
          Specification expected status 200 but response contained status 400

  "Scenario: PUT /api/transactions/(id:string) -> 200 with a request where REQUEST.BODY contains all the keys AND the key description is set to the longest possible string AND amount is set to a value within the specified bounds AND type is set to 'expense' from enum FAILED"
        Reason:
    Testing scenario "Update a transaction. Response: Transaction updated successfully"
    API: PUT /api/transactions/(id:string) -> 200
  
      >> RESPONSE.STATUS
  
          R0002: HTTP status mismatch
          Documentation: https://docs.specmatic.io/rules#r0002
          Summary: The HTTP status code does not match the expected status code defined in the specification
  
          Specification expected status 200 but response contained status 400

  "Scenario: PUT /api/transactions/(id:string) -> 200 with a request where REQUEST.BODY contains all the keys AND the key description is set to the longest possible string AND amount is set to a value within the specified bounds AND type is set to 'expense' from enum AND category is set to the shortest possible string FAILED"
        Reason:
    Testing scenario "Update a transaction. Response: Transaction updated successfully"
    API: PUT /api/transactions/(id:string) -> 200
  
      >> RESPONSE.STATUS
  
          R0002: HTTP status mismatch
          Documentation: https://docs.specmatic.io/rules#r0002
          Summary: The HTTP status code does not match the expected status code defined in the specification
  
          Specification expected status 200 but response contained status 400

  "Scenario: PUT /api/transactions/(id:string) -> 200 with a request where REQUEST.BODY contains all the keys AND the key description is set to the longest possible string AND amount is set to the smallest possible value '0.01' AND type is set to 'income' from enum FAILED"
        Reason:
    Testing scenario "Update a transaction. Response: Transaction updated successfully"
    API: PUT /api/transactions/(id:string) -> 200
  
      >> RESPONSE.STATUS
  
          R0002: HTTP status mismatch
          Documentation: https://docs.specmatic.io/rules#r0002
          Summary: The HTTP status code does not match the expected status code defined in the specification
  
          Specification expected status 200 but response contained status 400

  "Scenario: PUT /api/transactions/(id:string) -> 200 with a request where REQUEST.BODY contains all the keys AND the key description is set to the longest possible string AND amount is set to the smallest possible value '0.01' AND type is set to 'income' from enum AND category is set to the shortest possible string FAILED"
        Reason:
    Testing scenario "Update a transaction. Response: Transaction updated successfully"
    API: PUT /api/transactions/(id:string) -> 200
  
      >> RESPONSE.STATUS
  
          R0002: HTTP status mismatch
          Documentation: https://docs.specmatic.io/rules#r0002
          Summary: The HTTP status code does not match the expected status code defined in the specification
  
          Specification expected status 200 but response contained status 400

  "Scenario: PUT /api/transactions/(id:string) -> 200 with a request where REQUEST.BODY contains all the keys AND the key description is set to the longest possible string AND amount is set to the smallest possible value '0.01' AND type is set to 'expense' from enum FAILED"
        Reason:
    Testing scenario "Update a transaction. Response: Transaction updated successfully"
    API: PUT /api/transactions/(id:string) -> 200
  
      >> RESPONSE.STATUS
  
          R0002: HTTP status mismatch
          Documentation: https://docs.specmatic.io/rules#r0002
          Summary: The HTTP status code does not match the expected status code defined in the specification
  
          Specification expected status 200 but response contained status 400

  "Scenario: PUT /api/transactions/(id:string) -> 200 with a request where REQUEST.BODY contains all the keys AND the key description is set to the longest possible string AND amount is set to the smallest possible value '0.01' AND type is set to 'expense' from enum AND category is set to the shortest possible string FAILED"
        Reason:
    Testing scenario "Update a transaction. Response: Transaction updated successfully"
    API: PUT /api/transactions/(id:string) -> 200
  
      >> RESPONSE.STATUS
  
          R0002: HTTP status mismatch
          Documentation: https://docs.specmatic.io/rules#r0002
          Summary: The HTTP status code does not match the expected status code defined in the specification
  
          Specification expected status 200 but response contained status 400

  "Scenario: PUT /api/transactions/(id:string) -> 200 with a request where REQUEST.BODY contains all the keys AND the key description is set to the longest possible string AND notes is set to the longest possible string AND amount is set to a value within the specified bounds AND type is set to 'income' from enum FAILED"
        Reason:
    Testing scenario "Update a transaction. Response: Transaction updated successfully"
    API: PUT /api/transactions/(id:string) -> 200
  
      >> RESPONSE.STATUS
  
          R0002: HTTP status mismatch
          Documentation: https://docs.specmatic.io/rules#r0002
          Summary: The HTTP status code does not match the expected status code defined in the specification
  
          Specification expected status 200 but response contained status 400

  "Scenario: PUT /api/transactions/(id:string) -> 200 with a request where REQUEST.BODY contains all the keys AND the key description is set to the longest possible string AND notes is set to the longest possible string AND amount is set to a value within the specified bounds AND type is set to 'income' from enum AND category is set to the shortest possible string FAILED"
        Reason:
    Testing scenario "Update a transaction. Response: Transaction updated successfully"
    API: PUT /api/transactions/(id:string) -> 200
  
      >> RESPONSE.STATUS
  
          R0002: HTTP status mismatch
          Documentation: https://docs.specmatic.io/rules#r0002
          Summary: The HTTP status code does not match the expected status code defined in the specification
  
          Specification expected status 200 but response contained status 400

  "Scenario: PUT /api/transactions/(id:string) -> 200 with a request where REQUEST.BODY contains all the keys AND the key description is set to the longest possible string AND notes is set to the longest possible string AND amount is set to a value within the specified bounds AND type is set to 'expense' from enum FAILED"
        Reason:
    Testing scenario "Update a transaction. Response: Transaction updated successfully"
    API: PUT /api/transactions/(id:string) -> 200
  
      >> RESPONSE.STATUS
  
          R0002: HTTP status mismatch
          Documentation: https://docs.specmatic.io/rules#r0002
          Summary: The HTTP status code does not match the expected status code defined in the specification
  
          Specification expected status 200 but response contained status 400

  "Scenario: PUT /api/transactions/(id:string) -> 200 with a request where REQUEST.BODY contains all the keys AND the key description is set to the longest possible string AND notes is set to the longest possible string AND amount is set to a value within the specified bounds AND type is set to 'expense' from enum AND category is set to the shortest possible string FAILED"
        Reason:
    Testing scenario "Update a transaction. Response: Transaction updated successfully"
    API: PUT /api/transactions/(id:string) -> 200
  
      >> RESPONSE.STATUS
  
          R0002: HTTP status mismatch
          Documentation: https://docs.specmatic.io/rules#r0002
          Summary: The HTTP status code does not match the expected status code defined in the specification
  
          Specification expected status 200 but response contained status 400

  "Scenario: PUT /api/transactions/(id:string) -> 200 with a request where REQUEST.BODY contains all the keys AND the key description is set to the longest possible string AND notes is set to the longest possible string AND amount is set to the smallest possible value '0.01' AND type is set to 'income' from enum FAILED"
        Reason:
    Testing scenario "Update a transaction. Response: Transaction updated successfully"
    API: PUT /api/transactions/(id:string) -> 200
  
      >> RESPONSE.STATUS
  
          R0002: HTTP status mismatch
          Documentation: https://docs.specmatic.io/rules#r0002
          Summary: The HTTP status code does not match the expected status code defined in the specification
  
          Specification expected status 200 but response contained status 400

  "Scenario: PUT /api/transactions/(id:string) -> 200 with a request where REQUEST.BODY contains all the keys AND the key description is set to the longest possible string AND notes is set to the longest possible string AND amount is set to the smallest possible value '0.01' AND type is set to 'income' from enum AND category is set to the shortest possible string FAILED"
        Reason:
    Testing scenario "Update a transaction. Response: Transaction updated successfully"
    API: PUT /api/transactions/(id:string) -> 200
  
      >> RESPONSE.STATUS
  
          R0002: HTTP status mismatch
          Documentation: https://docs.specmatic.io/rules#r0002
          Summary: The HTTP status code does not match the expected status code defined in the specification
  
          Specification expected status 200 but response contained status 400

  "Scenario: PUT /api/transactions/(id:string) -> 200 with a request where REQUEST.BODY contains all the keys AND the key description is set to the longest possible string AND notes is set to the longest possible string AND amount is set to the smallest possible value '0.01' AND type is set to 'expense' from enum FAILED"
        Reason:
    Testing scenario "Update a transaction. Response: Transaction updated successfully"
    API: PUT /api/transactions/(id:string) -> 200
  
      >> RESPONSE.STATUS
  
          R0002: HTTP status mismatch
          Documentation: https://docs.specmatic.io/rules#r0002
          Summary: The HTTP status code does not match the expected status code defined in the specification
  
          Specification expected status 200 but response contained status 400

  "Scenario: PUT /api/transactions/(id:string) -> 200 with a request where REQUEST.BODY contains all the keys AND the key description is set to the longest possible string AND notes is set to the longest possible string AND amount is set to the smallest possible value '0.01' AND type is set to 'expense' from enum AND category is set to the shortest possible string FAILED"
        Reason:
    Testing scenario "Update a transaction. Response: Transaction updated successfully"
    API: PUT /api/transactions/(id:string) -> 200
  
      >> RESPONSE.STATUS
  
          R0002: HTTP status mismatch
          Documentation: https://docs.specmatic.io/rules#r0002
          Summary: The HTTP status code does not match the expected status code defined in the specification
  
          Specification expected status 200 but response contained status 400

  "Scenario: PUT /api/transactions/(id:string) -> 200 with a request where REQUEST.BODY contains only the mandatory keys FAILED"
        Reason:
    Testing scenario "Update a transaction. Response: Transaction updated successfully"
    API: PUT /api/transactions/(id:string) -> 200
  
      >> RESPONSE.STATUS
  
          R0002: HTTP status mismatch
          Documentation: https://docs.specmatic.io/rules#r0002
          Summary: The HTTP status code does not match the expected status code defined in the specification
  
          Specification expected status 200 but response contained status 400

  "Scenario: DELETE /api/transactions/(id:string) -> 200 FAILED"
        Reason:
    Testing scenario "Delete a transaction. Response: Transaction deleted successfully"
    API: DELETE /api/transactions/(id:string) -> 200
  
      >> RESPONSE.STATUS
  
          R0002: HTTP status mismatch
          Documentation: https://docs.specmatic.io/rules#r0002
          Summary: The HTTP status code does not match the expected status code defined in the specification
  
          Specification expected status 200 but response contained status 400

Tests run: 135, Successes: 33, Failures: 102, WIP: 0, Errors: 0

Executed at 2026-06-21T05:19:04.566794334

Docker exit status: 1
Copying Specmatic native reports from D:\aI money mentor\aI-money-mentor-v2\specmatic\schema-resiliency\.work\none\build\reports\specmatic
Reports available at: D:\aI money mentor\aI-money-mentor-v2\reports\none


    Directory: D:\aI money mentor\aI-money-mentor-v2\reports\none


Mode                 LastWriteTime         Length Name                                      
----                 -------------         ------ ----                                      
d-----         6/20/2026   7:31 PM                test                                      


    Directory: D:\aI money mentor\aI-money-mentor-v2\reports\none\test


Mode                 LastWriteTime         Length Name                                      
----                 -------------         ------ ----                                      
d-----         6/20/2026   7:31 PM                html                                      


    Directory: D:\aI money mentor\aI-money-mentor-v2\reports\none\test\html


Mode                 LastWriteTime         Length Name                                      
----                 -------------         ------ ----                                      
-a----         6/21/2026  10:49 AM         729222 index.html                                
