Copied AI Money Mentor OpenAPI spec to work directory
Running Contract Tests with schemaResiliencyTests: none
Specmatic image: specmatic/specmatic:latest
Windows detected (OS=Windows_NT). Using host.docker.internal for Docker container access
APP_URL not set, using default: http://host.docker.internal:5000

Docker exit status: 1
Copying Specmatic native reports from D:\aI money mentor\aI-money-mentor\specmatic\schema-resiliency\.work\none\build\reports\specmatic
Reports available at: D:\aI money mentor\aI-money-mentor\reports\none


    Directory: D:\aI money mentor\aI-money-mentor\reports\none


Mode                 LastWriteTime         Length Name                                      
----                 -------------         ------ ----                                      
d-----         6/18/2026  12:30 PM                html                                      
d-----         6/19/2026  12:44 PM                test                                      
-a----         6/18/2026  12:30 PM         337093 specmatic_report.html                     


    Directory: D:\aI money mentor\aI-money-mentor\reports\none\html


Mode                 LastWriteTime         Length Name                                      
----                 -------------         ------ ----                                      
-a----         6/18/2026  12:30 PM         337093 index.html                                


    Directory: D:\aI money mentor\aI-money-mentor\reports\none\test


Mode                 LastWriteTime         Length Name                                      
----                 -------------         ------ ----                                      
d-----         6/19/2026  12:44 PM                html                                      


    Directory: D:\aI money mentor\aI-money-mentor\reports\none\test\html


Mode                 LastWriteTime         Length Name                                      
----                 -------------         ------ ----                                      
-a----         6/19/2026   4:53 PM         636086 index.html                                
